Component: Arm Compiler for Embedded 6.24 Tool: armlink [5f371500]

==============================================================================

Section Cross References

    startup_hc32f460.o(RESET) refers to startup_hc32f460.o(STACK) for __initial_sp
    startup_hc32f460.o(RESET) refers to startup_hc32f460.o(.text) for Reset_Handler
    startup_hc32f460.o(RESET) refers to hc32_ll_interrupts.o(.text.IRQ000_Handler) for IRQ000_Handler
    startup_hc32f460.o(RESET) refers to hc32_ll_interrupts.o(.text.IRQ001_Handler) for IRQ001_Handler
    startup_hc32f460.o(RESET) refers to hc32_ll_interrupts.o(.text.IRQ002_Handler) for IRQ002_Handler
    startup_hc32f460.o(RESET) refers to hc32_ll_interrupts.o(.text.IRQ003_Handler) for IRQ003_Handler
    startup_hc32f460.o(RESET) refers to hc32_ll_interrupts.o(.text.IRQ004_Handler) for IRQ004_Handler
    startup_hc32f460.o(RESET) refers to hc32_ll_interrupts.o(.text.IRQ005_Handler) for IRQ005_Handler
    startup_hc32f460.o(RESET) refers to hc32_ll_interrupts.o(.text.IRQ006_Handler) for IRQ006_Handler
    startup_hc32f460.o(RESET) refers to hc32_ll_interrupts.o(.text.IRQ007_Handler) for IRQ007_Handler
    startup_hc32f460.o(RESET) refers to hc32_ll_interrupts.o(.text.IRQ008_Handler) for IRQ008_Handler
    startup_hc32f460.o(RESET) refers to hc32_ll_interrupts.o(.text.IRQ009_Handler) for IRQ009_Handler
    startup_hc32f460.o(RESET) refers to hc32_ll_interrupts.o(.text.IRQ010_Handler) for IRQ010_Handler
    startup_hc32f460.o(RESET) refers to hc32_ll_interrupts.o(.text.IRQ011_Handler) for IRQ011_Handler
    startup_hc32f460.o(RESET) refers to hc32_ll_interrupts.o(.text.IRQ012_Handler) for IRQ012_Handler
    startup_hc32f460.o(RESET) refers to hc32_ll_interrupts.o(.text.IRQ013_Handler) for IRQ013_Handler
    startup_hc32f460.o(RESET) refers to hc32_ll_interrupts.o(.text.IRQ014_Handler) for IRQ014_Handler
    startup_hc32f460.o(RESET) refers to hc32_ll_interrupts.o(.text.IRQ015_Handler) for IRQ015_Handler
    startup_hc32f460.o(RESET) refers to hc32_ll_interrupts.o(.text.IRQ016_Handler) for IRQ016_Handler
    startup_hc32f460.o(RESET) refers to hc32_ll_interrupts.o(.text.IRQ017_Handler) for IRQ017_Handler
    startup_hc32f460.o(RESET) refers to hc32_ll_interrupts.o(.text.IRQ018_Handler) for IRQ018_Handler
    startup_hc32f460.o(RESET) refers to hc32_ll_interrupts.o(.text.IRQ019_Handler) for IRQ019_Handler
    startup_hc32f460.o(RESET) refers to hc32_ll_interrupts.o(.text.IRQ020_Handler) for IRQ020_Handler
    startup_hc32f460.o(RESET) refers to hc32_ll_interrupts.o(.text.IRQ021_Handler) for IRQ021_Handler
    startup_hc32f460.o(RESET) refers to hc32_ll_interrupts.o(.text.IRQ022_Handler) for IRQ022_Handler
    startup_hc32f460.o(RESET) refers to hc32_ll_interrupts.o(.text.IRQ023_Handler) for IRQ023_Handler
    startup_hc32f460.o(RESET) refers to hc32_ll_interrupts.o(.text.IRQ024_Handler) for IRQ024_Handler
    startup_hc32f460.o(RESET) refers to hc32_ll_interrupts.o(.text.IRQ025_Handler) for IRQ025_Handler
    startup_hc32f460.o(RESET) refers to hc32_ll_interrupts.o(.text.IRQ026_Handler) for IRQ026_Handler
    startup_hc32f460.o(RESET) refers to hc32_ll_interrupts.o(.text.IRQ027_Handler) for IRQ027_Handler
    startup_hc32f460.o(RESET) refers to hc32_ll_interrupts.o(.text.IRQ028_Handler) for IRQ028_Handler
    startup_hc32f460.o(RESET) refers to hc32_ll_interrupts.o(.text.IRQ029_Handler) for IRQ029_Handler
    startup_hc32f460.o(RESET) refers to hc32_ll_interrupts.o(.text.IRQ030_Handler) for IRQ030_Handler
    startup_hc32f460.o(RESET) refers to hc32_ll_interrupts.o(.text.IRQ031_Handler) for IRQ031_Handler
    startup_hc32f460.o(RESET) refers to hc32_ll_interrupts.o(.text.IRQ032_Handler) for IRQ032_Handler
    startup_hc32f460.o(RESET) refers to hc32_ll_interrupts.o(.text.IRQ033_Handler) for IRQ033_Handler
    startup_hc32f460.o(RESET) refers to hc32_ll_interrupts.o(.text.IRQ034_Handler) for IRQ034_Handler
    startup_hc32f460.o(RESET) refers to hc32_ll_interrupts.o(.text.IRQ035_Handler) for IRQ035_Handler
    startup_hc32f460.o(RESET) refers to hc32_ll_interrupts.o(.text.IRQ036_Handler) for IRQ036_Handler
    startup_hc32f460.o(RESET) refers to hc32_ll_interrupts.o(.text.IRQ037_Handler) for IRQ037_Handler
    startup_hc32f460.o(RESET) refers to hc32_ll_interrupts.o(.text.IRQ038_Handler) for IRQ038_Handler
    startup_hc32f460.o(RESET) refers to hc32_ll_interrupts.o(.text.IRQ039_Handler) for IRQ039_Handler
    startup_hc32f460.o(RESET) refers to hc32_ll_interrupts.o(.text.IRQ040_Handler) for IRQ040_Handler
    startup_hc32f460.o(RESET) refers to hc32_ll_interrupts.o(.text.IRQ041_Handler) for IRQ041_Handler
    startup_hc32f460.o(RESET) refers to hc32_ll_interrupts.o(.text.IRQ042_Handler) for IRQ042_Handler
    startup_hc32f460.o(RESET) refers to hc32_ll_interrupts.o(.text.IRQ043_Handler) for IRQ043_Handler
    startup_hc32f460.o(RESET) refers to hc32_ll_interrupts.o(.text.IRQ044_Handler) for IRQ044_Handler
[...]
    INTC_IrqInstalHandler                    0x0000222d   Thumb Code    58  main.o(.text.INTC_IrqInstalHandler)
    [Anonymous Symbol]                       0x0000222c   Section        0  main.o(.text.INTC_IrqInstalHandler)
    [Anonymous Symbol]                       0x00002268   Section        0  hc32_ll_interrupts.o(.text.INTC_IrqSignIn)
    [Anonymous Symbol]                       0x0000236c   Section        0  hc32_ll_interrupts.o(.text.IRQ000_Handler)
    [Anonymous Symbol]                       0x00002380   Section        0  hc32_ll_interrupts.o(.text.IRQ001_Handler)
    [Anonymous Symbol]                       0x00002394   Section        0  hc32_ll_interrupts.o(.text.IRQ002_Handler)
    [Anonymous Symbol]                       0x000023a8   Section        0  hc32_ll_interrupts.o(.text.IRQ003_Handler)
    [Anonymous Symbol]                       0x000023bc   Section        0  hc32_ll_interrupts.o(.text.IRQ004_Handler)
    [Anonymous Symbol]                       0x000023d0   Section        0  hc32_ll_interrupts.o(.text.IRQ005_Handler)
    [Anonymous Symbol]                       0x000023e4   Section        0  hc32_ll_interrupts.o(.text.IRQ006_Handler)
    [Anonymous Symbol]                       0x000023f8   Section        0  hc32_ll_interrupts.o(.text.IRQ007_Handler)
    [Anonymous Symbol]                       0x0000240c   Section        0  hc32_ll_interrupts.o(.text.IRQ008_Handler)
    [Anonymous Symbol]                       0x00002420   Section        0  hc32_ll_interrupts.o(.text.IRQ009_Handler)
    [Anonymous Symbol]                       0x00002434   Section        0  hc32_ll_interrupts.o(.text.IRQ010_Handler)
    [Anonymous Symbol]                       0x00002448   Section        0  hc32_ll_interrupts.o(.text.IRQ011_Handler)
    [Anonymous Symbol]                       0x0000245c   Section        0  hc32_ll_interrupts.o(.text.IRQ012_Handler)
    [Anonymous Symbol]                       0x00002470   Section        0  hc32_ll_interrupts.o(.text.IRQ013_Handler)
    [Anonymous Symbol]                       0x00002484   Section        0  hc32_ll_interrupts.o(.text.IRQ014_Handler)
    [Anonymous Symbol]                       0x00002498   Section        0  hc32_ll_interrupts.o(.text.IRQ015_Handler)
    [Anonymous Symbol]                       0x000024ac   Section        0  hc32_ll_interrupts.o(.text.IRQ016_Handler)
    [Anonymous Symbol]                       0x000024c0   Section        0  hc32_ll_interrupts.o(.text.IRQ017_Handler)
    [Anonymous Symbol]                       0x000024d4   Section        0  hc32_ll_interrupts.o(.text.IRQ018_Handler)
    [Anonymous Symbol]                       0x000024e8   Section        0  hc32_ll_interrupts.o(.text.IRQ019_Handler)
    [Anonymous Symbol]                       0x000024fc   Section        0  hc32_ll_interrupts.o(.text.IRQ020_Handler)
    [Anonymous Symbol]                       0x00002510   Section        0  hc32_ll_interrupts.o(.text.IRQ021_Handler)
    [Anonymous Symbol]                       0x00002524   Section        0  hc32_ll_interrupts.o(.text.IRQ022_Handler)
    [Anonymous Symbol]                       0x00002538   Section        0  hc32_ll_interrupts.o(.text.IRQ023_Handler)
    [Anonymous Symbol]                       0x0000254c   Section        0  hc32_ll_interrupts.o(.text.IRQ024_Handler)
    [Anonymous Symbol]                       0x00002560   Section        0  hc32_ll_interrupts.o(.text.IRQ025_Handler)
    [Anonymous Symbol]                       0x00002574   Section        0  hc32_ll_interrupts.o(.text.IRQ026_Handler)
    [Anonymous Symbol]                       0x00002588   Section        0  hc32_ll_interrupts.o(.text.IRQ027_Handler)
    [Anonymous Symbol]                       0x0000259c   Section        0  hc32_ll_interrupts.o(.text.IRQ028_Handler)
    [Anonymous Symbol]                       0x000025b0   Section        0  hc32_ll_interrupts.o(.text.IRQ029_Handler)
    [Anonymous Symbol]                       0x000025c4   Section        0  hc32_ll_interrupts.o(.text.IRQ030_Handler)
    [Anonymous Symbol]                       0x000025d8   Section        0  hc32_ll_interrupts.o(.text.IRQ031_Handler)
    [Anonymous Symbol]                       0x000025ec   Section        0  hc32_ll_interrupts.o(.text.IRQ032_Handler)
    [Anonymous Symbol]                       0x00002604   Section        0  hc32_ll_interrupts.o(.text.IRQ033_Handler)
    [Anonymous Symbol]                       0x0000261c   Section        0  hc32_ll_interrupts.o(.text.IRQ034_Handler)
    [Anonymous Symbol]                       0x00002634   Section        0  hc32_ll_interrupts.o(.text.IRQ035_Handler)
    [Anonymous Symbol]                       0x0000264c   Section        0  hc32_ll_interrupts.o(.text.IRQ036_Handler)
    [Anonymous Symbol]                       0x00002664   Section        0  hc32_ll_interrupts.o(.text.IRQ037_Handler)
    [Anonymous Symbol]                       0x0000267c   Section        0  hc32_ll_interrupts.o(.text.IRQ038_Handler)
    [Anonymous Symbol]                       0x00002694   Section        0  hc32_ll_interrupts.o(.text.IRQ039_Handler)
    [Anonymous Symbol]                       0x000026ac   Section        0  hc32_ll_interrupts.o(.text.IRQ040_Handler)
    [Anonymous Symbol]                       0x000026c4   Section        0  hc32_ll_interrupts.o(.text.IRQ041_Handler)
    [Anonymous Symbol]                       0x000026dc   Section        0  hc32_ll_interrupts.o(.text.IRQ042_Handler)
    [Anonymous Symbol]                       0x000026f4   Section        0  hc32_ll_interrupts.o(.text.IRQ043_Handler)
    [Anonymous Symbol]                       0x0000270c   Section        0  hc32_ll_interrupts.o(.text.IRQ044_Handler)
    [Anonymous Symbol]                       0x00002724   Section        0  hc32_ll_interrupts.o(.text.IRQ045_Handler)
    [Anonymous Symbol]                       0x0000273c   Section        0  hc32_ll_interrupts.o(.text.IRQ046_Handler)
    [Anonymous Symbol]                       0x00002754   Section        0  hc32_ll_interrupts.o(.text.IRQ047_Handler)
    [Anonymous Symbol]                       0x0000276c   Section        0  hc32_ll_interrupts.o(.text.IRQ048_Handler)
    [Anonymous Symbol]                       0x00002784   Section        0  hc32_ll_interrupts.o(.text.IRQ049_Handler)
    [Anonymous Symbol]                       0x0000279c   Section        0  hc32_ll_interrupts.o(.text.IRQ050_Handler)
    [Anonymous Symbol]                       0x000027b4   Section        0  hc32_ll_interrupts.o(.text.IRQ051_Handler)
    [Anonymous Symbol]                       0x000027cc   Section        0  hc32_ll_interrupts.o(.text.IRQ052_Handler)
    [Anonymous Symbol]                       0x000027e4   Section        0  hc32_ll_interrupts.o(.text.IRQ053_Handler)
    [Anonymous Symbol]                       0x000027fc   Section        0  hc32_ll_interrupts.o(.text.IRQ054_Handler)
    [Anonymous Symbol]                       0x00002814   Section        0  hc32_ll_interrupts.o(.text.IRQ055_Handler)
    [Anonymous Symbol]                       0x0000282c   Section        0  hc32_ll_interrupts.o(.text.IRQ056_Handler)
    [Anonymous Symbol]                       0x00002844   Section        0  hc32_ll_interrupts.o(.text.IRQ057_Handler)
    [Anonymous Symbol]                       0x0000285c   Section        0  hc32_ll_interrupts.o(.text.IRQ058_Handler)
    [Anonymous Symbol]                       0x00002874   Section        0  hc32_ll_interrupts.o(.text.IRQ059_Handler)
    [Anonymous Symbol]                       0x0000288c   Section        0  hc32_ll_interrupts.o(.text.IRQ060_Handler)
    [Anonymous Symbol]                       0x000028a4   Section        0  hc32_ll_interrupts.o(.text.IRQ061_Handler)
    [Anonymous Symbol]                       0x000028bc   Section        0  hc32_ll_interrupts.o(.text.IRQ062_Handler)
    [Anonymous Symbol]                       0x000028d4   Section        0  hc32_ll_interrupts.o(.text.IRQ063_Handler)
    [Anonymous Symbol]                       0x000028ec   Section        0  hc32_ll_interrupts.o(.text.IRQ064_Handler)
    [Anonymous Symbol]                       0x00002904   Section        0  hc32_ll_interrupts.o(.text.IRQ065_Handler)
    [Anonymous Symbol]                       0x0000291c   Section        0  hc32_ll_interrupts.o(.text.IRQ066_Handler)
    [Anonymous Symbol]                       0x00002934   Section        0  hc32_ll_interrupts.o(.text.IRQ067_Handler)
    [Anonymous Symbol]                       0x0000294c   Section        0  hc32_ll_interrupts.o(.text.IRQ068_Handler)
    [Anonymous Symbol]                       0x00002964   Section        0  hc32_ll_interrupts.o(.text.IRQ069_Handler)
    [Anonymous Symbol]                       0x0000297c   Section        0  hc32_ll_interrupts.o(.text.IRQ070_Handler)
    [Anonymous Symbol]                       0x00002994   Section        0  hc32_ll_interrupts.o(.text.IRQ071_Handler)
    [Anonymous Symbol]                       0x000029ac   Section        0  hc32_ll_interrupts.o(.text.IRQ072_Handler)
    [Anonymous Symbol]                       0x000029c4   Section        0  hc32_ll_interrupts.o(.text.IRQ073_Handler)
    [Anonymous Symbol]                       0x000029dc   Section        0  hc32_ll_interrupts.o(.text.IRQ074_Handler)
    [Anonymous Symbol]                       0x000029f4   Section        0  hc32_ll_interrupts.o(.text.IRQ075_Handler)
    [Anonymous Symbol]                       0x00002a0c   Section        0  hc32_ll_interrupts.o(.text.IRQ076_Handler)
    [Anonymous Symbol]                       0x00002a24   Section        0  hc32_ll_interrupts.o(.text.IRQ077_Handler)
    [Anonymous Symbol]                       0x00002a3c   Section        0  hc32_ll_interrupts.o(.text.IRQ078_Handler)
    [Anonymous Symbol]                       0x00002a54   Section        0  hc32_ll_interrupts.o(.text.IRQ079_Handler)
    [Anonymous Symbol]                       0x00002a6c   Section        0  hc32_ll_interrupts.o(.text.IRQ080_Handler)
    [Anonymous Symbol]                       0x00002a84   Section        0  hc32_ll_interrupts.o(.text.IRQ081_Handler)
    [Anonymous Symbol]                       0x00002a9c   Section        0  hc32_ll_interrupts.o(.text.IRQ082_Handler)
    [Anonymous Symbol]                       0x00002ab4   Section        0  hc32_ll_interrupts.o(.text.IRQ083_Handler)
    [Anonymous Symbol]                       0x00002acc   Section        0  hc32_ll_interrupts.o(.text.IRQ084_Handler)
    [Anonymous Symbol]                       0x00002ae4   Section        0  hc32_ll_interrupts.o(.text.IRQ085_Handler)
    [Anonymous Symbol]                       0x00002afc   Section        0  hc32_ll_interrupts.o(.text.IRQ086_Handler)
    [Anonymous Symbol]                       0x00002b14   Section        0  hc32_ll_interrupts.o(.text.IRQ087_Handler)
    [Anonymous Symbol]                       0x00002b2c   Section        0  hc32_ll_interrupts.o(.text.IRQ088_Handler)
    [Anonymous Symbol]                       0x00002b44   Section        0  hc32_ll_interrupts.o(.text.IRQ089_Handler)
    [Anonymous Symbol]                       0x00002b5c   Section        0  hc32_ll_interrupts.o(.text.IRQ090_Handler)
    [Anonymous Symbol]                       0x00002b74   Section        0  hc32_ll_interrupts.o(.text.IRQ091_Handler)
    [Anonymous Symbol]                       0x00002b8c   Section        0  hc32_ll_interrupts.o(.text.IRQ092_Handler)
    [Anonymous Symbol]                       0x00002ba4   Section        0  hc32_ll_interrupts.o(.text.IRQ093_Handler)
    [Anonymous Symbol]                       0x00002bbc   Section        0  hc32_ll_interrupts.o(.text.IRQ094_Handler)
    [Anonymous Symbol]                       0x00002bd4   Section        0  hc32_ll_interrupts.o(.text.IRQ095_Handler)
    [Anonymous Symbol]                       0x00002bec   Section        0  hc32_ll_interrupts.o(.text.IRQ096_Handler)
    [Anonymous Symbol]                       0x00002c04   Section        0  hc32_ll_interrupts.o(.text.IRQ097_Handler)
    [Anonymous Symbol]                       0x00002c1c   Section        0  hc32_ll_interrupts.o(.text.IRQ098_Handler)
    [Anonymous Symbol]                       0x00002c34   Section        0  hc32_ll_interrupts.o(.text.IRQ099_Handler)
    [Anonymous Symbol]                       0x00002c4c   Section        0  hc32_ll_interrupts.o(.text.IRQ100_Handler)
    [Anonymous Symbol]                       0x00002c64   Section        0  hc32_ll_interrupts.o(.text.IRQ101_Handler)
    [Anonymous Symbol]                       0x00002c7c   Section        0  hc32_ll_interrupts.o(.text.IRQ102_Handler)
    [Anonymous Symbol]                       0x00002c94   Section        0  hc32_ll_interrupts.o(.text.IRQ103_Handler)
    [Anonymous Symbol]                       0x00002cac   Section        0  hc32_ll_interrupts.o(.text.IRQ104_Handler)
    [Anonymous Symbol]                       0x00002cc4   Section        0  hc32_ll_interrupts.o(.text.IRQ105_Handler)
    [Anonymous Symbol]                       0x00002cdc   Section        0  hc32_ll_interrupts.o(.text.IRQ106_Handler)
    [Anonymous Symbol]                       0x00002cf4   Section        0  hc32_ll_interrupts.o(.text.IRQ107_Handler)
    [Anonymous Symbol]                       0x00002d0c   Section        0  hc32_ll_interrupts.o(.text.IRQ108_Handler)
    [Anonymous Symbol]                       0x00002d24   Section        0  hc32_ll_interrupts.o(.text.IRQ109_Handler)
    [Anonymous Symbol]                       0x00002d3c   Section        0  hc32_ll_interrupts.o(.text.IRQ110_Handler)
    [Anonymous Symbol]                       0x00002d54   Section        0  hc32_ll_interrupts.o(.text.IRQ111_Handler)
    [Anonymous Symbol]                       0x00002d6c   Section        0  hc32_ll_interrupts.o(.text.IRQ112_Handler)
    [Anonymous Symbol]                       0x00002d84   Section        0  hc32_ll_interrupts.o(.text.IRQ113_Handler)
    [Anonymous Symbol]                       0x00002d9c   Section        0  hc32_ll_interrupts.o(.text.IRQ114_Handler)
    [Anonymous Symbol]                       0x00002db4   Section        0  hc32_ll_interrupts.o(.text.IRQ115_Handler)
    [Anonymous Symbol]                       0x00002dcc   Section        0  hc32_ll_interrupts.o(.text.IRQ116_Handler)
    [Anonymous Symbol]                       0x00002de4   Section        0  hc32_ll_interrupts.o(.text.IRQ117_Handler)
    [Anonymous Symbol]                       0x00002dfc   Section        0  hc32_ll_interrupts.o(.text.IRQ118_Handler)
    [Anonymous Symbol]                       0x00002e14   Section        0  hc32_ll_interrupts.o(.text.IRQ119_Handler)
    [Anonymous Symbol]                       0x00002e2c   Section        0  hc32_ll_interrupts.o(.text.IRQ120_Handler)
    [Anonymous Symbol]                       0x00002e44   Section        0  hc32_ll_interrupts.o(.text.IRQ121_Handler)
    [Anonymous Symbol]                       0x00002e5c   Section        0  hc32_ll_interrupts.o(.text.IRQ122_Handler)
    [Anonymous Symbol]                       0x00002e74   Section        0  hc32_ll_interrupts.o(.text.IRQ123_Handler)
    [Anonymous Symbol]                       0x00002e8c   Section        0  hc32_ll_interrupts.o(.text.IRQ124_Handler)
    [Anonymous Symbol]                       0x00002ea4   Section        0  hc32_ll_interrupts.o(.text.IRQ125_Handler)
    [Anonymous Symbol]                       0x00002ebc   Section        0  hc32_ll_interrupts.o(.text.IRQ126_Handler)
    [Anonymous Symbol]                       0x00002ed4   Section        0  hc32_ll_interrupts.o(.text.IRQ127_Handler)
    [Anonymous Symbol]                       0x00002eec   Section        0  hc32_ll.o(.text.LL_PERIPH_WE)
    [Anonymous Symbol]                       0x00002f68   Section        0  hc32_ll.o(.text.LL_PERIPH_WP)
    PWC_FCG0_REG_Lock                        0x00002fe5   Thumb Code    18  hc32_ll.o(.text.PWC_FCG0_REG_Lock)
    [Anonymous Symbol]                       0x00002fe4   Section        0  hc32_ll.o(.text.PWC_FCG0_REG_Lock)
    PWC_FCG0_REG_Unlock                      0x00002ff9   Thumb Code    18  hc32_ll.o(.text.PWC_FCG0_REG_Unlock)
    [Anonymous Symbol]                       0x00002ff8   Section        0  hc32_ll.o(.text.PWC_FCG0_REG_Unlock)
    [Anonymous Symbol]                       0x0000300c   Section        0  hc32_ll_pwc.o(.text.PWC_HighSpeedToHighPerformance)
    PWC_REG_Lock                             0x00003061   Thumb Code    32  hc32_ll.o(.text.PWC_REG_Lock)
    [Anonymous Symbol]                       0x00003060   Section        0  hc32_ll.o(.text.PWC_REG_Lock)
    PWC_REG_Unlock                           0x00003081   Thumb Code    28  hc32_ll.o(.text.PWC_REG_Unlock)
    [Anonymous Symbol]                       0x00003080   Section        0  hc32_ll.o(.text.PWC_REG_Unlock)
    SRAM_REG_Lock                            0x0000309d   Thumb Code    24  hc32_ll.o(.text.SRAM_REG_Lock)
    [Anonymous Symbol]                       0x0000309c   Section        0  hc32_ll.o(.text.SRAM_REG_Lock)
    SRAM_REG_Unlock                          0x000030b5   Thumb Code    24  hc32_ll.o(.text.SRAM_REG_Unlock)
    [Anonymous Symbol]                       0x000030b4   Section        0  hc32_ll.o(.text.SRAM_REG_Unlock)
    [Anonymous Symbol]                       0x000030cc   Section        0  hc32_ll_sram.o(.text.SRAM_SetWaitCycle)
    SetSysClockDiv                           0x000031dd   Thumb Code  1174  hc32_ll_clk.o(.text.SetSysClockDiv)
    [Anonymous Symbol]                       0x000031dc   Section        0  hc32_ll_clk.o(.text.SetSysClockDiv)
    SetSysClockSrc                           0x00003675   Thumb Code   410  hc32_ll_clk.o(.text.SetSysClockSrc)
    [Anonymous Symbol]                       0x00003674   Section        0  hc32_ll_clk.o(.text.SetSysClockSrc)
    SmartCard_CalculateBrr                   0x00003811   Thumb Code   718  hc32_ll_usart.o(.text.SmartCard_CalculateBrr)
    [Anonymous Symbol]                       0x00003810   Section        0  hc32_ll_usart.o(.text.SmartCard_CalculateBrr)
    [Anonymous Symbol]                       0x00003ae0   Section        0  system_hc32f460.o(.text.SystemCoreClockUpdate)
    [Anonymous Symbol]                       0x00003c10   Section        0  system_hc32f460.o(.text.SystemInit)
    UART_CalculateBrr                        0x00003c25   Thumb Code   680  hc32_ll_usart.o(.text.UART_CalculateBrr)
    [Anonymous Symbol]                       0x00003c24   Section        0  hc32_ll_usart.o(.text.UART_CalculateBrr)
    [Anonymous Symbol]                       0x00003ecc   Section        0  hc32_ll_usart.o(.text.USART_ClearStatus)
    [Anonymous Symbol]                       0x00003f94   Section        0  hc32_ll_usart.o(.text.USART_FuncCmd)
    USART_GetBusClockFreq                    0x00004081   Thumb Code    38  hc32_ll_usart.o(.text.USART_GetBusClockFreq)
    [Anonymous Symbol]                       0x00004080   Section        0  hc32_ll_usart.o(.text.USART_GetBusClockFreq)
    USART_GetUsartClockFreq                  0x000040a9   Thumb Code   134  hc32_ll_usart.o(.text.USART_GetUsartClockFreq)
    [Anonymous Symbol]                       0x000040a8   Section        0  hc32_ll_usart.o(.text.USART_GetUsartClockFreq)
    [Anonymous Symbol]                       0x00004130   Section        0  hc32_ll_usart.o(.text.USART_ReadData)
    USART_RxError_IrqCallback                0x00004199   Thumb Code    30  main.o(.text.USART_RxError_IrqCallback)
    [Anonymous Symbol]                       0x00004198   Section        0  main.o(.text.USART_RxError_IrqCallback)
    USART_RxFull_IrqCallback                 0x000041b9   Thumb Code    60  main.o(.text.USART_RxFull_IrqCallback)
    [Anonymous Symbol]                       0x000041b8   Section        0  main.o(.text.USART_RxFull_IrqCallback)
    USART_SendStr                            0x000041f5   Thumb Code    74  main.o(.text.USART_SendStr)
    [Anonymous Symbol]                       0x000041f4   Section        0  main.o(.text.USART_SendStr)
    [Anonymous Symbol]                       0x00004240   Section        0  hc32_ll_usart.o(.text.USART_SetBaudrate)
    USART_TxComplete_IrqCallback             0x00004389   Thumb Code    32  main.o(.text.USART_TxComplete_IrqCallback)
    [Anonymous Symbol]                       0x00004388   Section        0  main.o(.text.USART_TxComplete_IrqCallback)
    USART_TxEmpty_IrqCallback                0x000043a9   Thumb Code    78  main.o(.text.USART_TxEmpty_IrqCallback)
    [Anonymous Symbol]                       0x000043a8   Section        0  main.o(.text.USART_TxEmpty_IrqCallback)
    [Anonymous Symbol]                       0x000043f8   Section        0  hc32_ll_usart.o(.text.USART_UART_Init)
    [Anonymous Symbol]                       0x000046a4   Section        0  hc32_ll_usart.o(.text.USART_UART_StructInit)
    [Anonymous Symbol]                       0x000046fc   Section        0  hc32_ll_usart.o(.text.USART_WriteData)
    __NVIC_ClearPendingIRQ                   0x00004791   Thumb Code    48  main.o(.text.__NVIC_ClearPendingIRQ)
    [Anonymous Symbol]                       0x00004790   Section        0  main.o(.text.__NVIC_ClearPendingIRQ)
    __NVIC_EnableIRQ                         0x000047c1   Thumb Code    48  main.o(.text.__NVIC_EnableIRQ)
    [Anonymous Symbol]                       0x000047c0   Section        0  main.o(.text.__NVIC_EnableIRQ)
    __NVIC_SetPriority                       0x000047f1   Thumb Code    66  main.o(.text.__NVIC_SetPriority)
    [Anonymous Symbol]                       0x000047f0   Section        0  main.o(.text.__NVIC_SetPriority)
    [Anonymous Symbol]                       0x00004834   Section        0  main.o(.text.main)
    i.__scatterload_copy                     0x000049ae   Section       14  handlers.o(i.__scatterload_copy)
    i.__scatterload_zeroinit                 0x000049bc   Section       14  handlers.o(i.__scatterload_zeroinit)
    BSP_LED_PORT_PIN                         0x000049ca   Data          16  ev_hc32f460_lqfp100_v2.o(.rodata.BSP_LED_PORT_PIN)
    [Anonymous Symbol]                       0x000049ca   Section        0  ev_hc32f460_lqfp100_v2.o(.rodata.BSP_LED_PORT_PIN)
    .L.str                                   0x000049da   Data           6  main.o(.rodata.str1.1)
    [Anonymous Symbol]                       0x000049da   Section        0  main.o(.rodata.str1.1)
    .L.str                                   0x000049e0   Data          44  hc32_ll_clk.o(.rodata.str1.1)
    [Anonymous Symbol]                       0x000049e0   Section        0  hc32_ll_clk.o(.rodata.str1.1)
    .L.str                                   0x00004a0c   Data          44  hc32_ll_efm.o(.rodata.str1.1)
    [Anonymous Symbol]                       0x00004a0c   Section        0  hc32_ll_efm.o(.rodata.str1.1)
    .L.str                                   0x00004a38   Data          44  hc32_ll_fcg.o(.rodata.str1.1)
    [Anonymous Symbol]                       0x00004a38   Section        0  hc32_ll_fcg.o(.rodata.str1.1)
    .L.str                                   0x00004a64   Data          45  hc32_ll_gpio.o(.rodata.str1.1)
    [Anonymous Symbol]                       0x00004a64   Section        0  hc32_ll_gpio.o(.rodata.str1.1)
    .L.str                                   0x00004a91   Data          51  hc32_ll_interrupts.o(.rodata.str1.1)
    [Anonymous Symbol]                       0x00004a91   Section        0  hc32_ll_interrupts.o(.rodata.str1.1)
    .L.str                                   0x00004ac4   Data          44  hc32_ll_pwc.o(.rodata.str1.1)
    [Anonymous Symbol]                       0x00004ac4   Section        0  hc32_ll_pwc.o(.rodata.str1.1)
    .L.str                                   0x00004af0   Data          45  hc32_ll_sram.o(.rodata.str1.1)
    [Anonymous Symbol]                       0x00004af0   Section        0  hc32_ll_sram.o(.rodata.str1.1)
    .L.str                                   0x00004b1d   Data          46  hc32_ll_usart.o(.rodata.str1.1)
    [Anonymous Symbol]                       0x00004b1d   Section        0  hc32_ll_usart.o(.rodata.str1.1)
    m_enTxCompleteFlag                       0x1fff8008   Data           1  main.o(.data.m_enTxCompleteFlag)
    [Anonymous Symbol]                       0x1fff8008   Section        0  main.o(.data.m_enTxCompleteFlag)
    m_apfnIrqHandler                         0x1fff8010   Data         512  hc32_ll_interrupts.o(.bss.m_apfnIrqHandler)
    [Anonymous Symbol]                       0x1fff8010   Section        0  hc32_ll_interrupts.o(.bss.m_apfnIrqHandler)
    m_au8RxBuf                               0x1fff8210   Data         256  main.o(.bss.m_au8RxBuf)
    [Anonymous Symbol]                       0x1fff8210   Section        0  main.o(.bss.m_au8RxBuf)
    m_au8TxBuf                               0x1fff8310   Data         500  main.o(.bss.m_au8TxBuf)
    [Anonymous Symbol]                       0x1fff8310   Section        0  main.o(.bss.m_au8TxBuf)
    m_stcRxRingBuf                           0x1fff8504   Data          20  main.o(.bss.m_stcRxRingBuf)
    [Anonymous Symbol]                       0x1fff8504   Section        0  main.o(.bss.m_stcRxRingBuf)
    m_stcTxRingBuf                           0x1fff8518   Data          20  main.o(.bss.m_stcTxRingBuf)
    [Anonymous Symbol]                       0x1fff8518   Section        0  main.o(.bss.m_stcTxRingBuf)
    m_u32GlobalKey                           0x1fff852c   Data           4  ev_hc32f460_lqfp100_v2.o(.bss.m_u32GlobalKey)
    [Anonymous Symbol]                       0x1fff852c   Section        0  ev_hc32f460_lqfp100_v2.o(.bss.m_u32GlobalKey)
    STACK                                    0x1fff8530   Section     8192  startup_hc32f460.o(STACK)

    Global Symbols

    Symbol Name                              Value     Ov Type        Size  Object(Section)

    BuildAttributes$$THM_ISAv4$E$P$D$K$B$S$7EM$PE$A:L22UL41UL21$X:L11$S22US41US21$IEEE1$IW$~IW$USESV6$~STKCKD$USESV7$~SHL$OTIME$ROPI$EBA8$MICROLIB$REQ8$PRES8$EABIv2 0x00000000   Number         0  anon$$obj.o ABSOLUTE
    __Vectors                                0x00000000   Data           4  startup_hc32f460.o(RESET)
    __cpp_initialize__aeabi_                  - Undefined Weak Reference
    __cxa_finalize                            - Undefined Weak Reference
    __decompress                              - Undefined Weak Reference
    _clock_init                               - Undefined Weak Reference
    _microlib_exit                            - Undefined Weak Reference
    __Vectors_End                            0x00000280   Data           0  startup_hc32f460.o(RESET)
    __Vectors_Size                           0x00000280   Number         0  startup_hc32f460.o ABSOLUTE
    __main                                   0x00000281   Thumb Code     0  entry.o(.ARM.Collect$$$$00000000)
    _main_stk                                0x00000281   Thumb Code     0  entry2.o(.ARM.Collect$$$$00000001)
    _main_scatterload                        0x00000285   Thumb Code     0  entry5.o(.ARM.Collect$$$$00000004)
    __main_after_scatterload                 0x00000289   Thumb Code     0  entry5.o(.ARM.Collect$$$$00000004)
    _main_clock                              0x00000289   Thumb Code     0  entry7b.o(.ARM.Collect$$$$00000008)
    _main_cpp_init                           0x00000289   Thumb Code     0  entry8b.o(.ARM.Collect$$$$0000000A)
    _main_init                               0x00000289   Thumb Code     0  entry9a.o(.ARM.Collect$$$$0000000B)
    __rt_final_cpp                           0x00000291   Thumb Code     0  entry10a.o(.ARM.Collect$$$$0000000D)
    __rt_final_exit                          0x00000291   Thumb Code     0  entry11a.o(.ARM.Collect$$$$0000000F)
    Reset_Handler                            0x00000295   Thumb Code    56  startup_hc32f460.o(.text)
    NMI_Handler                              0x000002cd   Thumb Code     2  startup_hc32f460.o(.text)
    HardFault_Handler                        0x000002cf   Thumb Code     2  startup_hc32f460.o(.text)
    MemManage_Handler                        0x000002d1   Thumb Code     2  startup_hc32f460.o(.text)
    BusFault_Handler                         0x000002d3   Thumb Code     2  startup_hc32f460.o(.text)
    UsageFault_Handler                       0x000002d5   Thumb Code     2  startup_hc32f460.o(.text)
    SVC_Handler                              0x000002d7   Thumb Code     2  startup_hc32f460.o(.text)
    DebugMon_Handler                         0x000002d9   Thumb Code     2  startup_hc32f460.o(.text)
    PendSV_Handler                           0x000002db   Thumb Code     2  startup_hc32f460.o(.text)
    SysTick_Handler                          0x000002dd   Thumb Code     2  startup_hc32f460.o(.text)
    IRQ128_Handler                           0x000002df   Thumb Code     0  startup_hc32f460.o(.text)
    IRQ129_Handler                           0x000002df   Thumb Code     0  startup_hc32f460.o(.text)
    IRQ130_Handler                           0x000002df   Thumb Code     0  startup_hc32f460.o(.text)
    IRQ131_Handler                           0x000002df   Thumb Code     0  startup_hc32f460.o(.text)
    IRQ132_Handler                           0x000002df   Thumb Code     0  startup_hc32f460.o(.text)
    IRQ133_Handler                           0x000002df   Thumb Code     0  startup_hc32f460.o(.text)
    IRQ134_Handler                           0x000002df   Thumb Code     0  startup_hc32f460.o(.text)
    IRQ135_Handler                           0x000002df   Thumb Code     0  startup_hc32f460.o(.text)
    IRQ136_Handler                           0x000002df   Thumb Code     0  startup_hc32f460.o(.text)
    IRQ137_Handler                           0x000002df   Thumb Code     0  startup_hc32f460.o(.text)
    IRQ138_Handler                           0x000002df   Thumb Code     0  startup_hc32f460.o(.text)
    IRQ139_Handler                           0x000002df   Thumb Code     0  startup_hc32f460.o(.text)
    IRQ140_Handler                           0x000002df   Thumb Code     0  startup_hc32f460.o(.text)
    IRQ141_Handler                           0x000002df   Thumb Code     0  startup_hc32f460.o(.text)
    IRQ142_Handler                           0x000002df   Thumb Code     0  startup_hc32f460.o(.text)
    IRQ143_Handler                           0x000002df   Thumb Code     0  startup_hc32f460.o(.text)
    __aeabi_uldivmod                         0x000002f9   Thumb Code    98  uldiv.o(.text)
    __aeabi_memcpy                           0x0000035b   Thumb Code    36  memcpya.o(.text)
    __aeabi_memcpy4                          0x0000035b   Thumb Code     0  memcpya.o(.text)
    __aeabi_memcpy8                          0x0000035b   Thumb Code     0  memcpya.o(.text)
    __aeabi_ui2d                             0x0000037f   Thumb Code    26  dfltui.o(.text)
    __aeabi_ul2d                             0x00000399   Thumb Code    24  dfltul.o(.text)
    __aeabi_d2f                              0x000003b1   Thumb Code    56  d2f.o(.text)
    BUF_Empty                                0x000003e9   Thumb Code    22  ring_buf.o(.text.BUF_Empty)
    __I$use$fp                               0x000003e9   Thumb Code     0  iusefp.o(.text)
    __scatterload_null                       0x000003ff   Thumb Code     2  handlers.o(i.__scatterload_null)
    u32ICGValue                              0x00000400   Data          32  hc32_ll_icg.o(.ARM.__at_0x400)
    __aeabi_fadd                             0x00000421   Thumb Code   164  fadd.o(.text)
    __aeabi_fsub                             0x000004c5   Thumb Code     6  fadd.o(.text)
    __aeabi_frsub                            0x000004cb   Thumb Code     6  fadd.o(.text)
    __aeabi_ddiv                             0x000004d1   Thumb Code   222  ddiv.o(.text)
    __aeabi_llsl                             0x000005af   Thumb Code    30  llshl.o(.text)
    _ll_shift_l                              0x000005af   Thumb Code     0  llshl.o(.text)
    __aeabi_llsr                             0x000005cd   Thumb Code    32  llushr.o(.text)
    _ll_ushift_r                             0x000005cd   Thumb Code     0  llushr.o(.text)
    _float_round                             0x000005ed   Thumb Code    18  fepilogue.o(.text)
    _float_epilogue                          0x000005ff   Thumb Code    92  fepilogue.o(.text)
    _double_round                            0x0000065b   Thumb Code    30  depilogue.o(.text)
    _double_epilogue                         0x00000679   Thumb Code   156  depilogue.o(.text)
    __scatterload                            0x00000715   Thumb Code    38  init.o(.text)
    __scatterload_rt2                        0x00000715   Thumb Code     0  init.o(.text)
    BSP_CLK_Init                             0x00000745   Thumb Code   264  ev_hc32f460_lqfp100_v2.o(.text.BSP_CLK_Init)
    BSP_KEY_KEY10_IrqHandler                 0x0000084d   Thumb Code    42  ev_hc32f460_lqfp100_v2.o(.text.BSP_KEY_KEY10_IrqHandler)
    BSP_LED_Init                             0x00000879   Thumb Code    80  ev_hc32f460_lqfp100_v2.o(.text.BSP_LED_Init)
    BSP_LED_On                               0x000008c9   Thumb Code    88  ev_hc32f460_lqfp100_v2.o(.text.BSP_LED_On)
    BUF_FreeSize                             0x00000921   Thumb Code    12  ring_buf.o(.text.BUF_FreeSize)
    BUF_Full                                 0x0000092d   Thumb Code    18  ring_buf.o(.text.BUF_Full)
    BUF_Init                                 0x00000941   Thumb Code    70  ring_buf.o(.text.BUF_Init)
    BUF_Read                                 0x00000989   Thumb Code   210  ring_buf.o(.text.BUF_Read)
    BUF_UsedSize                             0x00000a5d   Thumb Code    16  ring_buf.o(.text.BUF_UsedSize)
    BUF_Write                                0x00000a6d   Thumb Code   210  ring_buf.o(.text.BUF_Write)
    CLK_GetStableStatus                      0x00000b41   Thumb Code    82  hc32_ll_clk.o(.text.CLK_GetStableStatus)
    CLK_PLLCmd                               0x00000b95   Thumb Code   236  hc32_ll_clk.o(.text.CLK_PLLCmd)
    CLK_PLLInit                              0x00000c81   Thumb Code   950  hc32_ll_clk.o(.text.CLK_PLLInit)
    CLK_PLLStructInit                        0x00001039   Thumb Code   114  hc32_ll_clk.o(.text.CLK_PLLStructInit)
    CLK_SetClockDiv                          0x000010ad   Thumb Code    24  hc32_ll_clk.o(.text.CLK_SetClockDiv)
    CLK_SetSysClockSrc                       0x000010c5   Thumb Code    24  hc32_ll_clk.o(.text.CLK_SetSysClockSrc)
    CLK_XtalCmd                              0x00001121   Thumb Code   240  hc32_ll_clk.o(.text.CLK_XtalCmd)
    CLK_XtalInit                             0x00001211   Thumb Code   434  hc32_ll_clk.o(.text.CLK_XtalInit)
    CLK_XtalStructInit                       0x000013c5   Thumb Code    58  hc32_ll_clk.o(.text.CLK_XtalStructInit)
    DDL_AssertHandler                        0x00001639   Thumb Code    10  hc32_ll_utility.o(.text.DDL_AssertHandler)
    DDL_DelayMS                              0x00001645   Thumb Code    88  hc32_ll_utility.o(.text.DDL_DelayMS)
    DDL_DelayUS                              0x0000169d   Thumb Code    92  hc32_ll_utility.o(.text.DDL_DelayUS)
    EFM_CacheCmd                             0x000016f9   Thumb Code   108  hc32_ll_efm.o(.text.EFM_CacheCmd)
    EFM_CacheRamReset                        0x00001765   Thumb Code   108  hc32_ll_efm.o(.text.EFM_CacheRamReset)
    EFM_SetWaitCycle                         0x000017f9   Thumb Code   202  hc32_ll_efm.o(.text.EFM_SetWaitCycle)
    EXTINT_ClearExtIntStatus                 0x000018c5   Thumb Code    66  hc32_ll_interrupts.o(.text.EXTINT_ClearExtIntStatus)
    FCG_Fcg1PeriphClockCmd                   0x00001909   Thumb Code   146  hc32_ll_fcg.o(.text.FCG_Fcg1PeriphClockCmd)
    GPIO_AnalogCmd                           0x0000199d   Thumb Code   306  hc32_ll_gpio.o(.text.GPIO_AnalogCmd)
    GPIO_Init                                0x00001ad1   Thumb Code   782  hc32_ll_gpio.o(.text.GPIO_Init)
    GPIO_ReadInputPins                       0x00001e01   Thumb Code   168  hc32_ll_gpio.o(.text.GPIO_ReadInputPins)
    GPIO_SetFunc                             0x00001ea9   Thumb Code   342  hc32_ll_gpio.o(.text.GPIO_SetFunc)
    GPIO_SetPins                             0x00002001   Thumb Code   168  hc32_ll_gpio.o(.text.GPIO_SetPins)
    GPIO_SetReadWaitCycle                    0x000020a9   Thumb Code   146  hc32_ll_gpio.o(.text.GPIO_SetReadWaitCycle)
    GPIO_StructInit                          0x0000213d   Thumb Code    70  hc32_ll_gpio.o(.text.GPIO_StructInit)
    GPIO_TogglePins                          0x00002185   Thumb Code   168  hc32_ll_gpio.o(.text.GPIO_TogglePins)
    INTC_IrqSignIn                           0x00002269   Thumb Code   258  hc32_ll_interrupts.o(.text.INTC_IrqSignIn)
    IRQ000_Handler                           0x0000236d   Thumb Code    20  hc32_ll_interrupts.o(.text.IRQ000_Handler)
    IRQ001_Handler                           0x00002381   Thumb Code    20  hc32_ll_interrupts.o(.text.IRQ001_Handler)
    IRQ002_Handler                           0x00002395   Thumb Code    20  hc32_ll_interrupts.o(.text.IRQ002_Handler)
    IRQ003_Handler                           0x000023a9   Thumb Code    20  hc32_ll_interrupts.o(.text.IRQ003_Handler)
    IRQ004_Handler                           0x000023bd   Thumb Code    20  hc32_ll_interrupts.o(.text.IRQ004_Handler)
    IRQ005_Handler                           0x000023d1   Thumb Code    20  hc32_ll_interrupts.o(.text.IRQ005_Handler)
    IRQ006_Handler                           0x000023e5   Thumb Code    20  hc32_ll_interrupts.o(.text.IRQ006_Handler)
    IRQ007_Handler                           0x000023f9   Thumb Code    20  hc32_ll_interrupts.o(.text.IRQ007_Handler)
    IRQ008_Handler                           0x0000240d   Thumb Code    20  hc32_ll_interrupts.o(.text.IRQ008_Handler)
    IRQ009_Handler                           0x00002421   Thumb Code    20  hc32_ll_interrupts.o(.text.IRQ009_Handler)
    IRQ010_Handler                           0x00002435   Thumb Code    20  hc32_ll_interrupts.o(.text.IRQ010_Handler)
    IRQ011_Handler                           0x00002449   Thumb Code    20  hc32_ll_interrupts.o(.text.IRQ011_Handler)
    IRQ012_Handler                           0x0000245d   Thumb Code    20  hc32_ll_interrupts.o(.text.IRQ012_Handler)
    IRQ013_Handler                           0x00002471   Thumb Code    20  hc32_ll_interrupts.o(.text.IRQ013_Handler)
    IRQ014_Handler                           0x00002485   Thumb Code    20  hc32_ll_interrupts.o(.text.IRQ014_Handler)
    IRQ015_Handler                           0x00002499   Thumb Code    20  hc32_ll_interrupts.o(.text.IRQ015_Handler)
    IRQ016_Handler                           0x000024ad   Thumb Code    20  hc32_ll_interrupts.o(.text.IRQ016_Handler)
    IRQ017_Handler                           0x000024c1   Thumb Code    20  hc32_ll_interrupts.o(.text.IRQ017_Handler)
    IRQ018_Handler                           0x000024d5   Thumb Code    20  hc32_ll_interrupts.o(.text.IRQ018_Handler)
    IRQ019_Handler                           0x000024e9   Thumb Code    20  hc32_ll_interrupts.o(.text.IRQ019_Handler)
    IRQ020_Handler                           0x000024fd   Thumb Code    20  hc32_ll_interrupts.o(.text.IRQ020_Handler)
    IRQ021_Handler                           0x00002511   Thumb Code    20  hc32_ll_interrupts.o(.text.IRQ021_Handler)
    IRQ022_Handler                           0x00002525   Thumb Code    20  hc32_ll_interrupts.o(.text.IRQ022_Handler)
    IRQ023_Handler                           0x00002539   Thumb Code    20  hc32_ll_interrupts.o(.text.IRQ023_Handler)
    IRQ024_Handler                           0x0000254d   Thumb Code    20  hc32_ll_interrupts.o(.text.IRQ024_Handler)
    IRQ025_Handler                           0x00002561   Thumb Code    20  hc32_ll_interrupts.o(.text.IRQ025_Handler)
    IRQ026_Handler                           0x00002575   Thumb Code    20  hc32_ll_interrupts.o(.text.IRQ026_Handler)
    IRQ027_Handler                           0x00002589   Thumb Code    20  hc32_ll_interrupts.o(.text.IRQ027_Handler)
    IRQ028_Handler                           0x0000259d   Thumb Code    20  hc32_ll_interrupts.o(.text.IRQ028_Handler)
    IRQ029_Handler                           0x000025b1   Thumb Code    20  hc32_ll_interrupts.o(.text.IRQ029_Handler)
    IRQ030_Handler                           0x000025c5   Thumb Code    20  hc32_ll_interrupts.o(.text.IRQ030_Handler)
    IRQ031_Handler                           0x000025d9   Thumb Code    20  hc32_ll_interrupts.o(.text.IRQ031_Handler)
    IRQ032_Handler                           0x000025ed   Thumb Code    22  hc32_ll_interrupts.o(.text.IRQ032_Handler)
    IRQ033_Handler                           0x00002605   Thumb Code    22  hc32_ll_interrupts.o(.text.IRQ033_Handler)
    IRQ034_Handler                           0x0000261d   Thumb Code    22  hc32_ll_interrupts.o(.text.IRQ034_Handler)
    IRQ035_Handler                           0x00002635   Thumb Code    22  hc32_ll_interrupts.o(.text.IRQ035_Handler)
    IRQ036_Handler                           0x0000264d   Thumb Code    22  hc32_ll_interrupts.o(.text.IRQ036_Handler)
    IRQ037_Handler                           0x00002665   Thumb Code    22  hc32_ll_interrupts.o(.text.IRQ037_Handler)
    IRQ038_Handler                           0x0000267d   Thumb Code    22  hc32_ll_interrupts.o(.text.IRQ038_Handler)
    IRQ039_Handler                           0x00002695   Thumb Code    22  hc32_ll_interrupts.o(.text.IRQ039_Handler)
    IRQ040_Handler                           0x000026ad   Thumb Code    22  hc32_ll_interrupts.o(.text.IRQ040_Handler)
    IRQ041_Handler                           0x000026c5   Thumb Code    22  hc32_ll_interrupts.o(.text.IRQ041_Handler)
    IRQ042_Handler                           0x000026dd   Thumb Code    22  hc32_ll_interrupts.o(.text.IRQ042_Handler)
    IRQ043_Handler                           0x000026f5   Thumb Code    22  hc32_ll_interrupts.o(.text.IRQ043_Handler)
    IRQ044_Handler                           0x0000270d   Thumb Code    22  hc32_ll_interrupts.o(.text.IRQ044_Handler)
    IRQ045_Handler                           0x00002725   Thumb Code    22  hc32_ll_interrupts.o(.text.IRQ045_Handler)
    IRQ046_Handler                           0x0000273d   Thumb Code    22  hc32_ll_interrupts.o(.text.IRQ046_Handler)
    IRQ047_Handler                           0x00002755   Thumb Code    22  hc32_ll_interrupts.o(.text.IRQ047_Handler)
    IRQ048_Handler                           0x0000276d   Thumb Code    22  hc32_ll_interrupts.o(.text.IRQ048_Handler)
    IRQ049_Handler                           0x00002785   Thumb Code    22  hc32_ll_interrupts.o(.text.IRQ049_Handler)
    IRQ050_Handler                           0x0000279d   Thumb Code    22  hc32_ll_interrupts.o(.text.IRQ050_Handler)
    IRQ051_Handler                           0x000027b5   Thumb Code    22  hc32_ll_interrupts.o(.text.IRQ051_Handler)
    IRQ052_Handler                           0x000027cd   Thumb Code    22  hc32_ll_interrupts.o(.text.IRQ052_Handler)
    IRQ053_Handler                           0x000027e5   Thumb Code    22  hc32_ll_interrupts.o(.text.IRQ053_Handler)
    IRQ054_Handler                           0x000027fd   Thumb Code    22  hc32_ll_interrupts.o(.text.IRQ054_Handler)
    IRQ055_Handler                           0x00002815   Thumb Code    22  hc32_ll_interrupts.o(.text.IRQ055_Handler)
    IRQ056_Handler                           0x0000282d   Thumb Code    22  hc32_ll_interrupts.o(.text.IRQ056_Handler)
    IRQ057_Handler                           0x00002845   Thumb Code    22  hc32_ll_interrupts.o(.text.IRQ057_Handler)
    IRQ058_Handler                           0x0000285d   Thumb Code    22  hc32_ll_interrupts.o(.text.IRQ058_Handler)
    IRQ059_Handler                           0x00002875   Thumb Code    22  hc32_ll_interrupts.o(.text.IRQ059_Handler)
    IRQ060_Handler                           0x0000288d   Thumb Code    22  hc32_ll_interrupts.o(.text.IRQ060_Handler)
    IRQ061_Handler                           0x000028a5   Thumb Code    22  hc32_ll_interrupts.o(.text.IRQ061_Handler)
    IRQ062_Handler                           0x000028bd   Thumb Code    22  hc32_ll_interrupts.o(.text.IRQ062_Handler)
    IRQ063_Handler                           0x000028d5   Thumb Code    22  hc32_ll_interrupts.o(.text.IRQ063_Handler)
    IRQ064_Handler                           0x000028ed   Thumb Code    22  hc32_ll_interrupts.o(.text.IRQ064_Handler)
    IRQ065_Handler                           0x00002905   Thumb Code    22  hc32_ll_interrupts.o(.text.IRQ065_Handler)
    IRQ066_Handler                           0x0000291d   Thumb Code    22  hc32_ll_interrupts.o(.text.IRQ066_Handler)
    IRQ067_Handler                           0x00002935   Thumb Code    22  hc32_ll_interrupts.o(.text.IRQ067_Handler)
    IRQ068_Handler                           0x0000294d   Thumb Code    22  hc32_ll_interrupts.o(.text.IRQ068_Handler)
    IRQ069_Handler                           0x00002965   Thumb Code    22  hc32_ll_interrupts.o(.text.IRQ069_Handler)
    IRQ070_Handler                           0x0000297d   Thumb Code    22  hc32_ll_interrupts.o(.text.IRQ070_Handler)
    IRQ071_Handler                           0x00002995   Thumb Code    22  hc32_ll_interrupts.o(.text.IRQ071_Handler)
    IRQ072_Handler                           0x000029ad   Thumb Code    22  hc32_ll_interrupts.o(.text.IRQ072_Handler)
    IRQ073_Handler                           0x000029c5   Thumb Code    22  hc32_ll_interrupts.o(.text.IRQ073_Handler)
    IRQ074_Handler                           0x000029dd   Thumb Code    22  hc32_ll_interrupts.o(.text.IRQ074_Handler)
    IRQ075_Handler                           0x000029f5   Thumb Code    22  hc32_ll_interrupts.o(.text.IRQ075_Handler)
    IRQ076_Handler                           0x00002a0d   Thumb Code    22  hc32_ll_interrupts.o(.text.IRQ076_Handler)
    IRQ077_Handler                           0x00002a25   Thumb Code    22  hc32_ll_interrupts.o(.text.IRQ077_Handler)
    IRQ078_Handler                           0x00002a3d   Thumb Code    22  hc32_ll_interrupts.o(.text.IRQ078_Handler)
    IRQ079_Handler                           0x00002a55   Thumb Code    22  hc32_ll_interrupts.o(.text.IRQ079_Handler)
    IRQ080_Handler                           0x00002a6d   Thumb Code    22  hc32_ll_interrupts.o(.text.IRQ080_Handler)
    IRQ081_Handler                           0x00002a85   Thumb Code    22  hc32_ll_interrupts.o(.text.IRQ081_Handler)
    IRQ082_Handler                           0x00002a9d   Thumb Code    22  hc32_ll_interrupts.o(.text.IRQ082_Handler)
    IRQ083_Handler                           0x00002ab5   Thumb Code    22  hc32_ll_interrupts.o(.text.IRQ083_Handler)
    IRQ084_Handler                           0x00002acd   Thumb Code    22  hc32_ll_interrupts.o(.text.IRQ084_Handler)
    IRQ085_Handler                           0x00002ae5   Thumb Code    22  hc32_ll_interrupts.o(.text.IRQ085_Handler)
    IRQ086_Handler                           0x00002afd   Thumb Code    22  hc32_ll_interrupts.o(.text.IRQ086_Handler)
    IRQ087_Handler                           0x00002b15   Thumb Code    22  hc32_ll_interrupts.o(.text.IRQ087_Handler)
    IRQ088_Handler                           0x00002b2d   Thumb Code    22  hc32_ll_interrupts.o(.text.IRQ088_Handler)
    IRQ089_Handler                           0x00002b45   Thumb Code    22  hc32_ll_interrupts.o(.text.IRQ089_Handler)
    IRQ090_Handler                           0x00002b5d   Thumb Code    22  hc32_ll_interrupts.o(.text.IRQ090_Handler)
    IRQ091_Handler                           0x00002b75   Thumb Code    22  hc32_ll_interrupts.o(.text.IRQ091_Handler)
    IRQ092_Handler                           0x00002b8d   Thumb Code    22  hc32_ll_interrupts.o(.text.IRQ092_Handler)
    IRQ093_Handler                           0x00002ba5   Thumb Code    22  hc32_ll_interrupts.o(.text.IRQ093_Handler)
    IRQ094_Handler                           0x00002bbd   Thumb Code    22  hc32_ll_interrupts.o(.text.IRQ094_Handler)
    IRQ095_Handler                           0x00002bd5   Thumb Code    22  hc32_ll_interrupts.o(.text.IRQ095_Handler)
    IRQ096_Handler                           0x00002bed   Thumb Code    22  hc32_ll_interrupts.o(.text.IRQ096_Handler)
    IRQ097_Handler                           0x00002c05   Thumb Code    22  hc32_ll_interrupts.o(.text.IRQ097_Handler)
    IRQ098_Handler                           0x00002c1d   Thumb Code    22  hc32_ll_interrupts.o(.text.IRQ098_Handler)
    IRQ099_Handler                           0x00002c35   Thumb Code    22  hc32_ll_interrupts.o(.text.IRQ099_Handler)
    IRQ100_Handler                           0x00002c4d   Thumb Code    22  hc32_ll_interrupts.o(.text.IRQ100_Handler)
    IRQ101_Handler                           0x00002c65   Thumb Code    22  hc32_ll_interrupts.o(.text.IRQ101_Handler)
    IRQ102_Handler                           0x00002c7d   Thumb Code    22  hc32_ll_interrupts.o(.text.IRQ102_Handler)
    IRQ103_Handler                           0x00002c95   Thumb Code    22  hc32_ll_interrupts.o(.text.IRQ103_Handler)
    IRQ104_Handler                           0x00002cad   Thumb Code    22  hc32_ll_interrupts.o(.text.IRQ104_Handler)
    IRQ105_Handler                           0x00002cc5   Thumb Code    22  hc32_ll_interrupts.o(.text.IRQ105_Handler)
    IRQ106_Handler                           0x00002cdd   Thumb Code    22  hc32_ll_interrupts.o(.text.IRQ106_Handler)
    IRQ107_Handler                           0x00002cf5   Thumb Code    22  hc32_ll_interrupts.o(.text.IRQ107_Handler)
    IRQ108_Handler                           0x00002d0d   Thumb Code    22  hc32_ll_interrupts.o(.text.IRQ108_Handler)
    IRQ109_Handler                           0x00002d25   Thumb Code    22  hc32_ll_interrupts.o(.text.IRQ109_Handler)
    IRQ110_Handler                           0x00002d3d   Thumb Code    22  hc32_ll_interrupts.o(.text.IRQ110_Handler)
    IRQ111_Handler                           0x00002d55   Thumb Code    22  hc32_ll_interrupts.o(.text.IRQ111_Handler)
    IRQ112_Handler                           0x00002d6d   Thumb Code    22  hc32_ll_interrupts.o(.text.IRQ112_Handler)
    IRQ113_Handler                           0x00002d85   Thumb Code    22  hc32_ll_interrupts.o(.text.IRQ113_Handler)
    IRQ114_Handler                           0x00002d9d   Thumb Code    22  hc32_ll_interrupts.o(.text.IRQ114_Handler)
    IRQ115_Handler                           0x00002db5   Thumb Code    22  hc32_ll_interrupts.o(.text.IRQ115_Handler)
    IRQ116_Handler                           0x00002dcd   Thumb Code    22  hc32_ll_interrupts.o(.text.IRQ116_Handler)
    IRQ117_Handler                           0x00002de5   Thumb Code    22  hc32_ll_interrupts.o(.text.IRQ117_Handler)
    IRQ118_Handler                           0x00002dfd   Thumb Code    22  hc32_ll_interrupts.o(.text.IRQ118_Handler)
    IRQ119_Handler                           0x00002e15   Thumb Code    22  hc32_ll_interrupts.o(.text.IRQ119_Handler)
    IRQ120_Handler                           0x00002e2d   Thumb Code    22  hc32_ll_interrupts.o(.text.IRQ120_Handler)
    IRQ121_Handler                           0x00002e45   Thumb Code    22  hc32_ll_interrupts.o(.text.IRQ121_Handler)
    IRQ122_Handler                           0x00002e5d   Thumb Code    22  hc32_ll_interrupts.o(.text.IRQ122_Handler)
    IRQ123_Handler                           0x00002e75   Thumb Code    22  hc32_ll_interrupts.o(.text.IRQ123_Handler)
    IRQ124_Handler                           0x00002e8d   Thumb Code    22  hc32_ll_interrupts.o(.text.IRQ124_Handler)
    IRQ125_Handler                           0x00002ea5   Thumb Code    22  hc32_ll_interrupts.o(.text.IRQ125_Handler)
    IRQ126_Handler                           0x00002ebd   Thumb Code    22  hc32_ll_interrupts.o(.text.IRQ126_Handler)
    IRQ127_Handler                           0x00002ed5   Thumb Code    22  hc32_ll_interrupts.o(.text.IRQ127_Handler)
    LL_PERIPH_WE                             0x00002eed   Thumb Code   124  hc32_ll.o(.text.LL_PERIPH_WE)
    LL_PERIPH_WP                             0x00002f69   Thumb Code   124  hc32_ll.o(.text.LL_PERIPH_WP)
    PWC_HighSpeedToHighPerformance           0x0000300d   Thumb Code    84  hc32_ll_pwc.o(.text.PWC_HighSpeedToHighPerformance)
    SRAM_SetWaitCycle                        0x000030cd   Thumb Code   272  hc32_ll_sram.o(.text.SRAM_SetWaitCycle)
    SystemCoreClockUpdate                    0x00003ae1   Thumb Code   302  system_hc32f460.o(.text.SystemCoreClockUpdate)
    SystemInit                               0x00003c11   Thumb Code    20  system_hc32f460.o(.text.SystemInit)
    USART_ClearStatus                        0x00003ecd   Thumb Code   200  hc32_ll_usart.o(.text.USART_ClearStatus)
    USART_FuncCmd                            0x00003f95   Thumb Code   236  hc32_ll_usart.o(.text.USART_FuncCmd)
    USART_ReadData                           0x00004131   Thumb Code   102  hc32_ll_usart.o(.text.USART_ReadData)
    USART_SetBaudrate                        0x00004241   Thumb Code   326  hc32_ll_usart.o(.text.USART_SetBaudrate)
    USART_UART_Init                          0x000043f9   Thumb Code   682  hc32_ll_usart.o(.text.USART_UART_Init)
    USART_UART_StructInit                    0x000046a5   Thumb Code    86  hc32_ll_usart.o(.text.USART_UART_StructInit)
    USART_WriteData                          0x000046fd   Thumb Code   148  hc32_ll_usart.o(.text.USART_WriteData)
    main                                     0x00004835   Thumb Code   378  main.o(.text.main)
    __scatterload_copy                       0x000049af   Thumb Code    14  handlers.o(i.__scatterload_copy)
    __scatterload_zeroinit                   0x000049bd   Thumb Code    14  handlers.o(i.__scatterload_zeroinit)
    Region$$Table$$Base                      0x00004b4c   Number         0  anon$$obj.o(Region$$Table)
    Region$$Table$$Limit                     0x00004b6c   Number         0  anon$$obj.o(Region$$Table)
    HRC_VALUE                                0x1fff8000   Data           4  system_hc32f460.o(.bss.noinit)
    SystemCoreClock                          0x1fff8004   Data           4  system_hc32f460.o(.bss.noinit)
    __initial_sp                             0x1fffa530   Data           0  startup_hc32f460.o(STACK)



==============================================================================

Memory Map of the image

  Image Entry point : 0x00000281

  Load Region LR_IROM1 (Base: 0x00000000, Size: 0x00004b78, Max: 0x00080000, ABSOLUTE)

    Execution Region ER_IROM1 (Exec base: 0x00000000, Load base: 0x00000000, Size: 0x00004b6c, Max: 0x00080000, ABSOLUTE)

    Exec Addr    Load Addr    Size         Type   Attr      Idx    E Section Name        Object

    0x00000000   0x00000000   0x00000280   Data   RO            3    RESET               startup_hc32f460.o
    0x00000280   0x00000280   0x00000000   Code   RO         1055  * .ARM.Collect$$$$00000000  mc_w.l(entry.o)
    0x00000280   0x00000280   0x00000004   Code   RO         1074    .ARM.Collect$$$$00000001  mc_w.l(entry2.o)
    0x00000284   0x00000284   0x00000004   Code   RO         1077    .ARM.Collect$$$$00000004  mc_w.l(entry5.o)
    0x00000288   0x00000288   0x00000000   Code   RO         1079    .ARM.Collect$$$$00000008  mc_w.l(entry7b.o)
    0x00000288   0x00000288   0x00000000   Code   RO         1081    .ARM.Collect$$$$0000000A  mc_w.l(entry8b.o)
    0x00000288   0x00000288   0x00000008   Code   RO         1082    .ARM.Collect$$$$0000000B  mc_w.l(entry9a.o)
    0x00000290   0x00000290   0x00000000   Code   RO         1084    .ARM.Collect$$$$0000000D  mc_w.l(entry10a.o)
    0x00000290   0x00000290   0x00000000   Code   RO         1086    .ARM.Collect$$$$0000000F  mc_w.l(entry11a.o)
    0x00000290   0x00000290   0x00000004   Code   RO         1075    .ARM.Collect$$$$00002712  mc_w.l(entry2.o)
    0x00000294   0x00000294   0x00000064   Code   RO            4    .text               startup_hc32f460.o
    0x000002f8   0x000002f8   0x00000062   Code   RO         1058    .text               mc_w.l(uldiv.o)
    0x0000035a   0x0000035a   0x00000024   Code   RO         1060    .text               mc_w.l(memcpya.o)
    0x0000037e   0x0000037e   0x0000001a   Code   RO         1068    .text               mf_w.l(dfltui.o)
    0x00000398   0x00000398   0x00000018   Code   RO         1070    .text               mf_w.l(dfltul.o)
    0x000003b0   0x000003b0   0x00000038   Code   RO         1072    .text               mf_w.l(d2f.o)
    0x000003e8   0x000003e8   0x00000000   Code   RO         1092    .text               mc_w.l(iusefp.o)
    0x000003e8   0x000003e8   0x00000016   Code   RO           73    .text.BUF_Empty     ring_buf.o
    0x000003fe   0x000003fe   0x00000002   Code   RO         1102    i.__scatterload_null  mc_w.l(handlers.o)
    0x00000400   0x00000400   0x00000020   Data   RO          390    .ARM.__at_0x400     hc32_ll_icg.o
    0x00000420   0x00000420   0x000000b0   Code   RO         1064    .text               mf_w.l(fadd.o)
    0x000004d0   0x000004d0   0x000000de   Code   RO         1066    .text               mf_w.l(ddiv.o)
    0x000005ae   0x000005ae   0x0000001e   Code   RO         1088    .text               mc_w.l(llshl.o)
    0x000005cc   0x000005cc   0x00000020   Code   RO         1090    .text               mc_w.l(llushr.o)
    0x000005ec   0x000005ec   0x0000006e   Code   RO         1093    .text               mf_w.l(fepilogue.o)
    0x0000065a   0x0000065a   0x000000ba   Code   RO         1095    .text               mf_w.l(depilogue.o)
    0x00000714   0x00000714   0x00000030   Code   RO         1097    .text               mc_w.l(init.o)
    0x00000744   0x00000744   0x00000108   Code   RO         1009    .text.BSP_CLK_Init  ev_hc32f460_lqfp100_v2.o
    0x0000084c   0x0000084c   0x0000002a   Code   RO         1029    .text.BSP_KEY_KEY10_IrqHandler  ev_hc32f460_lqfp100_v2.o
    0x00000876   0x00000876   0x00000002   PAD
    0x00000878   0x00000878   0x00000050   Code   RO         1021    .text.BSP_LED_Init  ev_hc32f460_lqfp100_v2.o
    0x000008c8   0x000008c8   0x00000058   Code   RO         1023    .text.BSP_LED_On    ev_hc32f460_lqfp100_v2.o
    0x00000920   0x00000920   0x0000000c   Code   RO           67    .text.BUF_FreeSize  ring_buf.o
    0x0000092c   0x0000092c   0x00000012   Code   RO           71    .text.BUF_Full      ring_buf.o
    0x0000093e   0x0000093e   0x00000002   PAD
    0x00000940   0x00000940   0x00000046   Code   RO           65    .text.BUF_Init      ring_buf.o
    0x00000986   0x00000986   0x00000002   PAD
    0x00000988   0x00000988   0x000000d2   Code   RO           75    .text.BUF_Read      ring_buf.o
    0x00000a5a   0x00000a5a   0x00000002   PAD
    0x00000a5c   0x00000a5c   0x00000010   Code   RO           69    .text.BUF_UsedSize  ring_buf.o
    0x00000a6c   0x00000a6c   0x000000d2   Code   RO           77    .text.BUF_Write     ring_buf.o
    0x00000b3e   0x00000b3e   0x00000002   PAD
    0x00000b40   0x00000b40   0x00000052   Code   RO          177    .text.CLK_GetStableStatus  hc32_ll_clk.o
    0x00000b92   0x00000b92   0x00000002   PAD
    0x00000b94   0x00000b94   0x000000ec   Code   RO          163    .text.CLK_PLLCmd    hc32_ll_clk.o
    0x00000c80   0x00000c80   0x000003b6   Code   RO          161    .text.CLK_PLLInit   hc32_ll_clk.o
    0x00001036   0x00001036   0x00000002   PAD
    0x00001038   0x00001038   0x00000072   Code   RO          159    .text.CLK_PLLStructInit  hc32_ll_clk.o
    0x000010aa   0x000010aa   0x00000002   PAD
    0x000010ac   0x000010ac   0x00000018   Code   RO          191    .text.CLK_SetClockDiv  hc32_ll_clk.o
    0x000010c4   0x000010c4   0x00000018   Code   RO          179    .text.CLK_SetSysClockSrc  hc32_ll_clk.o
    0x000010dc   0x000010dc   0x00000042   Code   RO          127    .text.CLK_WaitStable  hc32_ll_clk.o
    0x0000111e   0x0000111e   0x00000002   PAD
    0x00001120   0x00001120   0x000000f0   Code   RO          139    .text.CLK_XtalCmd   hc32_ll_clk.o
    0x00001210   0x00001210   0x000001b2   Code   RO          137    .text.CLK_XtalInit  hc32_ll_clk.o
    0x000013c2   0x000013c2   0x00000002   PAD
    0x000013c4   0x000013c4   0x0000003a   Code   RO          135    .text.CLK_XtalStructInit  hc32_ll_clk.o
    0x000013fe   0x000013fe   0x00000002   PAD
    0x00001400   0x00001400   0x00000238   Code   RO          943    .text.ClockSync_CalculateBrr  hc32_ll_usart.o
    0x00001638   0x00001638   0x0000000a   Code   RO          988    .text.DDL_AssertHandler  hc32_ll_utility.o
    0x00001642   0x00001642   0x00000002   PAD
    0x00001644   0x00001644   0x00000058   Code   RO          970    .text.DDL_DelayMS   hc32_ll_utility.o
    0x0000169c   0x0000169c   0x0000005c   Code   RO          972    .text.DDL_DelayUS   hc32_ll_utility.o
    0x000016f8   0x000016f8   0x0000006c   Code   RO          219    .text.EFM_CacheCmd  hc32_ll_efm.o
    0x00001764   0x00001764   0x0000006c   Code   RO          217    .text.EFM_CacheRamReset  hc32_ll_efm.o
    0x000017d0   0x000017d0   0x0000000e   Code   RO          106    .text.EFM_REG_Lock  hc32_ll.o
    0x000017de   0x000017de   0x00000002   PAD
    0x000017e0   0x000017e0   0x00000016   Code   RO           96    .text.EFM_REG_Unlock  hc32_ll.o
    0x000017f6   0x000017f6   0x00000002   PAD
    0x000017f8   0x000017f8   0x000000ca   Code   RO          215    .text.EFM_SetWaitCycle  hc32_ll_efm.o
    0x000018c2   0x000018c2   0x00000002   PAD
    0x000018c4   0x000018c4   0x00000042   Code   RO          430    .text.EXTINT_ClearExtIntStatus  hc32_ll_interrupts.o
    0x00001906   0x00001906   0x00000002   PAD
    0x00001908   0x00001908   0x00000092   Code   RO          293    .text.FCG_Fcg1PeriphClockCmd  hc32_ll_fcg.o
    0x0000199a   0x0000199a   0x00000002   PAD
    0x0000199c   0x0000199c   0x00000132   Code   RO          377    .text.GPIO_AnalogCmd  hc32_ll_gpio.o
    0x00001ace   0x00001ace   0x00000002   PAD
    0x00001ad0   0x00001ad0   0x0000030e   Code   RO          341    .text.GPIO_Init     hc32_ll_gpio.o
    0x00001dde   0x00001dde   0x00000002   PAD
    0x00001de0   0x00001de0   0x00000010   Code   RO          110    .text.GPIO_REG_Lock  hc32_ll.o
    0x00001df0   0x00001df0   0x00000010   Code   RO          100    .text.GPIO_REG_Unlock  hc32_ll.o
    0x00001e00   0x00001e00   0x000000a8   Code   RO          361    .text.GPIO_ReadInputPins  hc32_ll_gpio.o
    0x00001ea8   0x00001ea8   0x00000156   Code   RO          349    .text.GPIO_SetFunc  hc32_ll_gpio.o
    0x00001ffe   0x00001ffe   0x00000002   PAD
    0x00002000   0x00002000   0x000000a8   Code   RO          369    .text.GPIO_SetPins  hc32_ll_gpio.o
    0x000020a8   0x000020a8   0x00000092   Code   RO          357    .text.GPIO_SetReadWaitCycle  hc32_ll_gpio.o
    0x0000213a   0x0000213a   0x00000002   PAD
    0x0000213c   0x0000213c   0x00000046   Code   RO          345    .text.GPIO_StructInit  hc32_ll_gpio.o
    0x00002182   0x00002182   0x00000002   PAD
    0x00002184   0x00002184   0x000000a8   Code   RO          375    .text.GPIO_TogglePins  hc32_ll_gpio.o
    0x0000222c   0x0000222c   0x0000003a   Code   RO           35    .text.INTC_IrqInstalHandler  main.o
    0x00002266   0x00002266   0x00000002   PAD
    0x00002268   0x00002268   0x00000102   Code   RO          396    .text.INTC_IrqSignIn  hc32_ll_interrupts.o
    0x0000236a   0x0000236a   0x00000002   PAD
    0x0000236c   0x0000236c   0x00000014   Code   RO          434    .text.IRQ000_Handler  hc32_ll_interrupts.o
    0x00002380   0x00002380   0x00000014   Code   RO          436    .text.IRQ001_Handler  hc32_ll_interrupts.o
    0x00002394   0x00002394   0x00000014   Code   RO          438    .text.IRQ002_Handler  hc32_ll_interrupts.o
    0x000023a8   0x000023a8   0x00000014   Code   RO          440    .text.IRQ003_Handler  hc32_ll_interrupts.o
    0x000023bc   0x000023bc   0x00000014   Code   RO          442    .text.IRQ004_Handler  hc32_ll_interrupts.o
    0x000023d0   0x000023d0   0x00000014   Code   RO          444    .text.IRQ005_Handler  hc32_ll_interrupts.o
    0x000023e4   0x000023e4   0x00000014   Code   RO          446    .text.IRQ006_Handler  hc32_ll_interrupts.o
    0x000023f8   0x000023f8   0x00000014   Code   RO          448    .text.IRQ007_Handler  hc32_ll_interrupts.o
    0x0000240c   0x0000240c   0x00000014   Code   RO          450    .text.IRQ008_Handler  hc32_ll_interrupts.o
    0x00002420   0x00002420   0x00000014   Code   RO          452    .text.IRQ009_Handler  hc32_ll_interrupts.o
    0x00002434   0x00002434   0x00000014   Code   RO          454    .text.IRQ010_Handler  hc32_ll_interrupts.o
    0x00002448   0x00002448   0x00000014   Code   RO          456    .text.IRQ011_Handler  hc32_ll_interrupts.o
    0x0000245c   0x0000245c   0x00000014   Code   RO          458    .text.IRQ012_Handler  hc32_ll_interrupts.o
    0x00002470   0x00002470   0x00000014   Code   RO          460    .text.IRQ013_Handler  hc32_ll_interrupts.o
    0x00002484   0x00002484   0x00000014   Code   RO          462    .text.IRQ014_Handler  hc32_ll_interrupts.o
    0x00002498   0x00002498   0x00000014   Code   RO          464    .text.IRQ015_Handler  hc32_ll_interrupts.o
    0x000024ac   0x000024ac   0x00000014   Code   RO          466    .text.IRQ016_Handler  hc32_ll_interrupts.o
    0x000024c0   0x000024c0   0x00000014   Code   RO          468    .text.IRQ017_Handler  hc32_ll_interrupts.o
    0x000024d4   0x000024d4   0x00000014   Code   RO          470    .text.IRQ018_Handler  hc32_ll_interrupts.o
    0x000024e8   0x000024e8   0x00000014   Code   RO          472    .text.IRQ019_Handler  hc32_ll_interrupts.o
    0x000024fc   0x000024fc   0x00000014   Code   RO          474    .text.IRQ020_Handler  hc32_ll_interrupts.o
    0x00002510   0x00002510   0x00000014   Code   RO          476    .text.IRQ021_Handler  hc32_ll_interrupts.o
    0x00002524   0x00002524   0x00000014   Code   RO          478    .text.IRQ022_Handler  hc32_ll_interrupts.o
    0x00002538   0x00002538   0x00000014   Code   RO          480    .text.IRQ023_Handler  hc32_ll_interrupts.o
    0x0000254c   0x0000254c   0x00000014   Code   RO          482    .text.IRQ024_Handler  hc32_ll_interrupts.o
    0x00002560   0x00002560   0x00000014   Code   RO          484    .text.IRQ025_Handler  hc32_ll_interrupts.o
    0x00002574   0x00002574   0x00000014   Code   RO          486    .text.IRQ026_Handler  hc32_ll_interrupts.o
    0x00002588   0x00002588   0x00000014   Code   RO          488    .text.IRQ027_Handler  hc32_ll_interrupts.o
    0x0000259c   0x0000259c   0x00000014   Code   RO          490    .text.IRQ028_Handler  hc32_ll_interrupts.o
    0x000025b0   0x000025b0   0x00000014   Code   RO          492    .text.IRQ029_Handler  hc32_ll_interrupts.o
    0x000025c4   0x000025c4   0x00000014   Code   RO          494    .text.IRQ030_Handler  hc32_ll_interrupts.o
    0x000025d8   0x000025d8   0x00000014   Code   RO          496    .text.IRQ031_Handler  hc32_ll_interrupts.o
    0x000025ec   0x000025ec   0x00000016   Code   RO          498    .text.IRQ032_Handler  hc32_ll_interrupts.o
    0x00002602   0x00002602   0x00000002   PAD
    0x00002604   0x00002604   0x00000016   Code   RO          500    .text.IRQ033_Handler  hc32_ll_interrupts.o
    0x0000261a   0x0000261a   0x00000002   PAD
    0x0000261c   0x0000261c   0x00000016   Code   RO          502    .text.IRQ034_Handler  hc32_ll_interrupts.o
    0x00002632   0x00002632   0x00000002   PAD
    0x00002634   0x00002634   0x00000016   Code   RO          504    .text.IRQ035_Handler  hc32_ll_interrupts.o
    0x0000264a   0x0000264a   0x00000002   PAD
    0x0000264c   0x0000264c   0x00000016   Code   RO          506    .text.IRQ036_Handler  hc32_ll_interrupts.o
    0x00002662   0x00002662   0x00000002   PAD
    0x00002664   0x00002664   0x00000016   Code   RO          508    .text.IRQ037_Handler  hc32_ll_interrupts.o
    0x0000267a   0x0000267a   0x00000002   PAD
    0x0000267c   0x0000267c   0x00000016   Code   RO          510    .text.IRQ038_Handler  hc32_ll_interrupts.o
    0x00002692   0x00002692   0x00000002   PAD
    0x00002694   0x00002694   0x00000016   Code   RO          512    .text.IRQ039_Handler  hc32_ll_interrupts.o
    0x000026aa   0x000026aa   0x00000002   PAD
    0x000026ac   0x000026ac   0x00000016   Code   RO          514    .text.IRQ040_Handler  hc32_ll_interrupts.o
    0x000026c2   0x000026c2   0x00000002   PAD
    0x000026c4   0x000026c4   0x00000016   Code   RO          516    .text.IRQ041_Handler  hc32_ll_interrupts.o
    0x000026da   0x000026da   0x00000002   PAD
    0x000026dc   0x000026dc   0x00000016   Code   RO          518    .text.IRQ042_Handler  hc32_ll_interrupts.o
    0x000026f2   0x000026f2   0x00000002   PAD
    0x000026f4   0x000026f4   0x00000016   Code   RO          520    .text.IRQ043_Handler  hc32_ll_interrupts.o
    0x0000270a   0x0000270a   0x00000002   PAD
    0x0000270c   0x0000270c   0x00000016   Code   RO          522    .text.IRQ044_Handler  hc32_ll_interrupts.o
    0x00002722   0x00002722   0x00000002   PAD
    0x00002724   0x00002724   0x00000016   Code   RO          524    .text.IRQ045_Handler  hc32_ll_interrupts.o
    0x0000273a   0x0000273a   0x00000002   PAD
    0x0000273c   0x0000273c   0x00000016   Code   RO          526    .text.IRQ046_Handler  hc32_ll_interrupts.o
    0x00002752   0x00002752   0x00000002   PAD
    0x00002754   0x00002754   0x00000016   Code   RO          528    .text.IRQ047_Handler  hc32_ll_interrupts.o
    0x0000276a   0x0000276a   0x00000002   PAD
    0x0000276c   0x0000276c   0x00000016   Code   RO          530    .text.IRQ048_Handler  hc32_ll_interrupts.o
    0x00002782   0x00002782   0x00000002   PAD
    0x00002784   0x00002784   0x00000016   Code   RO          532    .text.IRQ049_Handler  hc32_ll_interrupts.o
    0x0000279a   0x0000279a   0x00000002   PAD
    0x0000279c   0x0000279c   0x00000016   Code   RO          534    .text.IRQ050_Handler  hc32_ll_interrupts.o
    0x000027b2   0x000027b2   0x00000002   PAD
    0x000027b4   0x000027b4   0x00000016   Code   RO          536    .text.IRQ051_Handler  hc32_ll_interrupts.o
    0x000027ca   0x000027ca   0x00000002   PAD
    0x000027cc   0x000027cc   0x00000016   Code   RO          538    .text.IRQ052_Handler  hc32_ll_interrupts.o
    0x000027e2   0x000027e2   0x00000002   PAD
    0x000027e4   0x000027e4   0x00000016   Code   RO          540    .text.IRQ053_Handler  hc32_ll_interrupts.o
    0x000027fa   0x000027fa   0x00000002   PAD
    0x000027fc   0x000027fc   0x00000016   Code   RO          542    .text.IRQ054_Handler  hc32_ll_interrupts.o
    0x00002812   0x00002812   0x00000002   PAD
    0x00002814   0x00002814   0x00000016   Code   RO          544    .text.IRQ055_Handler  hc32_ll_interrupts.o
    0x0000282a   0x0000282a   0x00000002   PAD
    0x0000282c   0x0000282c   0x00000016   Code   RO          546    .text.IRQ056_Handler  hc32_ll_interrupts.o
    0x00002842   0x00002842   0x00000002   PAD
    0x00002844   0x00002844   0x00000016   Code   RO          548    .text.IRQ057_Handler  hc32_ll_interrupts.o
    0x0000285a   0x0000285a   0x00000002   PAD
    0x0000285c   0x0000285c   0x00000016   Code   RO          550    .text.IRQ058_Handler  hc32_ll_interrupts.o
    0x00002872   0x00002872   0x00000002   PAD
    0x00002874   0x00002874   0x00000016   Code   RO          552    .text.IRQ059_Handler  hc32_ll_interrupts.o
    0x0000288a   0x0000288a   0x00000002   PAD
    0x0000288c   0x0000288c   0x00000016   Code   RO          554    .text.IRQ060_Handler  hc32_ll_interrupts.o
    0x000028a2   0x000028a2   0x00000002   PAD
    0x000028a4   0x000028a4   0x00000016   Code   RO          556    .text.IRQ061_Handler  hc32_ll_interrupts.o
    0x000028ba   0x000028ba   0x00000002   PAD
    0x000028bc   0x000028bc   0x00000016   Code   RO          558    .text.IRQ062_Handler  hc32_ll_interrupts.o
    0x000028d2   0x000028d2   0x00000002   PAD
    0x000028d4   0x000028d4   0x00000016   Code   RO          560    .text.IRQ063_Handler  hc32_ll_interrupts.o
    0x000028ea   0x000028ea   0x00000002   PAD
    0x000028ec   0x000028ec   0x00000016   Code   RO          562    .text.IRQ064_Handler  hc32_ll_interrupts.o
    0x00002902   0x00002902   0x00000002   PAD
    0x00002904   0x00002904   0x00000016   Code   RO          564    .text.IRQ065_Handler  hc32_ll_interrupts.o
    0x0000291a   0x0000291a   0x00000002   PAD
    0x0000291c   0x0000291c   0x00000016   Code   RO          566    .text.IRQ066_Handler  hc32_ll_interrupts.o
    0x00002932   0x00002932   0x00000002   PAD
    0x00002934   0x00002934   0x00000016   Code   RO          568    .text.IRQ067_Handler  hc32_ll_interrupts.o
    0x0000294a   0x0000294a   0x00000002   PAD
    0x0000294c   0x0000294c   0x00000016   Code   RO          570    .text.IRQ068_Handler  hc32_ll_interrupts.o
    0x00002962   0x00002962   0x00000002   PAD
    0x00002964   0x00002964   0x00000016   Code   RO          572    .text.IRQ069_Handler  hc32_ll_interrupts.o
    0x0000297a   0x0000297a   0x00000002   PAD
    0x0000297c   0x0000297c   0x00000016   Code   RO          574    .text.IRQ070_Handler  hc32_ll_interrupts.o
    0x00002992   0x00002992   0x00000002   PAD
    0x00002994   0x00002994   0x00000016   Code   RO          576    .text.IRQ071_Handler  hc32_ll_interrupts.o
    0x000029aa   0x000029aa   0x00000002   PAD
    0x000029ac   0x000029ac   0x00000016   Code   RO          578    .text.IRQ072_Handler  hc32_ll_interrupts.o
    0x000029c2   0x000029c2   0x00000002   PAD
    0x000029c4   0x000029c4   0x00000016   Code   RO          580    .text.IRQ073_Handler  hc32_ll_interrupts.o
    0x000029da   0x000029da   0x00000002   PAD
    0x000029dc   0x000029dc   0x00000016   Code   RO          582    .text.IRQ074_Handler  hc32_ll_interrupts.o
    0x000029f2   0x000029f2   0x00000002   PAD
    0x000029f4   0x000029f4   0x00000016   Code   RO          584    .text.IRQ075_Handler  hc32_ll_interrupts.o
    0x00002a0a   0x00002a0a   0x00000002   PAD
    0x00002a0c   0x00002a0c   0x00000016   Code   RO          586    .text.IRQ076_Handler  hc32_ll_interrupts.o
    0x00002a22   0x00002a22   0x00000002   PAD
    0x00002a24   0x00002a24   0x00000016   Code   RO          588    .text.IRQ077_Handler  hc32_ll_interrupts.o
    0x00002a3a   0x00002a3a   0x00000002   PAD
    0x00002a3c   0x00002a3c   0x00000016   Code   RO          590    .text.IRQ078_Handler  hc32_ll_interrupts.o
    0x00002a52   0x00002a52   0x00000002   PAD
    0x00002a54   0x00002a54   0x00000016   Code   RO          592    .text.IRQ079_Handler  hc32_ll_interrupts.o
    0x00002a6a   0x00002a6a   0x00000002   PAD
    0x00002a6c   0x00002a6c   0x00000016   Code   RO          594    .text.IRQ080_Handler  hc32_ll_interrupts.o
    0x00002a82   0x00002a82   0x00000002   PAD
    0x00002a84   0x00002a84   0x00000016   Code   RO          596    .text.IRQ081_Handler  hc32_ll_interrupts.o
    0x00002a9a   0x00002a9a   0x00000002   PAD
    0x00002a9c   0x00002a9c   0x00000016   Code   RO          598    .text.IRQ082_Handler  hc32_ll_interrupts.o
    0x00002ab2   0x00002ab2   0x00000002   PAD
    0x00002ab4   0x00002ab4   0x00000016   Code   RO          600    .text.IRQ083_Handler  hc32_ll_interrupts.o
    0x00002aca   0x00002aca   0x00000002   PAD
    0x00002acc   0x00002acc   0x00000016   Code   RO          602    .text.IRQ084_Handler  hc32_ll_interrupts.o
    0x00002ae2   0x00002ae2   0x00000002   PAD
    0x00002ae4   0x00002ae4   0x00000016   Code   RO          604    .text.IRQ085_Handler  hc32_ll_interrupts.o
    0x00002afa   0x00002afa   0x00000002   PAD
    0x00002afc   0x00002afc   0x00000016   Code   RO          606    .text.IRQ086_Handler  hc32_ll_interrupts.o
    0x00002b12   0x00002b12   0x00000002   PAD
    0x00002b14   0x00002b14   0x00000016   Code   RO          608    .text.IRQ087_Handler  hc32_ll_interrupts.o
    0x00002b2a   0x00002b2a   0x00000002   PAD
    0x00002b2c   0x00002b2c   0x00000016   Code   RO          610    .text.IRQ088_Handler  hc32_ll_interrupts.o
    0x00002b42   0x00002b42   0x00000002   PAD
    0x00002b44   0x00002b44   0x00000016   Code   RO          612    .text.IRQ089_Handler  hc32_ll_interrupts.o
    0x00002b5a   0x00002b5a   0x00000002   PAD
    0x00002b5c   0x00002b5c   0x00000016   Code   RO          614    .text.IRQ090_Handler  hc32_ll_interrupts.o
    0x00002b72   0x00002b72   0x00000002   PAD
    0x00002b74   0x00002b74   0x00000016   Code   RO          616    .text.IRQ091_Handler  hc32_ll_interrupts.o
    0x00002b8a   0x00002b8a   0x00000002   PAD
    0x00002b8c   0x00002b8c   0x00000016   Code   RO          618    .text.IRQ092_Handler  hc32_ll_interrupts.o
    0x00002ba2   0x00002ba2   0x00000002   PAD
    0x00002ba4   0x00002ba4   0x00000016   Code   RO          620    .text.IRQ093_Handler  hc32_ll_interrupts.o
    0x00002bba   0x00002bba   0x00000002   PAD
    0x00002bbc   0x00002bbc   0x00000016   Code   RO          622    .text.IRQ094_Handler  hc32_ll_interrupts.o
    0x00002bd2   0x00002bd2   0x00000002   PAD
    0x00002bd4   0x00002bd4   0x00000016   Code   RO          624    .text.IRQ095_Handler  hc32_ll_interrupts.o
    0x00002bea   0x00002bea   0x00000002   PAD
    0x00002bec   0x00002bec   0x00000016   Code   RO          626    .text.IRQ096_Handler  hc32_ll_interrupts.o
    0x00002c02   0x00002c02   0x00000002   PAD
    0x00002c04   0x00002c04   0x00000016   Code   RO          628    .text.IRQ097_Handler  hc32_ll_interrupts.o
    0x00002c1a   0x00002c1a   0x00000002   PAD
    0x00002c1c   0x00002c1c   0x00000016   Code   RO          630    .text.IRQ098_Handler  hc32_ll_interrupts.o
    0x00002c32   0x00002c32   0x00000002   PAD
    0x00002c34   0x00002c34   0x00000016   Code   RO          632    .text.IRQ099_Handler  hc32_ll_interrupts.o
    0x00002c4a   0x00002c4a   0x00000002   PAD
    0x00002c4c   0x00002c4c   0x00000016   Code   RO          634    .text.IRQ100_Handler  hc32_ll_interrupts.o
    0x00002c62   0x00002c62   0x00000002   PAD
    0x00002c64   0x00002c64   0x00000016   Code   RO          636    .text.IRQ101_Handler  hc32_ll_interrupts.o
    0x00002c7a   0x00002c7a   0x00000002   PAD
    0x00002c7c   0x00002c7c   0x00000016   Code   RO          638    .text.IRQ102_Handler  hc32_ll_interrupts.o
    0x00002c92   0x00002c92   0x00000002   PAD
    0x00002c94   0x00002c94   0x00000016   Code   RO          640    .text.IRQ103_Handler  hc32_ll_interrupts.o
    0x00002caa   0x00002caa   0x00000002   PAD
    0x00002cac   0x00002cac   0x00000016   Code   RO          642    .text.IRQ104_Handler  hc32_ll_interrupts.o
    0x00002cc2   0x00002cc2   0x00000002   PAD
    0x00002cc4   0x00002cc4   0x00000016   Code   RO          644    .text.IRQ105_Handler  hc32_ll_interrupts.o
    0x00002cda   0x00002cda   0x00000002   PAD
    0x00002cdc   0x00002cdc   0x00000016   Code   RO          646    .text.IRQ106_Handler  hc32_ll_interrupts.o
    0x00002cf2   0x00002cf2   0x00000002   PAD
    0x00002cf4   0x00002cf4   0x00000016   Code   RO          648    .text.IRQ107_Handler  hc32_ll_interrupts.o
    0x00002d0a   0x00002d0a   0x00000002   PAD
    0x00002d0c   0x00002d0c   0x00000016   Code   RO          650    .text.IRQ108_Handler  hc32_ll_interrupts.o
    0x00002d22   0x00002d22   0x00000002   PAD
    0x00002d24   0x00002d24   0x00000016   Code   RO          652    .text.IRQ109_Handler  hc32_ll_interrupts.o
    0x00002d3a   0x00002d3a   0x00000002   PAD
    0x00002d3c   0x00002d3c   0x00000016   Code   RO          654    .text.IRQ110_Handler  hc32_ll_interrupts.o
    0x00002d52   0x00002d52   0x00000002   PAD
    0x00002d54   0x00002d54   0x00000016   Code   RO          656    .text.IRQ111_Handler  hc32_ll_interrupts.o
    0x00002d6a   0x00002d6a   0x00000002   PAD
    0x00002d6c   0x00002d6c   0x00000016   Code   RO          658    .text.IRQ112_Handler  hc32_ll_interrupts.o
    0x00002d82   0x00002d82   0x00000002   PAD
    0x00002d84   0x00002d84   0x00000016   Code   RO          660    .text.IRQ113_Handler  hc32_ll_interrupts.o
    0x00002d9a   0x00002d9a   0x00000002   PAD
    0x00002d9c   0x00002d9c   0x00000016   Code   RO          662    .text.IRQ114_Handler  hc32_ll_interrupts.o
    0x00002db2   0x00002db2   0x00000002   PAD
    0x00002db4   0x00002db4   0x00000016   Code   RO          664    .text.IRQ115_Handler  hc32_ll_interrupts.o
    0x00002dca   0x00002dca   0x00000002   PAD
    0x00002dcc   0x00002dcc   0x00000016   Code   RO          666    .text.IRQ116_Handler  hc32_ll_interrupts.o
    0x00002de2   0x00002de2   0x00000002   PAD
    0x00002de4   0x00002de4   0x00000016   Code   RO          668    .text.IRQ117_Handler  hc32_ll_interrupts.o
    0x00002dfa   0x00002dfa   0x00000002   PAD
    0x00002dfc   0x00002dfc   0x00000016   Code   RO          670    .text.IRQ118_Handler  hc32_ll_interrupts.o
    0x00002e12   0x00002e12   0x00000002   PAD
    0x00002e14   0x00002e14   0x00000016   Code   RO          672    .text.IRQ119_Handler  hc32_ll_interrupts.o
    0x00002e2a   0x00002e2a   0x00000002   PAD
    0x00002e2c   0x00002e2c   0x00000016   Code   RO          674    .text.IRQ120_Handler  hc32_ll_interrupts.o
    0x00002e42   0x00002e42   0x00000002   PAD
    0x00002e44   0x00002e44   0x00000016   Code   RO          676    .text.IRQ121_Handler  hc32_ll_interrupts.o
    0x00002e5a   0x00002e5a   0x00000002   PAD
    0x00002e5c   0x00002e5c   0x00000016   Code   RO          678    .text.IRQ122_Handler  hc32_ll_interrupts.o
    0x00002e72   0x00002e72   0x00000002   PAD
    0x00002e74   0x00002e74   0x00000016   Code   RO          680    .text.IRQ123_Handler  hc32_ll_interrupts.o
    0x00002e8a   0x00002e8a   0x00000002   PAD
    0x00002e8c   0x00002e8c   0x00000016   Code   RO          682    .text.IRQ124_Handler  hc32_ll_interrupts.o
    0x00002ea2   0x00002ea2   0x00000002   PAD
    0x00002ea4   0x00002ea4   0x00000016   Code   RO          684    .text.IRQ125_Handler  hc32_ll_interrupts.o
    0x00002eba   0x00002eba   0x00000002   PAD
    0x00002ebc   0x00002ebc   0x00000016   Code   RO          686    .text.IRQ126_Handler  hc32_ll_interrupts.o
    0x00002ed2   0x00002ed2   0x00000002   PAD
    0x00002ed4   0x00002ed4   0x00000016   Code   RO          688    .text.IRQ127_Handler  hc32_ll_interrupts.o
    0x00002eea   0x00002eea   0x00000002   PAD
    0x00002eec   0x00002eec   0x0000007c   Code   RO           94    .text.LL_PERIPH_WE  hc32_ll.o
    0x00002f68   0x00002f68   0x0000007c   Code   RO          104    .text.LL_PERIPH_WP  hc32_ll.o
    0x00002fe4   0x00002fe4   0x00000012   Code   RO          108    .text.PWC_FCG0_REG_Lock  hc32_ll.o
    0x00002ff6   0x00002ff6   0x00000002   PAD
    0x00002ff8   0x00002ff8   0x00000012   Code   RO           98    .text.PWC_FCG0_REG_Unlock  hc32_ll.o
    0x0000300a   0x0000300a   0x00000002   PAD
    0x0000300c   0x0000300c   0x00000054   Code   RO          769    .text.PWC_HighSpeedToHighPerformance  hc32_ll_pwc.o
    0x00003060   0x00003060   0x00000020   Code   RO          112    .text.PWC_REG_Lock  hc32_ll.o
    0x00003080   0x00003080   0x0000001c   Code   RO          102    .text.PWC_REG_Unlock  hc32_ll.o
    0x0000309c   0x0000309c   0x00000018   Code   RO           90    .text.SRAM_REG_Lock  hc32_ll.o
    0x000030b4   0x000030b4   0x00000018   Code   RO           92    .text.SRAM_REG_Unlock  hc32_ll.o
    0x000030cc   0x000030cc   0x00000110   Code   RO          849    .text.SRAM_SetWaitCycle  hc32_ll_sram.o
    0x000031dc   0x000031dc   0x00000496   Code   RO          193    .text.SetSysClockDiv  hc32_ll_clk.o
    0x00003672   0x00003672   0x00000002   PAD
    0x00003674   0x00003674   0x0000019a   Code   RO          181    .text.SetSysClockSrc  hc32_ll_clk.o
    0x0000380e   0x0000380e   0x00000002   PAD
    0x00003810   0x00003810   0x000002ce   Code   RO          941    .text.SmartCard_CalculateBrr  hc32_ll_usart.o
    0x00003ade   0x00003ade   0x00000002   PAD
    0x00003ae0   0x00003ae0   0x0000012e   Code   RO           13    .text.SystemCoreClockUpdate  system_hc32f460.o
    0x00003c0e   0x00003c0e   0x00000002   PAD
    0x00003c10   0x00003c10   0x00000014   Code   RO           11    .text.SystemInit    system_hc32f460.o
    0x00003c24   0x00003c24   0x000002a8   Code   RO          939    .text.UART_CalculateBrr  hc32_ll_usart.o
    0x00003ecc   0x00003ecc   0x000000c8   Code   RO          893    .text.USART_ClearStatus  hc32_ll_usart.o
    0x00003f94   0x00003f94   0x000000ec   Code   RO          887    .text.USART_FuncCmd  hc32_ll_usart.o
    0x00004080   0x00004080   0x00000026   Code   RO          959    .text.USART_GetBusClockFreq  hc32_ll_usart.o
    0x000040a6   0x000040a6   0x00000002   PAD
    0x000040a8   0x000040a8   0x00000086   Code   RO          937    .text.USART_GetUsartClockFreq  hc32_ll_usart.o
    0x0000412e   0x0000412e   0x00000002   PAD
    0x00004130   0x00004130   0x00000066   Code   RO          931    .text.USART_ReadData  hc32_ll_usart.o
    0x00004196   0x00004196   0x00000002   PAD
    0x00004198   0x00004198   0x0000001e   Code   RO           33    .text.USART_RxError_IrqCallback  main.o
    0x000041b6   0x000041b6   0x00000002   PAD
    0x000041b8   0x000041b8   0x0000003c   Code   RO           37    .text.USART_RxFull_IrqCallback  main.o
    0x000041f4   0x000041f4   0x0000004a   Code   RO           43    .text.USART_SendStr  main.o
    0x0000423e   0x0000423e   0x00000002   PAD
    0x00004240   0x00004240   0x00000146   Code   RO          871    .text.USART_SetBaudrate  hc32_ll_usart.o
    0x00004386   0x00004386   0x00000002   PAD
    0x00004388   0x00004388   0x00000020   Code   RO           41    .text.USART_TxComplete_IrqCallback  main.o
    0x000043a8   0x000043a8   0x0000004e   Code   RO           39    .text.USART_TxEmpty_IrqCallback  main.o
    0x000043f6   0x000043f6   0x00000002   PAD
    0x000043f8   0x000043f8   0x000002aa   Code   RO          879    .text.USART_UART_Init  hc32_ll_usart.o
    0x000046a2   0x000046a2   0x00000002   PAD
    0x000046a4   0x000046a4   0x00000056   Code   RO          877    .text.USART_UART_StructInit  hc32_ll_usart.o
    0x000046fa   0x000046fa   0x00000002   PAD
    0x000046fc   0x000046fc   0x00000094   Code   RO          933    .text.USART_WriteData  hc32_ll_usart.o
    0x00004790   0x00004790   0x00000030   Code   RO           45    .text.__NVIC_ClearPendingIRQ  main.o
    0x000047c0   0x000047c0   0x00000030   Code   RO           49    .text.__NVIC_EnableIRQ  main.o
    0x000047f0   0x000047f0   0x00000042   Code   RO           47    .text.__NVIC_SetPriority  main.o
    0x00004832   0x00004832   0x00000002   PAD
    0x00004834   0x00004834   0x0000017a   Code   RO           31    .text.main          main.o
    0x000049ae   0x000049ae   0x0000000e   Code   RO         1101    i.__scatterload_copy  mc_w.l(handlers.o)
    0x000049bc   0x000049bc   0x0000000e   Code   RO         1103    i.__scatterload_zeroinit  mc_w.l(handlers.o)
    0x000049ca   0x000049ca   0x00000010   Data   RO         1047    .rodata.BSP_LED_PORT_PIN  ev_hc32f460_lqfp100_v2.o
    0x000049da   0x000049da   0x00000006   Data   RO           55    .rodata.str1.1      main.o
    0x000049e0   0x000049e0   0x0000002c   Data   RO          205    .rodata.str1.1      hc32_ll_clk.o
    0x00004a0c   0x00004a0c   0x0000002c   Data   RO          283    .rodata.str1.1      hc32_ll_efm.o
    0x00004a38   0x00004a38   0x0000002c   Data   RO          299    .rodata.str1.1      hc32_ll_fcg.o
    0x00004a64   0x00004a64   0x0000002d   Data   RO          381    .rodata.str1.1      hc32_ll_gpio.o
    0x00004a91   0x00004a91   0x00000033   Data   RO          690    .rodata.str1.1      hc32_ll_interrupts.o
    0x00004ac4   0x00004ac4   0x0000002c   Data   RO          830    .rodata.str1.1      hc32_ll_pwc.o
    0x00004af0   0x00004af0   0x0000002d   Data   RO          859    .rodata.str1.1      hc32_ll_sram.o
    0x00004b1d   0x00004b1d   0x0000002e   Data   RO          961    .rodata.str1.1      hc32_ll_usart.o
    0x00004b4b   0x00004b4b   0x00000001   PAD
    0x00004b4c   0x00004b4c   0x00000020   Data   RO         1100    Region$$Table       anon$$obj.o


    Execution Region RW_IRAM1 (Exec base: 0x1fff8000, Load base: 0x00004b6c, Size: 0x00000008, Max: 0x00000008, ABSOLUTE, UNINIT)

    Exec Addr    Load Addr    Size         Type   Attr      Idx    E Section Name        Object

    0x1fff8000        -       0x00000008   Zero   RW           15    .bss.noinit         system_hc32f460.o


    Execution Region RW_IRAM2 (Exec base: 0x1fff8008, Load base: 0x00004b70, Size: 0x00002528, Max: 0x0002eff8, ABSOLUTE)

    Exec Addr    Load Addr    Size         Type   Attr      Idx    E Section Name        Object

    0x1fff8008   0x00004b70   0x00000001   Data   RW           56    .data.m_enTxCompleteFlag  main.o
    0x1fff8009   0x00004b71   0x00000007   PAD
    0x1fff8010        -       0x00000200   Zero   RW          691    .bss.m_apfnIrqHandler  hc32_ll_interrupts.o
    0x1fff8210        -       0x00000100   Zero   RW           54    .bss.m_au8RxBuf     main.o
    0x1fff8310        -       0x000001f4   Zero   RW           52    .bss.m_au8TxBuf     main.o
    0x1fff8504        -       0x00000014   Zero   RW           53    .bss.m_stcRxRingBuf  main.o
    0x1fff8518        -       0x00000014   Zero   RW           51    .bss.m_stcTxRingBuf  main.o
    0x1fff852c        -       0x00000004   Zero   RW         1046    .bss.m_u32GlobalKey  ev_hc32f460_lqfp100_v2.o
    0x1fff8530        -       0x00002000   Zero   RW            1    STACK               startup_hc32f460.o


    Execution Region RW_IRAMB (Exec base: 0x200f0000, Load base: 0x00004b78, Size: 0x00000000, Max: 0x00001000, ABSOLUTE)

    **** No section assigned to this execution region ****


==============================================================================

Image component sizes


      Code (inc. data)   RO Data    RW Data    ZI Data      Debug   Object Name

       474          0         16          0          4      19277   ev_hc32f460_lqfp100_v2.o
       460          0          0          0          0       8747   hc32_ll.o
      3812          0         44          0          0      14765   hc32_ll_clk.o
       418          0         44          0          0      12747   hc32_ll_efm.o
       146          0         44          0          0       2662   hc32_ll_fcg.o
      2150          0         45          0          0      14011   hc32_ll_gpio.o
         0          0         32          0          0        612   hc32_ll_icg.o
      3076          0         51          0        512      31138   hc32_ll_interrupts.o
        84          0         44          0          0      36727   hc32_ll_pwc.o
       272          0         45          0          0       2582   hc32_ll_sram.o
      3918          0         46          0          0      15890   hc32_ll_usart.o
       190          0          0          0          0       7807   hc32_ll_utility.o
       872          0          6          1        796      15393   main.o
       558          0          0          0          0       2315   ring_buf.o
       100         24        640          0       8192        860   startup_hc32f460.o
       322          6          0          0          8       3141   system_hc32f460.o

    ----------------------------------------------------------------------
     17124         30       1090          4       9516     188674   Object Totals
         0          0         32          0          0          0   (incl. Generated)
       272          0          1          3          4          0   (incl. Padding)

    ----------------------------------------------------------------------

      Code (inc. data)   RO Data    RW Data    ZI Data      Debug   Library Member Name

         0          0          0          0          0          0   entry.o
         0          0          0          0          0          0   entry10a.o
         0          0          0          0          0          0   entry11a.o
         8          4          0          0          0          0   entry2.o
         4          0          0          0          0          0   entry5.o
         0          0          0          0          0          0   entry7b.o
         0          0          0          0          0          0   entry8b.o
         8          4          0          0          0          0   entry9a.o
        30          0          0          0          0          0   handlers.o
        48         10          0          0          0         68   init.o
         0          0          0          0          0          0   iusefp.o
        30          0          0          0          0         68   llshl.o
        32          0          0          0          0         68   llushr.o
        36          0          0          0          0         68   memcpya.o
        98          0          0          0          0         92   uldiv.o
        56          0          0          0          0         88   d2f.o
       222          0          0          0          0        100   ddiv.o
       186          0          0          0          0        176   depilogue.o
        26          0          0          0          0         76   dfltui.o
        24          0          0          0          0         76   dfltul.o
       176          0          0          0          0        140   fadd.o
       110          0          0          0          0        168   fepilogue.o

    ----------------------------------------------------------------------
      1094         18          0          0          0       1188   Library Totals
         0          0          0          0          0          0   (incl. Padding)

    ----------------------------------------------------------------------

      Code (inc. data)   RO Data    RW Data    ZI Data      Debug   Library Name

       294         18          0          0          0        364   mc_w.l
       800          0          0          0          0        824   mf_w.l

    ----------------------------------------------------------------------
      1094         18          0          0          0       1188   Library Totals

    ----------------------------------------------------------------------

==============================================================================


      Code (inc. data)   RO Data    RW Data    ZI Data      Debug   

     18218         48       1090          4       9516     189234   Grand Totals
     18218         48       1090          4       9516     189234   ELF Image Totals
     18218         48       1090          4          0          0   ROM Totals

==============================================================================

    Total RO  Size (Code + RO Data)                19308 (  18.86kB)
    Total RW  Size (RW Data + ZI Data)              9520 (   9.30kB)
    Total ROM Size (Code + RO Data + RW Data)      19312 (  18.86kB)

==============================================================================

