Component: Arm Compiler for Embedded 6.24 Tool: armlink [5f371500]

==============================================================================

Section Cross References

    startup_hc32f460.o(RESET) refers to startup_hc32f460.o(STACK) for __initial_sp
    startup_hc32f460.o(RESET) refers to startup_hc32f460.o(.text) for Reset_Handler
    startup_hc32f460.o(RESET) refers to board.o(.text.SysTick_Handler) for SysTick_Handler
    startup_hc32f460.o(RESET) refers to hc32_ll_interrupts.o(.text.IRQ000_Handler) for IRQ000_Handler
    startup_hc32f460.o(RESET) refers to hc32_ll_interrupts.o(.text.IRQ001_Handler) for IRQ001_Handler
    startup_hc32f460.o(RESET) refers to hc32_ll_interrupts.o(.text.IRQ002_Handler) for IRQ002_Handler
    startup_hc32f460.o(RESET) refers to hc32_ll_interrupts.o(.text.IRQ003_Handler) for IRQ003_Handler
    startup_hc32f460.o(RESET) refers to hc32_ll_interrupts.o(.text.IRQ004_Handler) for IRQ004_Handler
    startup_hc32f460.o(RESET) refers to hc32_ll_interrupts.o(.text.IRQ005_Handler) for IRQ005_Handler
    startup_hc32f460.o(RESET) refers to hc32_ll_interrupts.o(.text.IRQ006_Handler) for IRQ006_Handler
    startup_hc32f460.o(RESET) refers to hc32_ll_interrupts.o(.text.IRQ007_Handler) for IRQ007_Handler
    startup_hc32f460.o(RESET) refers to hc32_ll_interrupts.o(.text.IRQ008_Handler) for IRQ008_Handler
    startup_hc32f460.o(RESET) refers to hc32_ll_interrupts.o(.text.IRQ009_Handler) for IRQ009_Handler
    startup_hc32f460.o(RESET) refers to hc32_ll_interrupts.o(.text.IRQ010_Handler) for IRQ010_Handler
    startup_hc32f460.o(RESET) refers to hc32_ll_interrupts.o(.text.IRQ011_Handler) for IRQ011_Handler
    startup_hc32f460.o(RESET) refers to hc32_ll_interrupts.o(.text.IRQ012_Handler) for IRQ012_Handler
    startup_hc32f460.o(RESET) refers to hc32_ll_interrupts.o(.text.IRQ013_Handler) for IRQ013_Handler
    startup_hc32f460.o(RESET) refers to hc32_ll_interrupts.o(.text.IRQ014_Handler) for IRQ014_Handler
    startup_hc32f460.o(RESET) refers to hc32_ll_interrupts.o(.text.IRQ015_Handler) for IRQ015_Handler
    startup_hc32f460.o(RESET) refers to hc32_ll_interrupts.o(.text.IRQ016_Handler) for IRQ016_Handler
    startup_hc32f460.o(RESET) refers to hc32_ll_interrupts.o(.text.IRQ017_Handler) for IRQ017_Handler
    startup_hc32f460.o(RESET) refers to hc32_ll_interrupts.o(.text.IRQ018_Handler) for IRQ018_Handler
    startup_hc32f460.o(RESET) refers to hc32_ll_interrupts.o(.text.IRQ019_Handler) for IRQ019_Handler
    startup_hc32f460.o(RESET) refers to hc32_ll_interrupts.o(.text.IRQ020_Handler) for IRQ020_Handler
    startup_hc32f460.o(RESET) refers to hc32_ll_interrupts.o(.text.IRQ021_Handler) for IRQ021_Handler
    startup_hc32f460.o(RESET) refers to hc32_ll_interrupts.o(.text.IRQ022_Handler) for IRQ022_Handler
    startup_hc32f460.o(RESET) refers to hc32_ll_interrupts.o(.text.IRQ023_Handler) for IRQ023_Handler
    startup_hc32f460.o(RESET) refers to hc32_ll_interrupts.o(.text.IRQ024_Handler) for IRQ024_Handler
    startup_hc32f460.o(RESET) refers to hc32_ll_interrupts.o(.text.IRQ025_Handler) for IRQ025_Handler
    startup_hc32f460.o(RESET) refers to hc32_ll_interrupts.o(.text.IRQ026_Handler) for IRQ026_Handler
    startup_hc32f460.o(RESET) refers to hc32_ll_interrupts.o(.text.IRQ027_Handler) for IRQ027_Handler
    startup_hc32f460.o(RESET) refers to hc32_ll_interrupts.o(.text.IRQ028_Handler) for IRQ028_Handler
    startup_hc32f460.o(RESET) refers to hc32_ll_interrupts.o(.text.IRQ029_Handler) for IRQ029_Handler
    startup_hc32f460.o(RESET) refers to hc32_ll_interrupts.o(.text.IRQ030_Handler) for IRQ030_Handler
    startup_hc32f460.o(RESET) refers to hc32_ll_interrupts.o(.text.IRQ031_Handler) for IRQ031_Handler
    startup_hc32f460.o(RESET) refers to hc32_ll_interrupts.o(.text.IRQ032_Handler) for IRQ032_Handler
    startup_hc32f460.o(RESET) refers to hc32_ll_interrupts.o(.text.IRQ033_Handler) for IRQ033_Handler
    startup_hc32f460.o(RESET) refers to hc32_ll_interrupts.o(.text.IRQ034_Handler) for IRQ034_Handler
    startup_hc32f460.o(RESET) refers to hc32_ll_interrupts.o(.text.IRQ035_Handler) for IRQ035_Handler
    startup_hc32f460.o(RESET) refers to hc32_ll_interrupts.o(.text.IRQ036_Handler) for IRQ036_Handler
    startup_hc32f460.o(RESET) refers to hc32_ll_interrupts.o(.text.IRQ037_Handler) for IRQ037_Handler
    startup_hc32f460.o(RESET) refers to hc32_ll_interrupts.o(.text.IRQ038_Handler) for IRQ038_Handler
    startup_hc32f460.o(RESET) refers to hc32_ll_interrupts.o(.text.IRQ039_Handler) for IRQ039_Handler
    startup_hc32f460.o(RESET) refers to hc32_ll_interrupts.o(.text.IRQ040_Handler) for IRQ040_Handler
    startup_hc32f460.o(RESET) refers to hc32_ll_interrupts.o(.text.IRQ041_Handler) for IRQ041_Handler
    startup_hc32f460.o(RESET) refers to hc32_ll_interrupts.o(.text.IRQ042_Handler) for IRQ042_Handler
    startup_hc32f460.o(RESET) refers to hc32_ll_interrupts.o(.text.IRQ043_Handler) for IRQ043_Handler
[...]
    [Anonymous Symbol]                       0x00003c60   Section        0  hc32_ll_interrupts.o(.text.IRQ093_Handler)
    [Anonymous Symbol]                       0x00003c78   Section        0  hc32_ll_interrupts.o(.text.IRQ094_Handler)
    [Anonymous Symbol]                       0x00003c90   Section        0  hc32_ll_interrupts.o(.text.IRQ095_Handler)
    [Anonymous Symbol]                       0x00003ca8   Section        0  hc32_ll_interrupts.o(.text.IRQ096_Handler)
    [Anonymous Symbol]                       0x00003cc0   Section        0  hc32_ll_interrupts.o(.text.IRQ097_Handler)
    [Anonymous Symbol]                       0x00003cd8   Section        0  hc32_ll_interrupts.o(.text.IRQ098_Handler)
    [Anonymous Symbol]                       0x00003cf0   Section        0  hc32_ll_interrupts.o(.text.IRQ099_Handler)
    [Anonymous Symbol]                       0x00003d08   Section        0  hc32_ll_interrupts.o(.text.IRQ100_Handler)
    [Anonymous Symbol]                       0x00003d20   Section        0  hc32_ll_interrupts.o(.text.IRQ101_Handler)
    [Anonymous Symbol]                       0x00003d38   Section        0  hc32_ll_interrupts.o(.text.IRQ102_Handler)
    [Anonymous Symbol]                       0x00003d50   Section        0  hc32_ll_interrupts.o(.text.IRQ103_Handler)
    [Anonymous Symbol]                       0x00003d68   Section        0  hc32_ll_interrupts.o(.text.IRQ104_Handler)
    [Anonymous Symbol]                       0x00003d80   Section        0  hc32_ll_interrupts.o(.text.IRQ105_Handler)
    [Anonymous Symbol]                       0x00003d98   Section        0  hc32_ll_interrupts.o(.text.IRQ106_Handler)
    [Anonymous Symbol]                       0x00003db0   Section        0  hc32_ll_interrupts.o(.text.IRQ107_Handler)
    [Anonymous Symbol]                       0x00003dc8   Section        0  hc32_ll_interrupts.o(.text.IRQ108_Handler)
    [Anonymous Symbol]                       0x00003de0   Section        0  hc32_ll_interrupts.o(.text.IRQ109_Handler)
    [Anonymous Symbol]                       0x00003df8   Section        0  hc32_ll_interrupts.o(.text.IRQ110_Handler)
    [Anonymous Symbol]                       0x00003e10   Section        0  hc32_ll_interrupts.o(.text.IRQ111_Handler)
    [Anonymous Symbol]                       0x00003e28   Section        0  hc32_ll_interrupts.o(.text.IRQ112_Handler)
    [Anonymous Symbol]                       0x00003e40   Section        0  hc32_ll_interrupts.o(.text.IRQ113_Handler)
    [Anonymous Symbol]                       0x00003e58   Section        0  hc32_ll_interrupts.o(.text.IRQ114_Handler)
    [Anonymous Symbol]                       0x00003e70   Section        0  hc32_ll_interrupts.o(.text.IRQ115_Handler)
    [Anonymous Symbol]                       0x00003e88   Section        0  hc32_ll_interrupts.o(.text.IRQ116_Handler)
    [Anonymous Symbol]                       0x00003ea0   Section        0  hc32_ll_interrupts.o(.text.IRQ117_Handler)
    [Anonymous Symbol]                       0x00003eb8   Section        0  hc32_ll_interrupts.o(.text.IRQ118_Handler)
    [Anonymous Symbol]                       0x00003ed0   Section        0  hc32_ll_interrupts.o(.text.IRQ119_Handler)
    [Anonymous Symbol]                       0x00003ee8   Section        0  hc32_ll_interrupts.o(.text.IRQ120_Handler)
    [Anonymous Symbol]                       0x00003f00   Section        0  hc32_ll_interrupts.o(.text.IRQ121_Handler)
    [Anonymous Symbol]                       0x00003f18   Section        0  hc32_ll_interrupts.o(.text.IRQ122_Handler)
    [Anonymous Symbol]                       0x00003f30   Section        0  hc32_ll_interrupts.o(.text.IRQ123_Handler)
    [Anonymous Symbol]                       0x00003f48   Section        0  hc32_ll_interrupts.o(.text.IRQ124_Handler)
    [Anonymous Symbol]                       0x00003f60   Section        0  hc32_ll_interrupts.o(.text.IRQ125_Handler)
    [Anonymous Symbol]                       0x00003f78   Section        0  hc32_ll_interrupts.o(.text.IRQ126_Handler)
    [Anonymous Symbol]                       0x00003f90   Section        0  hc32_ll_interrupts.o(.text.IRQ127_Handler)
    [Anonymous Symbol]                       0x00003fa8   Section        0  hc32_ll.o(.text.LL_PERIPH_WE)
    [Anonymous Symbol]                       0x00004024   Section        0  hc32_ll.o(.text.LL_PERIPH_WP)
    PWC_FCG0_REG_Lock                        0x000040a1   Thumb Code    18  hc32_ll.o(.text.PWC_FCG0_REG_Lock)
    [Anonymous Symbol]                       0x000040a0   Section        0  hc32_ll.o(.text.PWC_FCG0_REG_Lock)
    PWC_FCG0_REG_Unlock                      0x000040b5   Thumb Code    18  hc32_ll.o(.text.PWC_FCG0_REG_Unlock)
    [Anonymous Symbol]                       0x000040b4   Section        0  hc32_ll.o(.text.PWC_FCG0_REG_Unlock)
    [Anonymous Symbol]                       0x000040c8   Section        0  hc32_ll_pwc.o(.text.PWC_HighSpeedToHighPerformance)
    PWC_REG_Lock                             0x0000411d   Thumb Code    32  hc32_ll.o(.text.PWC_REG_Lock)
    [Anonymous Symbol]                       0x0000411c   Section        0  hc32_ll.o(.text.PWC_REG_Lock)
    PWC_REG_Unlock                           0x0000413d   Thumb Code    28  hc32_ll.o(.text.PWC_REG_Unlock)
    [Anonymous Symbol]                       0x0000413c   Section        0  hc32_ll.o(.text.PWC_REG_Unlock)
    RX_DMA_TC_IrqCallback                    0x00004159   Thumb Code    64  drv_uart_dma.o(.text.RX_DMA_TC_IrqCallback)
    [Anonymous Symbol]                       0x00004158   Section        0  drv_uart_dma.o(.text.RX_DMA_TC_IrqCallback)
    SRAM_REG_Lock                            0x00004199   Thumb Code    24  hc32_ll.o(.text.SRAM_REG_Lock)
    [Anonymous Symbol]                       0x00004198   Section        0  hc32_ll.o(.text.SRAM_REG_Lock)
    SRAM_REG_Unlock                          0x000041b1   Thumb Code    24  hc32_ll.o(.text.SRAM_REG_Unlock)
    [Anonymous Symbol]                       0x000041b0   Section        0  hc32_ll.o(.text.SRAM_REG_Unlock)
    [Anonymous Symbol]                       0x000041c8   Section        0  hc32_ll_sram.o(.text.SRAM_SetWaitCycle)
    SetSysClockDiv                           0x000042d9   Thumb Code  1174  hc32_ll_clk.o(.text.SetSysClockDiv)
    [Anonymous Symbol]                       0x000042d8   Section        0  hc32_ll_clk.o(.text.SetSysClockDiv)
    SetSysClockSrc                           0x00004771   Thumb Code   410  hc32_ll_clk.o(.text.SetSysClockSrc)
    [Anonymous Symbol]                       0x00004770   Section        0  hc32_ll_clk.o(.text.SetSysClockSrc)
    SmartCard_CalculateBrr                   0x0000490d   Thumb Code   718  hc32_ll_usart.o(.text.SmartCard_CalculateBrr)
    [Anonymous Symbol]                       0x0000490c   Section        0  hc32_ll_usart.o(.text.SmartCard_CalculateBrr)
    SysTick_Config                           0x00004bdd   Thumb Code    82  hc32_ll_utility.o(.text.SysTick_Config)
    [Anonymous Symbol]                       0x00004bdc   Section        0  hc32_ll_utility.o(.text.SysTick_Config)
    [Anonymous Symbol]                       0x00004c30   Section        0  hc32_ll_utility.o(.text.SysTick_GetTick)
    [Anonymous Symbol]                       0x00004c3c   Section        0  board.o(.text.SysTick_Handler)
    [Anonymous Symbol]                       0x00004c48   Section        0  hc32_ll_utility.o(.text.SysTick_IncTick)
    [Anonymous Symbol]                       0x00004c64   Section        0  hc32_ll_utility.o(.text.SysTick_Init)
    [Anonymous Symbol]                       0x00004ccc   Section        0  system_hc32f460.o(.text.SystemCoreClockUpdate)
    [Anonymous Symbol]                       0x00004dfc   Section        0  system_hc32f460.o(.text.SystemInit)
    TMR0_Config                              0x00004e11   Thumb Code   196  drv_uart_dma.o(.text.TMR0_Config)
    [Anonymous Symbol]                       0x00004e10   Section        0  drv_uart_dma.o(.text.TMR0_Config)
    [Anonymous Symbol]                       0x00004ed4   Section        0  hc32_ll_tmr0.o(.text.TMR0_HWClearCondCmd)
    [Anonymous Symbol]                       0x00004fa4   Section        0  hc32_ll_tmr0.o(.text.TMR0_HWStartCondCmd)
    [Anonymous Symbol]                       0x00005074   Section        0  hc32_ll_tmr0.o(.text.TMR0_Init)
    TX_DMA_TC_IrqCallback                    0x0000523d   Thumb Code    52  drv_uart_dma.o(.text.TX_DMA_TC_IrqCallback)
    [Anonymous Symbol]                       0x0000523c   Section        0  drv_uart_dma.o(.text.TX_DMA_TC_IrqCallback)
    UART_CalculateBrr                        0x00005271   Thumb Code   680  hc32_ll_usart.o(.text.UART_CalculateBrr)
    [Anonymous Symbol]                       0x00005270   Section        0  hc32_ll_usart.o(.text.UART_CalculateBrr)
    [Anonymous Symbol]                       0x00005518   Section        0  hc32_ll_usart.o(.text.USART_ClearStatus)
    [Anonymous Symbol]                       0x000055e0   Section        0  hc32_ll_usart.o(.text.USART_FuncCmd)
    USART_GetBusClockFreq                    0x000056cd   Thumb Code    38  hc32_ll_usart.o(.text.USART_GetBusClockFreq)
    [Anonymous Symbol]                       0x000056cc   Section        0  hc32_ll_usart.o(.text.USART_GetBusClockFreq)
    USART_GetUsartClockFreq                  0x000056f5   Thumb Code   134  hc32_ll_usart.o(.text.USART_GetUsartClockFreq)
    [Anonymous Symbol]                       0x000056f4   Section        0  hc32_ll_usart.o(.text.USART_GetUsartClockFreq)
    [Anonymous Symbol]                       0x0000577c   Section        0  hc32_ll_usart.o(.text.USART_ReadData)
    USART_RxError_IrqCallback                0x000057e5   Thumb Code    30  drv_uart_dma.o(.text.USART_RxError_IrqCallback)
    [Anonymous Symbol]                       0x000057e4   Section        0  drv_uart_dma.o(.text.USART_RxError_IrqCallback)
    USART_RxTimeout_IrqCallback              0x00005805   Thumb Code    96  drv_uart_dma.o(.text.USART_RxTimeout_IrqCallback)
    [Anonymous Symbol]                       0x00005804   Section        0  drv_uart_dma.o(.text.USART_RxTimeout_IrqCallback)
    [Anonymous Symbol]                       0x00005864   Section        0  hc32_ll_usart.o(.text.USART_SetBaudrate)
    USART_StopTimeoutTimer                   0x000059ad   Thumb Code    92  drv_uart_dma.o(.text.USART_StopTimeoutTimer)
    [Anonymous Symbol]                       0x000059ac   Section        0  drv_uart_dma.o(.text.USART_StopTimeoutTimer)
    USART_TxComplete_IrqCallback             0x00005a09   Thumb Code    38  drv_uart_dma.o(.text.USART_TxComplete_IrqCallback)
    [Anonymous Symbol]                       0x00005a08   Section        0  drv_uart_dma.o(.text.USART_TxComplete_IrqCallback)
    [Anonymous Symbol]                       0x00005a30   Section        0  hc32_ll_usart.o(.text.USART_UART_Init)
    [Anonymous Symbol]                       0x00005cdc   Section        0  hc32_ll_usart.o(.text.USART_UART_StructInit)
    UartFrame_Process                        0x00005d35   Thumb Code    28  app.o(.text.UartFrame_Process)
    [Anonymous Symbol]                       0x00005d34   Section        0  app.o(.text.UartFrame_Process)
    __NVIC_ClearPendingIRQ                   0x00005d51   Thumb Code    48  drv_uart_dma.o(.text.__NVIC_ClearPendingIRQ)
    [Anonymous Symbol]                       0x00005d50   Section        0  drv_uart_dma.o(.text.__NVIC_ClearPendingIRQ)
    __NVIC_EnableIRQ                         0x00005d81   Thumb Code    48  drv_uart_dma.o(.text.__NVIC_EnableIRQ)
    [Anonymous Symbol]                       0x00005d80   Section        0  drv_uart_dma.o(.text.__NVIC_EnableIRQ)
    __NVIC_SetPriority                       0x00005db1   Thumb Code    66  drv_uart_dma.o(.text.__NVIC_SetPriority)
    [Anonymous Symbol]                       0x00005db0   Section        0  drv_uart_dma.o(.text.__NVIC_SetPriority)
    __NVIC_SetPriority                       0x00005df5   Thumb Code    66  hc32_ll_utility.o(.text.__NVIC_SetPriority)
    [Anonymous Symbol]                       0x00005df4   Section        0  hc32_ll_utility.o(.text.__NVIC_SetPriority)
    [Anonymous Symbol]                       0x00005e38   Section        0  main.o(.text.main)
    i.__scatterload_copy                     0x00005e54   Section       14  handlers.o(i.__scatterload_copy)
    i.__scatterload_null                     0x00005e62   Section        2  handlers.o(i.__scatterload_null)
    i.__scatterload_zeroinit                 0x00005e64   Section       14  handlers.o(i.__scatterload_zeroinit)
    .L.str                                   0x00005e72   Data          59  hc32_ll_aos.o(.rodata.str1.1)
    [Anonymous Symbol]                       0x00005e72   Section        0  hc32_ll_aos.o(.rodata.str1.1)
    .L.str                                   0x00005ead   Data          59  hc32_ll_clk.o(.rodata.str1.1)
    [Anonymous Symbol]                       0x00005ead   Section        0  hc32_ll_clk.o(.rodata.str1.1)
    .L.str                                   0x00005ee8   Data          59  hc32_ll_dma.o(.rodata.str1.1)
    [Anonymous Symbol]                       0x00005ee8   Section        0  hc32_ll_dma.o(.rodata.str1.1)
    .L.str                                   0x00005f23   Data          59  hc32_ll_efm.o(.rodata.str1.1)
    [Anonymous Symbol]                       0x00005f23   Section        0  hc32_ll_efm.o(.rodata.str1.1)
    .L.str                                   0x00005f5e   Data          59  hc32_ll_fcg.o(.rodata.str1.1)
    [Anonymous Symbol]                       0x00005f5e   Section        0  hc32_ll_fcg.o(.rodata.str1.1)
    .L.str                                   0x00005f99   Data          60  hc32_ll_gpio.o(.rodata.str1.1)
    [Anonymous Symbol]                       0x00005f99   Section        0  hc32_ll_gpio.o(.rodata.str1.1)
    .L.str                                   0x00005fd5   Data          66  hc32_ll_interrupts.o(.rodata.str1.1)
    [Anonymous Symbol]                       0x00005fd5   Section        0  hc32_ll_interrupts.o(.rodata.str1.1)
    .L.str                                   0x00006017   Data          59  hc32_ll_pwc.o(.rodata.str1.1)
    [Anonymous Symbol]                       0x00006017   Section        0  hc32_ll_pwc.o(.rodata.str1.1)
    .L.str                                   0x00006052   Data          60  hc32_ll_sram.o(.rodata.str1.1)
    [Anonymous Symbol]                       0x00006052   Section        0  hc32_ll_sram.o(.rodata.str1.1)
    .L.str                                   0x0000608e   Data          60  hc32_ll_tmr0.o(.rodata.str1.1)
    [Anonymous Symbol]                       0x0000608e   Section        0  hc32_ll_tmr0.o(.rodata.str1.1)
    .L.str                                   0x000060ca   Data          61  hc32_ll_usart.o(.rodata.str1.1)
    [Anonymous Symbol]                       0x000060ca   Section        0  hc32_ll_usart.o(.rodata.str1.1)
    m_au8HeartbeatMsg                        0x1fff8008   Data           6  app.o(.data.m_au8HeartbeatMsg)
    [Anonymous Symbol]                       0x1fff8008   Section        0  app.o(.data.m_au8HeartbeatMsg)
    DMA_ChCmd.u8DmaChEnState                 0x1fff8010   Data           1  hc32_ll_dma.o(.bss.DMA_ChCmd.u8DmaChEnState)
    [Anonymous Symbol]                       0x1fff8010   Section        0  hc32_ll_dma.o(.bss.DMA_ChCmd.u8DmaChEnState)
    DMA_Config.stcLlpDesc                    0x1fff8014   Data          32  drv_uart_dma.o(.bss.DMA_Config.stcLlpDesc)
    [Anonymous Symbol]                       0x1fff8014   Section        0  drv_uart_dma.o(.bss.DMA_Config.stcLlpDesc)
    Heartbeat_Process.u32LastTick            0x1fff8034   Data           4  app.o(.bss.Heartbeat_Process.u32LastTick)
    [Anonymous Symbol]                       0x1fff8034   Section        0  app.o(.bss.Heartbeat_Process.u32LastTick)
    m_apfnIrqHandler                         0x1fff8038   Data         512  hc32_ll_interrupts.o(.bss.m_apfnIrqHandler)
    [Anonymous Symbol]                       0x1fff8038   Section        0  hc32_ll_interrupts.o(.bss.m_apfnIrqHandler)
    m_au8RxBuf                               0x1fff8238   Data         500  drv_uart_dma.o(.bss.m_au8RxBuf)
    [Anonymous Symbol]                       0x1fff8238   Section        0  drv_uart_dma.o(.bss.m_au8RxBuf)
    m_enRxFrameEnd                           0x1fff842c   Data           1  drv_uart_dma.o(.bss.m_enRxFrameEnd)
    [Anonymous Symbol]                       0x1fff842c   Section        0  drv_uart_dma.o(.bss.m_enRxFrameEnd)
    m_enTxBusy                               0x1fff842d   Data           1  drv_uart_dma.o(.bss.m_enTxBusy)
    [Anonymous Symbol]                       0x1fff842d   Section        0  drv_uart_dma.o(.bss.m_enTxBusy)
    m_u16RxLen                               0x1fff842e   Data           2  drv_uart_dma.o(.bss.m_u16RxLen)
    [Anonymous Symbol]                       0x1fff842e   Section        0  drv_uart_dma.o(.bss.m_u16RxLen)
    m_u32GlobalKey                           0x1fff8430   Data           4  ev_hc32f460_lqfp100_v2.o(.bss.m_u32GlobalKey)
    [Anonymous Symbol]                       0x1fff8430   Section        0  ev_hc32f460_lqfp100_v2.o(.bss.m_u32GlobalKey)
    m_u32TickCount                           0x1fff8434   Data           4  hc32_ll_utility.o(.bss.m_u32TickCount)
    [Anonymous Symbol]                       0x1fff8434   Section        0  hc32_ll_utility.o(.bss.m_u32TickCount)
    m_u32TickStep                            0x1fff8438   Data           4  hc32_ll_utility.o(.bss.m_u32TickStep)
    [Anonymous Symbol]                       0x1fff8438   Section        0  hc32_ll_utility.o(.bss.m_u32TickStep)
    STACK                                    0x1fff8440   Section     8192  startup_hc32f460.o(STACK)

    Global Symbols

    Symbol Name                              Value     Ov Type        Size  Object(Section)

    BuildAttributes$$THM_ISAv4$E$P$D$K$B$S$7EM$PE$A:L22UL41UL21$X:L11$S22US41US21$IEEE1$IW$~IW$USESV6$~STKCKD$USESV7$~SHL$OTIME$ROPI$EBA8$MICROLIB$REQ8$PRES8$EABIv2 0x00000000   Number         0  anon$$obj.o ABSOLUTE
    __Vectors                                0x00000000   Data           4  startup_hc32f460.o(RESET)
    __cpp_initialize__aeabi_                  - Undefined Weak Reference
    __cxa_finalize                            - Undefined Weak Reference
    __decompress                              - Undefined Weak Reference
    _clock_init                               - Undefined Weak Reference
    _microlib_exit                            - Undefined Weak Reference
    __Vectors_End                            0x00000280   Data           0  startup_hc32f460.o(RESET)
    __Vectors_Size                           0x00000280   Number         0  startup_hc32f460.o ABSOLUTE
    __main                                   0x00000281   Thumb Code     0  entry.o(.ARM.Collect$$$$00000000)
    _main_stk                                0x00000281   Thumb Code     0  entry2.o(.ARM.Collect$$$$00000001)
    _main_scatterload                        0x00000285   Thumb Code     0  entry5.o(.ARM.Collect$$$$00000004)
    __main_after_scatterload                 0x00000289   Thumb Code     0  entry5.o(.ARM.Collect$$$$00000004)
    _main_clock                              0x00000289   Thumb Code     0  entry7b.o(.ARM.Collect$$$$00000008)
    _main_cpp_init                           0x00000289   Thumb Code     0  entry8b.o(.ARM.Collect$$$$0000000A)
    _main_init                               0x00000289   Thumb Code     0  entry9a.o(.ARM.Collect$$$$0000000B)
    __rt_final_cpp                           0x00000291   Thumb Code     0  entry10a.o(.ARM.Collect$$$$0000000D)
    __rt_final_exit                          0x00000291   Thumb Code     0  entry11a.o(.ARM.Collect$$$$0000000F)
    Reset_Handler                            0x00000295   Thumb Code    56  startup_hc32f460.o(.text)
    NMI_Handler                              0x000002cd   Thumb Code     2  startup_hc32f460.o(.text)
    HardFault_Handler                        0x000002cf   Thumb Code     2  startup_hc32f460.o(.text)
    MemManage_Handler                        0x000002d1   Thumb Code     2  startup_hc32f460.o(.text)
    BusFault_Handler                         0x000002d3   Thumb Code     2  startup_hc32f460.o(.text)
    UsageFault_Handler                       0x000002d5   Thumb Code     2  startup_hc32f460.o(.text)
    SVC_Handler                              0x000002d7   Thumb Code     2  startup_hc32f460.o(.text)
    DebugMon_Handler                         0x000002d9   Thumb Code     2  startup_hc32f460.o(.text)
    PendSV_Handler                           0x000002db   Thumb Code     2  startup_hc32f460.o(.text)
    IRQ128_Handler                           0x000002df   Thumb Code     0  startup_hc32f460.o(.text)
    IRQ129_Handler                           0x000002df   Thumb Code     0  startup_hc32f460.o(.text)
    IRQ130_Handler                           0x000002df   Thumb Code     0  startup_hc32f460.o(.text)
    IRQ131_Handler                           0x000002df   Thumb Code     0  startup_hc32f460.o(.text)
    IRQ132_Handler                           0x000002df   Thumb Code     0  startup_hc32f460.o(.text)
    IRQ133_Handler                           0x000002df   Thumb Code     0  startup_hc32f460.o(.text)
    IRQ134_Handler                           0x000002df   Thumb Code     0  startup_hc32f460.o(.text)
    IRQ135_Handler                           0x000002df   Thumb Code     0  startup_hc32f460.o(.text)
    IRQ136_Handler                           0x000002df   Thumb Code     0  startup_hc32f460.o(.text)
    IRQ137_Handler                           0x000002df   Thumb Code     0  startup_hc32f460.o(.text)
    IRQ138_Handler                           0x000002df   Thumb Code     0  startup_hc32f460.o(.text)
    IRQ139_Handler                           0x000002df   Thumb Code     0  startup_hc32f460.o(.text)
    IRQ140_Handler                           0x000002df   Thumb Code     0  startup_hc32f460.o(.text)
    IRQ141_Handler                           0x000002df   Thumb Code     0  startup_hc32f460.o(.text)
    IRQ142_Handler                           0x000002df   Thumb Code     0  startup_hc32f460.o(.text)
    IRQ143_Handler                           0x000002df   Thumb Code     0  startup_hc32f460.o(.text)
    __aeabi_uldivmod                         0x000002f9   Thumb Code    98  uldiv.o(.text)
    __aeabi_memcpy                           0x0000035b   Thumb Code    36  memcpya.o(.text)
    __aeabi_memcpy4                          0x0000035b   Thumb Code     0  memcpya.o(.text)
    __aeabi_memcpy8                          0x0000035b   Thumb Code     0  memcpya.o(.text)
    __aeabi_ui2d                             0x0000037f   Thumb Code    26  dfltui.o(.text)
    __aeabi_ul2d                             0x00000399   Thumb Code    24  dfltul.o(.text)
    __aeabi_d2f                              0x000003b1   Thumb Code    56  d2f.o(.text)
    __I$use$fp                               0x000003e9   Thumb Code     0  iusefp.o(.text)
    App_Process                              0x000003f5   Thumb Code    12  app.o(.text.App_Process)
    u32ICGValue                              0x00000400   Data          32  hc32_ll_icg.o(.ARM.__at_0x400)
    __aeabi_fadd                             0x00000421   Thumb Code   164  fadd.o(.text)
    __aeabi_fsub                             0x000004c5   Thumb Code     6  fadd.o(.text)
    __aeabi_frsub                            0x000004cb   Thumb Code     6  fadd.o(.text)
    __aeabi_ddiv                             0x000004d1   Thumb Code   222  ddiv.o(.text)
    __aeabi_llsl                             0x000005af   Thumb Code    30  llshl.o(.text)
    _ll_shift_l                              0x000005af   Thumb Code     0  llshl.o(.text)
    __aeabi_llsr                             0x000005cd   Thumb Code    32  llushr.o(.text)
    _ll_ushift_r                             0x000005cd   Thumb Code     0  llushr.o(.text)
    _float_round                             0x000005ed   Thumb Code    18  fepilogue.o(.text)
    _float_epilogue                          0x000005ff   Thumb Code    92  fepilogue.o(.text)
    _double_round                            0x0000065b   Thumb Code    30  depilogue.o(.text)
    _double_epilogue                         0x00000679   Thumb Code   156  depilogue.o(.text)
    __scatterload                            0x00000715   Thumb Code    38  init.o(.text)
    __scatterload_rt2                        0x00000715   Thumb Code     0  init.o(.text)
    AOS_SetTriggerEventSrc                   0x00000745   Thumb Code    94  hc32_ll_aos.o(.text.AOS_SetTriggerEventSrc)
    App_Init                                 0x000007a5   Thumb Code    20  app.o(.text.App_Init)
    BSP_CLK_Init                             0x000007b9   Thumb Code   264  ev_hc32f460_lqfp100_v2.o(.text.BSP_CLK_Init)
    BSP_KEY_KEY10_IrqHandler                 0x000008c1   Thumb Code    42  ev_hc32f460_lqfp100_v2.o(.text.BSP_KEY_KEY10_IrqHandler)
    Board_GetTick                            0x000008ed   Thumb Code     8  board.o(.text.Board_GetTick)
    Board_Init                               0x000008f5   Thumb Code    16  board.o(.text.Board_Init)
    Board_PeriphLock                         0x00000905   Thumb Code    10  board.o(.text.Board_PeriphLock)
    Board_PeriphUnlock                       0x00000911   Thumb Code    10  board.o(.text.Board_PeriphUnlock)
    CLK_GetStableStatus                      0x0000091d   Thumb Code    82  hc32_ll_clk.o(.text.CLK_GetStableStatus)
    CLK_PLLCmd                               0x00000971   Thumb Code   236  hc32_ll_clk.o(.text.CLK_PLLCmd)
    CLK_PLLInit                              0x00000a5d   Thumb Code   950  hc32_ll_clk.o(.text.CLK_PLLInit)
    CLK_PLLStructInit                        0x00000e15   Thumb Code   114  hc32_ll_clk.o(.text.CLK_PLLStructInit)
    CLK_SetClockDiv                          0x00000e89   Thumb Code    24  hc32_ll_clk.o(.text.CLK_SetClockDiv)
    CLK_SetSysClockSrc                       0x00000ea1   Thumb Code    24  hc32_ll_clk.o(.text.CLK_SetSysClockSrc)
    CLK_XtalCmd                              0x00000efd   Thumb Code   240  hc32_ll_clk.o(.text.CLK_XtalCmd)
    CLK_XtalInit                             0x00000fed   Thumb Code   434  hc32_ll_clk.o(.text.CLK_XtalInit)
    CLK_XtalStructInit                       0x000011a1   Thumb Code    58  hc32_ll_clk.o(.text.CLK_XtalStructInit)
    DDL_AssertHandler                        0x00001415   Thumb Code    10  hc32_ll_utility.o(.text.DDL_AssertHandler)
    DDL_DelayUS                              0x00001421   Thumb Code    92  hc32_ll_utility.o(.text.DDL_DelayUS)
    DMA_ChCmd                                0x0000147d   Thumb Code   814  hc32_ll_dma.o(.text.DMA_ChCmd)
    DMA_ClearTransCompleteStatus             0x000017ad   Thumb Code   118  hc32_ll_dma.o(.text.DMA_ClearTransCompleteStatus)
    DMA_Cmd                                  0x00001825   Thumb Code   116  hc32_ll_dma.o(.text.DMA_Cmd)
    DMA_GetTransCount                        0x00001ab9   Thumb Code   118  hc32_ll_dma.o(.text.DMA_GetTransCount)
    DMA_Init                                 0x00001b31   Thumb Code   578  hc32_ll_dma.o(.text.DMA_Init)
    DMA_LlpInit                              0x00001d75   Thumb Code   306  hc32_ll_dma.o(.text.DMA_LlpInit)
    DMA_LlpStructInit                        0x00001ea9   Thumb Code    44  hc32_ll_dma.o(.text.DMA_LlpStructInit)
    DMA_ReconfigCmd                          0x00001ed5   Thumb Code   146  hc32_ll_dma.o(.text.DMA_ReconfigCmd)
    DMA_ReconfigLlpCmd                       0x00001f69   Thumb Code   182  hc32_ll_dma.o(.text.DMA_ReconfigLlpCmd)
    DMA_SetBlockSize                         0x00002021   Thumb Code   304  hc32_ll_dma.o(.text.DMA_SetBlockSize)
    DMA_SetSrcAddr                           0x00002151   Thumb Code   204  hc32_ll_dma.o(.text.DMA_SetSrcAddr)
    DMA_SetTransCount                        0x0000221d   Thumb Code   234  hc32_ll_dma.o(.text.DMA_SetTransCount)
    DMA_StructInit                           0x00002309   Thumb Code    66  hc32_ll_dma.o(.text.DMA_StructInit)
    DMA_TransCompleteIntCmd                  0x0000234d   Thumb Code   190  hc32_ll_dma.o(.text.DMA_TransCompleteIntCmd)
    DrvLed_Init                              0x0000240d   Thumb Code    38  drv_led.o(.text.DrvLed_Init)
    DrvLed_Toggle                            0x00002435   Thumb Code    12  drv_led.o(.text.DrvLed_Toggle)
    DrvUartDma_Init                          0x00002441   Thumb Code   308  drv_uart_dma.o(.text.DrvUartDma_Init)
    DrvUartDma_ReadFrame                     0x00002575   Thumb Code   148  drv_uart_dma.o(.text.DrvUartDma_ReadFrame)
    DrvUartDma_Send                          0x00002609   Thumb Code   254  drv_uart_dma.o(.text.DrvUartDma_Send)
    EFM_CacheCmd                             0x00002709   Thumb Code   108  hc32_ll_efm.o(.text.EFM_CacheCmd)
    EFM_CacheRamReset                        0x00002775   Thumb Code   108  hc32_ll_efm.o(.text.EFM_CacheRamReset)
    EFM_SetWaitCycle                         0x00002809   Thumb Code   202  hc32_ll_efm.o(.text.EFM_SetWaitCycle)
    EXTINT_ClearExtIntStatus                 0x000028d5   Thumb Code    66  hc32_ll_interrupts.o(.text.EXTINT_ClearExtIntStatus)
    FCG_Fcg0PeriphClockCmd                   0x00002919   Thumb Code   184  hc32_ll_fcg.o(.text.FCG_Fcg0PeriphClockCmd)
    FCG_Fcg1PeriphClockCmd                   0x000029d1   Thumb Code   146  hc32_ll_fcg.o(.text.FCG_Fcg1PeriphClockCmd)
    FCG_Fcg2PeriphClockCmd                   0x00002a65   Thumb Code   146  hc32_ll_fcg.o(.text.FCG_Fcg2PeriphClockCmd)
    GPIO_AnalogCmd                           0x00002af9   Thumb Code   306  hc32_ll_gpio.o(.text.GPIO_AnalogCmd)
    GPIO_Init                                0x00002c2d   Thumb Code   782  hc32_ll_gpio.o(.text.GPIO_Init)
    GPIO_ReadInputPins                       0x00002f5d   Thumb Code   168  hc32_ll_gpio.o(.text.GPIO_ReadInputPins)
    GPIO_SetFunc                             0x00003005   Thumb Code   342  hc32_ll_gpio.o(.text.GPIO_SetFunc)
    GPIO_SetReadWaitCycle                    0x0000315d   Thumb Code   146  hc32_ll_gpio.o(.text.GPIO_SetReadWaitCycle)
    GPIO_StructInit                          0x000031f1   Thumb Code    70  hc32_ll_gpio.o(.text.GPIO_StructInit)
    GPIO_TogglePins                          0x00003239   Thumb Code   168  hc32_ll_gpio.o(.text.GPIO_TogglePins)
    INTC_IrqSignIn                           0x00003325   Thumb Code   258  hc32_ll_interrupts.o(.text.INTC_IrqSignIn)
    IRQ000_Handler                           0x00003429   Thumb Code    20  hc32_ll_interrupts.o(.text.IRQ000_Handler)
    IRQ001_Handler                           0x0000343d   Thumb Code    20  hc32_ll_interrupts.o(.text.IRQ001_Handler)
    IRQ002_Handler                           0x00003451   Thumb Code    20  hc32_ll_interrupts.o(.text.IRQ002_Handler)
    IRQ003_Handler                           0x00003465   Thumb Code    20  hc32_ll_interrupts.o(.text.IRQ003_Handler)
    IRQ004_Handler                           0x00003479   Thumb Code    20  hc32_ll_interrupts.o(.text.IRQ004_Handler)
    IRQ005_Handler                           0x0000348d   Thumb Code    20  hc32_ll_interrupts.o(.text.IRQ005_Handler)
    IRQ006_Handler                           0x000034a1   Thumb Code    20  hc32_ll_interrupts.o(.text.IRQ006_Handler)
    IRQ007_Handler                           0x000034b5   Thumb Code    20  hc32_ll_interrupts.o(.text.IRQ007_Handler)
    IRQ008_Handler                           0x000034c9   Thumb Code    20  hc32_ll_interrupts.o(.text.IRQ008_Handler)
    IRQ009_Handler                           0x000034dd   Thumb Code    20  hc32_ll_interrupts.o(.text.IRQ009_Handler)
    IRQ010_Handler                           0x000034f1   Thumb Code    20  hc32_ll_interrupts.o(.text.IRQ010_Handler)
    IRQ011_Handler                           0x00003505   Thumb Code    20  hc32_ll_interrupts.o(.text.IRQ011_Handler)
    IRQ012_Handler                           0x00003519   Thumb Code    20  hc32_ll_interrupts.o(.text.IRQ012_Handler)
    IRQ013_Handler                           0x0000352d   Thumb Code    20  hc32_ll_interrupts.o(.text.IRQ013_Handler)
    IRQ014_Handler                           0x00003541   Thumb Code    20  hc32_ll_interrupts.o(.text.IRQ014_Handler)
    IRQ015_Handler                           0x00003555   Thumb Code    20  hc32_ll_interrupts.o(.text.IRQ015_Handler)
    IRQ016_Handler                           0x00003569   Thumb Code    20  hc32_ll_interrupts.o(.text.IRQ016_Handler)
    IRQ017_Handler                           0x0000357d   Thumb Code    20  hc32_ll_interrupts.o(.text.IRQ017_Handler)
    IRQ018_Handler                           0x00003591   Thumb Code    20  hc32_ll_interrupts.o(.text.IRQ018_Handler)
    IRQ019_Handler                           0x000035a5   Thumb Code    20  hc32_ll_interrupts.o(.text.IRQ019_Handler)
    IRQ020_Handler                           0x000035b9   Thumb Code    20  hc32_ll_interrupts.o(.text.IRQ020_Handler)
    IRQ021_Handler                           0x000035cd   Thumb Code    20  hc32_ll_interrupts.o(.text.IRQ021_Handler)
    IRQ022_Handler                           0x000035e1   Thumb Code    20  hc32_ll_interrupts.o(.text.IRQ022_Handler)
    IRQ023_Handler                           0x000035f5   Thumb Code    20  hc32_ll_interrupts.o(.text.IRQ023_Handler)
    IRQ024_Handler                           0x00003609   Thumb Code    20  hc32_ll_interrupts.o(.text.IRQ024_Handler)
    IRQ025_Handler                           0x0000361d   Thumb Code    20  hc32_ll_interrupts.o(.text.IRQ025_Handler)
    IRQ026_Handler                           0x00003631   Thumb Code    20  hc32_ll_interrupts.o(.text.IRQ026_Handler)
    IRQ027_Handler                           0x00003645   Thumb Code    20  hc32_ll_interrupts.o(.text.IRQ027_Handler)
    IRQ028_Handler                           0x00003659   Thumb Code    20  hc32_ll_interrupts.o(.text.IRQ028_Handler)
    IRQ029_Handler                           0x0000366d   Thumb Code    20  hc32_ll_interrupts.o(.text.IRQ029_Handler)
    IRQ030_Handler                           0x00003681   Thumb Code    20  hc32_ll_interrupts.o(.text.IRQ030_Handler)
    IRQ031_Handler                           0x00003695   Thumb Code    20  hc32_ll_interrupts.o(.text.IRQ031_Handler)
    IRQ032_Handler                           0x000036a9   Thumb Code    22  hc32_ll_interrupts.o(.text.IRQ032_Handler)
    IRQ033_Handler                           0x000036c1   Thumb Code    22  hc32_ll_interrupts.o(.text.IRQ033_Handler)
    IRQ034_Handler                           0x000036d9   Thumb Code    22  hc32_ll_interrupts.o(.text.IRQ034_Handler)
    IRQ035_Handler                           0x000036f1   Thumb Code    22  hc32_ll_interrupts.o(.text.IRQ035_Handler)
    IRQ036_Handler                           0x00003709   Thumb Code    22  hc32_ll_interrupts.o(.text.IRQ036_Handler)
    IRQ037_Handler                           0x00003721   Thumb Code    22  hc32_ll_interrupts.o(.text.IRQ037_Handler)
    IRQ038_Handler                           0x00003739   Thumb Code    22  hc32_ll_interrupts.o(.text.IRQ038_Handler)
    IRQ039_Handler                           0x00003751   Thumb Code    22  hc32_ll_interrupts.o(.text.IRQ039_Handler)
    IRQ040_Handler                           0x00003769   Thumb Code    22  hc32_ll_interrupts.o(.text.IRQ040_Handler)
    IRQ041_Handler                           0x00003781   Thumb Code    22  hc32_ll_interrupts.o(.text.IRQ041_Handler)
    IRQ042_Handler                           0x00003799   Thumb Code    22  hc32_ll_interrupts.o(.text.IRQ042_Handler)
    IRQ043_Handler                           0x000037b1   Thumb Code    22  hc32_ll_interrupts.o(.text.IRQ043_Handler)
    IRQ044_Handler                           0x000037c9   Thumb Code    22  hc32_ll_interrupts.o(.text.IRQ044_Handler)
    IRQ045_Handler                           0x000037e1   Thumb Code    22  hc32_ll_interrupts.o(.text.IRQ045_Handler)
    IRQ046_Handler                           0x000037f9   Thumb Code    22  hc32_ll_interrupts.o(.text.IRQ046_Handler)
    IRQ047_Handler                           0x00003811   Thumb Code    22  hc32_ll_interrupts.o(.text.IRQ047_Handler)
    IRQ048_Handler                           0x00003829   Thumb Code    22  hc32_ll_interrupts.o(.text.IRQ048_Handler)
    IRQ049_Handler                           0x00003841   Thumb Code    22  hc32_ll_interrupts.o(.text.IRQ049_Handler)
    IRQ050_Handler                           0x00003859   Thumb Code    22  hc32_ll_interrupts.o(.text.IRQ050_Handler)
    IRQ051_Handler                           0x00003871   Thumb Code    22  hc32_ll_interrupts.o(.text.IRQ051_Handler)
    IRQ052_Handler                           0x00003889   Thumb Code    22  hc32_ll_interrupts.o(.text.IRQ052_Handler)
    IRQ053_Handler                           0x000038a1   Thumb Code    22  hc32_ll_interrupts.o(.text.IRQ053_Handler)
    IRQ054_Handler                           0x000038b9   Thumb Code    22  hc32_ll_interrupts.o(.text.IRQ054_Handler)
    IRQ055_Handler                           0x000038d1   Thumb Code    22  hc32_ll_interrupts.o(.text.IRQ055_Handler)
    IRQ056_Handler                           0x000038e9   Thumb Code    22  hc32_ll_interrupts.o(.text.IRQ056_Handler)
    IRQ057_Handler                           0x00003901   Thumb Code    22  hc32_ll_interrupts.o(.text.IRQ057_Handler)
    IRQ058_Handler                           0x00003919   Thumb Code    22  hc32_ll_interrupts.o(.text.IRQ058_Handler)
    IRQ059_Handler                           0x00003931   Thumb Code    22  hc32_ll_interrupts.o(.text.IRQ059_Handler)
    IRQ060_Handler                           0x00003949   Thumb Code    22  hc32_ll_interrupts.o(.text.IRQ060_Handler)
    IRQ061_Handler                           0x00003961   Thumb Code    22  hc32_ll_interrupts.o(.text.IRQ061_Handler)
    IRQ062_Handler                           0x00003979   Thumb Code    22  hc32_ll_interrupts.o(.text.IRQ062_Handler)
    IRQ063_Handler                           0x00003991   Thumb Code    22  hc32_ll_interrupts.o(.text.IRQ063_Handler)
    IRQ064_Handler                           0x000039a9   Thumb Code    22  hc32_ll_interrupts.o(.text.IRQ064_Handler)
    IRQ065_Handler                           0x000039c1   Thumb Code    22  hc32_ll_interrupts.o(.text.IRQ065_Handler)
    IRQ066_Handler                           0x000039d9   Thumb Code    22  hc32_ll_interrupts.o(.text.IRQ066_Handler)
    IRQ067_Handler                           0x000039f1   Thumb Code    22  hc32_ll_interrupts.o(.text.IRQ067_Handler)
    IRQ068_Handler                           0x00003a09   Thumb Code    22  hc32_ll_interrupts.o(.text.IRQ068_Handler)
    IRQ069_Handler                           0x00003a21   Thumb Code    22  hc32_ll_interrupts.o(.text.IRQ069_Handler)
    IRQ070_Handler                           0x00003a39   Thumb Code    22  hc32_ll_interrupts.o(.text.IRQ070_Handler)
    IRQ071_Handler                           0x00003a51   Thumb Code    22  hc32_ll_interrupts.o(.text.IRQ071_Handler)
    IRQ072_Handler                           0x00003a69   Thumb Code    22  hc32_ll_interrupts.o(.text.IRQ072_Handler)
    IRQ073_Handler                           0x00003a81   Thumb Code    22  hc32_ll_interrupts.o(.text.IRQ073_Handler)
    IRQ074_Handler                           0x00003a99   Thumb Code    22  hc32_ll_interrupts.o(.text.IRQ074_Handler)
    IRQ075_Handler                           0x00003ab1   Thumb Code    22  hc32_ll_interrupts.o(.text.IRQ075_Handler)
    IRQ076_Handler                           0x00003ac9   Thumb Code    22  hc32_ll_interrupts.o(.text.IRQ076_Handler)
    IRQ077_Handler                           0x00003ae1   Thumb Code    22  hc32_ll_interrupts.o(.text.IRQ077_Handler)
    IRQ078_Handler                           0x00003af9   Thumb Code    22  hc32_ll_interrupts.o(.text.IRQ078_Handler)
    IRQ079_Handler                           0x00003b11   Thumb Code    22  hc32_ll_interrupts.o(.text.IRQ079_Handler)
    IRQ080_Handler                           0x00003b29   Thumb Code    22  hc32_ll_interrupts.o(.text.IRQ080_Handler)
    IRQ081_Handler                           0x00003b41   Thumb Code    22  hc32_ll_interrupts.o(.text.IRQ081_Handler)
    IRQ082_Handler                           0x00003b59   Thumb Code    22  hc32_ll_interrupts.o(.text.IRQ082_Handler)
    IRQ083_Handler                           0x00003b71   Thumb Code    22  hc32_ll_interrupts.o(.text.IRQ083_Handler)
    IRQ084_Handler                           0x00003b89   Thumb Code    22  hc32_ll_interrupts.o(.text.IRQ084_Handler)
    IRQ085_Handler                           0x00003ba1   Thumb Code    22  hc32_ll_interrupts.o(.text.IRQ085_Handler)
    IRQ086_Handler                           0x00003bb9   Thumb Code    22  hc32_ll_interrupts.o(.text.IRQ086_Handler)
    IRQ087_Handler                           0x00003bd1   Thumb Code    22  hc32_ll_interrupts.o(.text.IRQ087_Handler)
    IRQ088_Handler                           0x00003be9   Thumb Code    22  hc32_ll_interrupts.o(.text.IRQ088_Handler)
    IRQ089_Handler                           0x00003c01   Thumb Code    22  hc32_ll_interrupts.o(.text.IRQ089_Handler)
    IRQ090_Handler                           0x00003c19   Thumb Code    22  hc32_ll_interrupts.o(.text.IRQ090_Handler)
    IRQ091_Handler                           0x00003c31   Thumb Code    22  hc32_ll_interrupts.o(.text.IRQ091_Handler)
    IRQ092_Handler                           0x00003c49   Thumb Code    22  hc32_ll_interrupts.o(.text.IRQ092_Handler)
    IRQ093_Handler                           0x00003c61   Thumb Code    22  hc32_ll_interrupts.o(.text.IRQ093_Handler)
    IRQ094_Handler                           0x00003c79   Thumb Code    22  hc32_ll_interrupts.o(.text.IRQ094_Handler)
    IRQ095_Handler                           0x00003c91   Thumb Code    22  hc32_ll_interrupts.o(.text.IRQ095_Handler)
    IRQ096_Handler                           0x00003ca9   Thumb Code    22  hc32_ll_interrupts.o(.text.IRQ096_Handler)
    IRQ097_Handler                           0x00003cc1   Thumb Code    22  hc32_ll_interrupts.o(.text.IRQ097_Handler)
    IRQ098_Handler                           0x00003cd9   Thumb Code    22  hc32_ll_interrupts.o(.text.IRQ098_Handler)
    IRQ099_Handler                           0x00003cf1   Thumb Code    22  hc32_ll_interrupts.o(.text.IRQ099_Handler)
    IRQ100_Handler                           0x00003d09   Thumb Code    22  hc32_ll_interrupts.o(.text.IRQ100_Handler)
    IRQ101_Handler                           0x00003d21   Thumb Code    22  hc32_ll_interrupts.o(.text.IRQ101_Handler)
    IRQ102_Handler                           0x00003d39   Thumb Code    22  hc32_ll_interrupts.o(.text.IRQ102_Handler)
    IRQ103_Handler                           0x00003d51   Thumb Code    22  hc32_ll_interrupts.o(.text.IRQ103_Handler)
    IRQ104_Handler                           0x00003d69   Thumb Code    22  hc32_ll_interrupts.o(.text.IRQ104_Handler)
    IRQ105_Handler                           0x00003d81   Thumb Code    22  hc32_ll_interrupts.o(.text.IRQ105_Handler)
    IRQ106_Handler                           0x00003d99   Thumb Code    22  hc32_ll_interrupts.o(.text.IRQ106_Handler)
    IRQ107_Handler                           0x00003db1   Thumb Code    22  hc32_ll_interrupts.o(.text.IRQ107_Handler)
    IRQ108_Handler                           0x00003dc9   Thumb Code    22  hc32_ll_interrupts.o(.text.IRQ108_Handler)
    IRQ109_Handler                           0x00003de1   Thumb Code    22  hc32_ll_interrupts.o(.text.IRQ109_Handler)
    IRQ110_Handler                           0x00003df9   Thumb Code    22  hc32_ll_interrupts.o(.text.IRQ110_Handler)
    IRQ111_Handler                           0x00003e11   Thumb Code    22  hc32_ll_interrupts.o(.text.IRQ111_Handler)
    IRQ112_Handler                           0x00003e29   Thumb Code    22  hc32_ll_interrupts.o(.text.IRQ112_Handler)
    IRQ113_Handler                           0x00003e41   Thumb Code    22  hc32_ll_interrupts.o(.text.IRQ113_Handler)
    IRQ114_Handler                           0x00003e59   Thumb Code    22  hc32_ll_interrupts.o(.text.IRQ114_Handler)
    IRQ115_Handler                           0x00003e71   Thumb Code    22  hc32_ll_interrupts.o(.text.IRQ115_Handler)
    IRQ116_Handler                           0x00003e89   Thumb Code    22  hc32_ll_interrupts.o(.text.IRQ116_Handler)
    IRQ117_Handler                           0x00003ea1   Thumb Code    22  hc32_ll_interrupts.o(.text.IRQ117_Handler)
    IRQ118_Handler                           0x00003eb9   Thumb Code    22  hc32_ll_interrupts.o(.text.IRQ118_Handler)
    IRQ119_Handler                           0x00003ed1   Thumb Code    22  hc32_ll_interrupts.o(.text.IRQ119_Handler)
    IRQ120_Handler                           0x00003ee9   Thumb Code    22  hc32_ll_interrupts.o(.text.IRQ120_Handler)
    IRQ121_Handler                           0x00003f01   Thumb Code    22  hc32_ll_interrupts.o(.text.IRQ121_Handler)
    IRQ122_Handler                           0x00003f19   Thumb Code    22  hc32_ll_interrupts.o(.text.IRQ122_Handler)
    IRQ123_Handler                           0x00003f31   Thumb Code    22  hc32_ll_interrupts.o(.text.IRQ123_Handler)
    IRQ124_Handler                           0x00003f49   Thumb Code    22  hc32_ll_interrupts.o(.text.IRQ124_Handler)
    IRQ125_Handler                           0x00003f61   Thumb Code    22  hc32_ll_interrupts.o(.text.IRQ125_Handler)
    IRQ126_Handler                           0x00003f79   Thumb Code    22  hc32_ll_interrupts.o(.text.IRQ126_Handler)
    IRQ127_Handler                           0x00003f91   Thumb Code    22  hc32_ll_interrupts.o(.text.IRQ127_Handler)
    LL_PERIPH_WE                             0x00003fa9   Thumb Code   124  hc32_ll.o(.text.LL_PERIPH_WE)
    LL_PERIPH_WP                             0x00004025   Thumb Code   124  hc32_ll.o(.text.LL_PERIPH_WP)
    PWC_HighSpeedToHighPerformance           0x000040c9   Thumb Code    84  hc32_ll_pwc.o(.text.PWC_HighSpeedToHighPerformance)
    SRAM_SetWaitCycle                        0x000041c9   Thumb Code   272  hc32_ll_sram.o(.text.SRAM_SetWaitCycle)
    SysTick_GetTick                          0x00004c31   Thumb Code    12  hc32_ll_utility.o(.text.SysTick_GetTick)
    SysTick_Handler                          0x00004c3d   Thumb Code    12  board.o(.text.SysTick_Handler)
    SysTick_IncTick                          0x00004c49   Thumb Code    26  hc32_ll_utility.o(.text.SysTick_IncTick)
    SysTick_Init                             0x00004c65   Thumb Code   102  hc32_ll_utility.o(.text.SysTick_Init)
    SystemCoreClockUpdate                    0x00004ccd   Thumb Code   302  system_hc32f460.o(.text.SystemCoreClockUpdate)
    SystemInit                               0x00004dfd   Thumb Code    20  system_hc32f460.o(.text.SystemInit)
    TMR0_HWClearCondCmd                      0x00004ed5   Thumb Code   206  hc32_ll_tmr0.o(.text.TMR0_HWClearCondCmd)
    TMR0_HWStartCondCmd                      0x00004fa5   Thumb Code   206  hc32_ll_tmr0.o(.text.TMR0_HWStartCondCmd)
    TMR0_Init                                0x00005075   Thumb Code   454  hc32_ll_tmr0.o(.text.TMR0_Init)
    USART_ClearStatus                        0x00005519   Thumb Code   200  hc32_ll_usart.o(.text.USART_ClearStatus)
    USART_FuncCmd                            0x000055e1   Thumb Code   236  hc32_ll_usart.o(.text.USART_FuncCmd)
    USART_ReadData                           0x0000577d   Thumb Code   102  hc32_ll_usart.o(.text.USART_ReadData)
    USART_SetBaudrate                        0x00005865   Thumb Code   326  hc32_ll_usart.o(.text.USART_SetBaudrate)
    USART_UART_Init                          0x00005a31   Thumb Code   682  hc32_ll_usart.o(.text.USART_UART_Init)
    USART_UART_StructInit                    0x00005cdd   Thumb Code    86  hc32_ll_usart.o(.text.USART_UART_StructInit)
    main                                     0x00005e39   Thumb Code    28  main.o(.text.main)
    __scatterload_copy                       0x00005e55   Thumb Code    14  handlers.o(i.__scatterload_copy)
    __scatterload_null                       0x00005e63   Thumb Code     2  handlers.o(i.__scatterload_null)
    __scatterload_zeroinit                   0x00005e65   Thumb Code    14  handlers.o(i.__scatterload_zeroinit)
    Region$$Table$$Base                      0x00006108   Number         0  anon$$obj.o(Region$$Table)
    Region$$Table$$Limit                     0x00006128   Number         0  anon$$obj.o(Region$$Table)
    HRC_VALUE                                0x1fff8000   Data           4  system_hc32f460.o(.bss.noinit)
    SystemCoreClock                          0x1fff8004   Data           4  system_hc32f460.o(.bss.noinit)
    __initial_sp                             0x1fffa440   Data           0  startup_hc32f460.o(STACK)



==============================================================================

Memory Map of the image

  Image Entry point : 0x00000281

  Load Region LR_IROM1 (Base: 0x00000000, Size: 0x00006130, Max: 0x00080000, ABSOLUTE)

    Execution Region ER_IROM1 (Exec base: 0x00000000, Load base: 0x00000000, Size: 0x00006128, Max: 0x00080000, ABSOLUTE)

    Exec Addr    Load Addr    Size         Type   Attr      Idx    E Section Name        Object

    0x00000000   0x00000000   0x00000280   Data   RO            3    RESET               startup_hc32f460.o
    0x00000280   0x00000280   0x00000000   Code   RO         1317  * .ARM.Collect$$$$00000000  mc_w.l(entry.o)
    0x00000280   0x00000280   0x00000004   Code   RO         1336    .ARM.Collect$$$$00000001  mc_w.l(entry2.o)
    0x00000284   0x00000284   0x00000004   Code   RO         1339    .ARM.Collect$$$$00000004  mc_w.l(entry5.o)
    0x00000288   0x00000288   0x00000000   Code   RO         1341    .ARM.Collect$$$$00000008  mc_w.l(entry7b.o)
    0x00000288   0x00000288   0x00000000   Code   RO         1343    .ARM.Collect$$$$0000000A  mc_w.l(entry8b.o)
    0x00000288   0x00000288   0x00000008   Code   RO         1344    .ARM.Collect$$$$0000000B  mc_w.l(entry9a.o)
    0x00000290   0x00000290   0x00000000   Code   RO         1346    .ARM.Collect$$$$0000000D  mc_w.l(entry10a.o)
    0x00000290   0x00000290   0x00000000   Code   RO         1348    .ARM.Collect$$$$0000000F  mc_w.l(entry11a.o)
    0x00000290   0x00000290   0x00000004   Code   RO         1337    .ARM.Collect$$$$00002712  mc_w.l(entry2.o)
    0x00000294   0x00000294   0x00000064   Code   RO            4    .text               startup_hc32f460.o
    0x000002f8   0x000002f8   0x00000062   Code   RO         1320    .text               mc_w.l(uldiv.o)
    0x0000035a   0x0000035a   0x00000024   Code   RO         1322    .text               mc_w.l(memcpya.o)
    0x0000037e   0x0000037e   0x0000001a   Code   RO         1330    .text               mf_w.l(dfltui.o)
    0x00000398   0x00000398   0x00000018   Code   RO         1332    .text               mf_w.l(dfltul.o)
    0x000003b0   0x000003b0   0x00000038   Code   RO         1334    .text               mf_w.l(d2f.o)
    0x000003e8   0x000003e8   0x00000000   Code   RO         1354    .text               mc_w.l(iusefp.o)
    0x000003e8   0x000003e8   0x0000000c   Code   RO          144    .text.AOS_SW_Trigger  drv_uart_dma.o
    0x000003f4   0x000003f4   0x0000000c   Code   RO           51    .text.App_Process   app.o
    0x00000400   0x00000400   0x00000020   Data   RO          606    .ARM.__at_0x400     hc32_ll_icg.o
    0x00000420   0x00000420   0x000000b0   Code   RO         1326    .text               mf_w.l(fadd.o)
    0x000004d0   0x000004d0   0x000000de   Code   RO         1328    .text               mf_w.l(ddiv.o)
    0x000005ae   0x000005ae   0x0000001e   Code   RO         1350    .text               mc_w.l(llshl.o)
    0x000005cc   0x000005cc   0x00000020   Code   RO         1352    .text               mc_w.l(llushr.o)
    0x000005ec   0x000005ec   0x0000006e   Code   RO         1355    .text               mf_w.l(fepilogue.o)
    0x0000065a   0x0000065a   0x000000ba   Code   RO         1357    .text               mf_w.l(depilogue.o)
    0x00000714   0x00000714   0x00000030   Code   RO         1359    .text               mc_w.l(init.o)
    0x00000744   0x00000744   0x0000005e   Code   RO          218    .text.AOS_SetTriggerEventSrc  hc32_ll_aos.o
    0x000007a2   0x000007a2   0x00000002   PAD
    0x000007a4   0x000007a4   0x00000014   Code   RO           49    .text.App_Init      app.o
    0x000007b8   0x000007b8   0x00000108   Code   RO         1271    .text.BSP_CLK_Init  ev_hc32f460_lqfp100_v2.o
    0x000008c0   0x000008c0   0x0000002a   Code   RO         1291    .text.BSP_KEY_KEY10_IrqHandler  ev_hc32f460_lqfp100_v2.o
    0x000008ea   0x000008ea   0x00000002   PAD
    0x000008ec   0x000008ec   0x00000008   Code   RO           82    .text.Board_GetTick  board.o
    0x000008f4   0x000008f4   0x00000010   Code   RO           78    .text.Board_Init    board.o
    0x00000904   0x00000904   0x0000000a   Code   RO           76    .text.Board_PeriphLock  board.o
    0x0000090e   0x0000090e   0x00000002   PAD
    0x00000910   0x00000910   0x0000000a   Code   RO           74    .text.Board_PeriphUnlock  board.o
    0x0000091a   0x0000091a   0x00000002   PAD
    0x0000091c   0x0000091c   0x00000052   Code   RO          284    .text.CLK_GetStableStatus  hc32_ll_clk.o
    0x0000096e   0x0000096e   0x00000002   PAD
    0x00000970   0x00000970   0x000000ec   Code   RO          270    .text.CLK_PLLCmd    hc32_ll_clk.o
    0x00000a5c   0x00000a5c   0x000003b6   Code   RO          268    .text.CLK_PLLInit   hc32_ll_clk.o
    0x00000e12   0x00000e12   0x00000002   PAD
    0x00000e14   0x00000e14   0x00000072   Code   RO          266    .text.CLK_PLLStructInit  hc32_ll_clk.o
    0x00000e86   0x00000e86   0x00000002   PAD
    0x00000e88   0x00000e88   0x00000018   Code   RO          298    .text.CLK_SetClockDiv  hc32_ll_clk.o
    0x00000ea0   0x00000ea0   0x00000018   Code   RO          286    .text.CLK_SetSysClockSrc  hc32_ll_clk.o
    0x00000eb8   0x00000eb8   0x00000042   Code   RO          234    .text.CLK_WaitStable  hc32_ll_clk.o
    0x00000efa   0x00000efa   0x00000002   PAD
    0x00000efc   0x00000efc   0x000000f0   Code   RO          246    .text.CLK_XtalCmd   hc32_ll_clk.o
    0x00000fec   0x00000fec   0x000001b2   Code   RO          244    .text.CLK_XtalInit  hc32_ll_clk.o
    0x0000119e   0x0000119e   0x00000002   PAD
    0x000011a0   0x000011a0   0x0000003a   Code   RO          242    .text.CLK_XtalStructInit  hc32_ll_clk.o
    0x000011da   0x000011da   0x00000002   PAD
    0x000011dc   0x000011dc   0x00000238   Code   RO         1205    .text.ClockSync_CalculateBrr  hc32_ll_usart.o
    0x00001414   0x00001414   0x0000000a   Code   RO         1250    .text.DDL_AssertHandler  hc32_ll_utility.o
    0x0000141e   0x0000141e   0x00000002   PAD
    0x00001420   0x00001420   0x0000005c   Code   RO         1234    .text.DDL_DelayUS   hc32_ll_utility.o
    0x0000147c   0x0000147c   0x0000032e   Code   RO          334    .text.DMA_ChCmd     hc32_ll_dma.o
    0x000017aa   0x000017aa   0x00000002   PAD
    0x000017ac   0x000017ac   0x00000076   Code   RO          332    .text.DMA_ClearTransCompleteStatus  hc32_ll_dma.o
    0x00001822   0x00001822   0x00000002   PAD
    0x00001824   0x00001824   0x00000074   Code   RO          320    .text.DMA_Cmd       hc32_ll_dma.o
    0x00001898   0x00001898   0x0000021e   Code   RO          124    .text.DMA_Config    drv_uart_dma.o
    0x00001ab6   0x00001ab6   0x00000002   PAD
    0x00001ab8   0x00001ab8   0x00000076   Code   RO          400    .text.DMA_GetTransCount  hc32_ll_dma.o
    0x00001b2e   0x00001b2e   0x00000002   PAD
    0x00001b30   0x00001b30   0x00000242   Code   RO          366    .text.DMA_Init      hc32_ll_dma.o
    0x00001d72   0x00001d72   0x00000002   PAD
    0x00001d74   0x00001d74   0x00000132   Code   RO          378    .text.DMA_LlpInit   hc32_ll_dma.o
    0x00001ea6   0x00001ea6   0x00000002   PAD
    0x00001ea8   0x00001ea8   0x0000002c   Code   RO          376    .text.DMA_LlpStructInit  hc32_ll_dma.o
    0x00001ed4   0x00001ed4   0x00000092   Code   RO          384    .text.DMA_ReconfigCmd  hc32_ll_dma.o
    0x00001f66   0x00001f66   0x00000002   PAD
    0x00001f68   0x00001f68   0x000000b6   Code   RO          386    .text.DMA_ReconfigLlpCmd  hc32_ll_dma.o
    0x0000201e   0x0000201e   0x00000002   PAD
    0x00002020   0x00002020   0x00000130   Code   RO          346    .text.DMA_SetBlockSize  hc32_ll_dma.o
    0x00002150   0x00002150   0x000000cc   Code   RO          340    .text.DMA_SetSrcAddr  hc32_ll_dma.o
    0x0000221c   0x0000221c   0x000000ea   Code   RO          344    .text.DMA_SetTransCount  hc32_ll_dma.o
    0x00002306   0x00002306   0x00000002   PAD
    0x00002308   0x00002308   0x00000042   Code   RO          364    .text.DMA_StructInit  hc32_ll_dma.o
    0x0000234a   0x0000234a   0x00000002   PAD
    0x0000234c   0x0000234c   0x000000be   Code   RO          328    .text.DMA_TransCompleteIntCmd  hc32_ll_dma.o
    0x0000240a   0x0000240a   0x00000002   PAD
    0x0000240c   0x0000240c   0x00000026   Code   RO           99    .text.DrvLed_Init   drv_led.o
    0x00002432   0x00002432   0x00000002   PAD
    0x00002434   0x00002434   0x0000000c   Code   RO          101    .text.DrvLed_Toggle  drv_led.o
    0x00002440   0x00002440   0x00000134   Code   RO          122    .text.DrvUartDma_Init  drv_uart_dma.o
    0x00002574   0x00002574   0x00000094   Code   RO          120    .text.DrvUartDma_ReadFrame  drv_uart_dma.o
    0x00002608   0x00002608   0x000000fe   Code   RO          118    .text.DrvUartDma_Send  drv_uart_dma.o
    0x00002706   0x00002706   0x00000002   PAD
    0x00002708   0x00002708   0x0000006c   Code   RO          435    .text.EFM_CacheCmd  hc32_ll_efm.o
    0x00002774   0x00002774   0x0000006c   Code   RO          433    .text.EFM_CacheRamReset  hc32_ll_efm.o
    0x000027e0   0x000027e0   0x0000000e   Code   RO          201    .text.EFM_REG_Lock  hc32_ll.o
    0x000027ee   0x000027ee   0x00000002   PAD
    0x000027f0   0x000027f0   0x00000016   Code   RO          191    .text.EFM_REG_Unlock  hc32_ll.o
    0x00002806   0x00002806   0x00000002   PAD
    0x00002808   0x00002808   0x000000ca   Code   RO          431    .text.EFM_SetWaitCycle  hc32_ll_efm.o
    0x000028d2   0x000028d2   0x00000002   PAD
    0x000028d4   0x000028d4   0x00000042   Code   RO          646    .text.EXTINT_ClearExtIntStatus  hc32_ll_interrupts.o
    0x00002916   0x00002916   0x00000002   PAD
    0x00002918   0x00002918   0x000000b8   Code   RO          507    .text.FCG_Fcg0PeriphClockCmd  hc32_ll_fcg.o
    0x000029d0   0x000029d0   0x00000092   Code   RO          509    .text.FCG_Fcg1PeriphClockCmd  hc32_ll_fcg.o
    0x00002a62   0x00002a62   0x00000002   PAD
    0x00002a64   0x00002a64   0x00000092   Code   RO          511    .text.FCG_Fcg2PeriphClockCmd  hc32_ll_fcg.o
    0x00002af6   0x00002af6   0x00000002   PAD
    0x00002af8   0x00002af8   0x00000132   Code   RO          593    .text.GPIO_AnalogCmd  hc32_ll_gpio.o
    0x00002c2a   0x00002c2a   0x00000002   PAD
    0x00002c2c   0x00002c2c   0x0000030e   Code   RO          557    .text.GPIO_Init     hc32_ll_gpio.o
    0x00002f3a   0x00002f3a   0x00000002   PAD
    0x00002f3c   0x00002f3c   0x00000010   Code   RO          205    .text.GPIO_REG_Lock  hc32_ll.o
    0x00002f4c   0x00002f4c   0x00000010   Code   RO          195    .text.GPIO_REG_Unlock  hc32_ll.o
    0x00002f5c   0x00002f5c   0x000000a8   Code   RO          577    .text.GPIO_ReadInputPins  hc32_ll_gpio.o
    0x00003004   0x00003004   0x00000156   Code   RO          565    .text.GPIO_SetFunc  hc32_ll_gpio.o
    0x0000315a   0x0000315a   0x00000002   PAD
    0x0000315c   0x0000315c   0x00000092   Code   RO          573    .text.GPIO_SetReadWaitCycle  hc32_ll_gpio.o
    0x000031ee   0x000031ee   0x00000002   PAD
    0x000031f0   0x000031f0   0x00000046   Code   RO          561    .text.GPIO_StructInit  hc32_ll_gpio.o
    0x00003236   0x00003236   0x00000002   PAD
    0x00003238   0x00003238   0x000000a8   Code   RO          591    .text.GPIO_TogglePins  hc32_ll_gpio.o
    0x000032e0   0x000032e0   0x00000044   Code   RO           53    .text.Heartbeat_Process  app.o
    0x00003324   0x00003324   0x00000102   Code   RO          612    .text.INTC_IrqSignIn  hc32_ll_interrupts.o
    0x00003426   0x00003426   0x00000002   PAD
    0x00003428   0x00003428   0x00000014   Code   RO          650    .text.IRQ000_Handler  hc32_ll_interrupts.o
    0x0000343c   0x0000343c   0x00000014   Code   RO          652    .text.IRQ001_Handler  hc32_ll_interrupts.o
    0x00003450   0x00003450   0x00000014   Code   RO          654    .text.IRQ002_Handler  hc32_ll_interrupts.o
    0x00003464   0x00003464   0x00000014   Code   RO          656    .text.IRQ003_Handler  hc32_ll_interrupts.o
    0x00003478   0x00003478   0x00000014   Code   RO          658    .text.IRQ004_Handler  hc32_ll_interrupts.o
    0x0000348c   0x0000348c   0x00000014   Code   RO          660    .text.IRQ005_Handler  hc32_ll_interrupts.o
    0x000034a0   0x000034a0   0x00000014   Code   RO          662    .text.IRQ006_Handler  hc32_ll_interrupts.o
    0x000034b4   0x000034b4   0x00000014   Code   RO          664    .text.IRQ007_Handler  hc32_ll_interrupts.o
    0x000034c8   0x000034c8   0x00000014   Code   RO          666    .text.IRQ008_Handler  hc32_ll_interrupts.o
    0x000034dc   0x000034dc   0x00000014   Code   RO          668    .text.IRQ009_Handler  hc32_ll_interrupts.o
    0x000034f0   0x000034f0   0x00000014   Code   RO          670    .text.IRQ010_Handler  hc32_ll_interrupts.o
    0x00003504   0x00003504   0x00000014   Code   RO          672    .text.IRQ011_Handler  hc32_ll_interrupts.o
    0x00003518   0x00003518   0x00000014   Code   RO          674    .text.IRQ012_Handler  hc32_ll_interrupts.o
    0x0000352c   0x0000352c   0x00000014   Code   RO          676    .text.IRQ013_Handler  hc32_ll_interrupts.o
    0x00003540   0x00003540   0x00000014   Code   RO          678    .text.IRQ014_Handler  hc32_ll_interrupts.o
    0x00003554   0x00003554   0x00000014   Code   RO          680    .text.IRQ015_Handler  hc32_ll_interrupts.o
    0x00003568   0x00003568   0x00000014   Code   RO          682    .text.IRQ016_Handler  hc32_ll_interrupts.o
    0x0000357c   0x0000357c   0x00000014   Code   RO          684    .text.IRQ017_Handler  hc32_ll_interrupts.o
    0x00003590   0x00003590   0x00000014   Code   RO          686    .text.IRQ018_Handler  hc32_ll_interrupts.o
    0x000035a4   0x000035a4   0x00000014   Code   RO          688    .text.IRQ019_Handler  hc32_ll_interrupts.o
    0x000035b8   0x000035b8   0x00000014   Code   RO          690    .text.IRQ020_Handler  hc32_ll_interrupts.o
    0x000035cc   0x000035cc   0x00000014   Code   RO          692    .text.IRQ021_Handler  hc32_ll_interrupts.o
    0x000035e0   0x000035e0   0x00000014   Code   RO          694    .text.IRQ022_Handler  hc32_ll_interrupts.o
    0x000035f4   0x000035f4   0x00000014   Code   RO          696    .text.IRQ023_Handler  hc32_ll_interrupts.o
    0x00003608   0x00003608   0x00000014   Code   RO          698    .text.IRQ024_Handler  hc32_ll_interrupts.o
    0x0000361c   0x0000361c   0x00000014   Code   RO          700    .text.IRQ025_Handler  hc32_ll_interrupts.o
    0x00003630   0x00003630   0x00000014   Code   RO          702    .text.IRQ026_Handler  hc32_ll_interrupts.o
    0x00003644   0x00003644   0x00000014   Code   RO          704    .text.IRQ027_Handler  hc32_ll_interrupts.o
    0x00003658   0x00003658   0x00000014   Code   RO          706    .text.IRQ028_Handler  hc32_ll_interrupts.o
    0x0000366c   0x0000366c   0x00000014   Code   RO          708    .text.IRQ029_Handler  hc32_ll_interrupts.o
    0x00003680   0x00003680   0x00000014   Code   RO          710    .text.IRQ030_Handler  hc32_ll_interrupts.o
    0x00003694   0x00003694   0x00000014   Code   RO          712    .text.IRQ031_Handler  hc32_ll_interrupts.o
    0x000036a8   0x000036a8   0x00000016   Code   RO          714    .text.IRQ032_Handler  hc32_ll_interrupts.o
    0x000036be   0x000036be   0x00000002   PAD
    0x000036c0   0x000036c0   0x00000016   Code   RO          716    .text.IRQ033_Handler  hc32_ll_interrupts.o
    0x000036d6   0x000036d6   0x00000002   PAD
    0x000036d8   0x000036d8   0x00000016   Code   RO          718    .text.IRQ034_Handler  hc32_ll_interrupts.o
    0x000036ee   0x000036ee   0x00000002   PAD
    0x000036f0   0x000036f0   0x00000016   Code   RO          720    .text.IRQ035_Handler  hc32_ll_interrupts.o
    0x00003706   0x00003706   0x00000002   PAD
    0x00003708   0x00003708   0x00000016   Code   RO          722    .text.IRQ036_Handler  hc32_ll_interrupts.o
    0x0000371e   0x0000371e   0x00000002   PAD
    0x00003720   0x00003720   0x00000016   Code   RO          724    .text.IRQ037_Handler  hc32_ll_interrupts.o
    0x00003736   0x00003736   0x00000002   PAD
    0x00003738   0x00003738   0x00000016   Code   RO          726    .text.IRQ038_Handler  hc32_ll_interrupts.o
    0x0000374e   0x0000374e   0x00000002   PAD
    0x00003750   0x00003750   0x00000016   Code   RO          728    .text.IRQ039_Handler  hc32_ll_interrupts.o
    0x00003766   0x00003766   0x00000002   PAD
    0x00003768   0x00003768   0x00000016   Code   RO          730    .text.IRQ040_Handler  hc32_ll_interrupts.o
    0x0000377e   0x0000377e   0x00000002   PAD
    0x00003780   0x00003780   0x00000016   Code   RO          732    .text.IRQ041_Handler  hc32_ll_interrupts.o
    0x00003796   0x00003796   0x00000002   PAD
    0x00003798   0x00003798   0x00000016   Code   RO          734    .text.IRQ042_Handler  hc32_ll_interrupts.o
    0x000037ae   0x000037ae   0x00000002   PAD
    0x000037b0   0x000037b0   0x00000016   Code   RO          736    .text.IRQ043_Handler  hc32_ll_interrupts.o
    0x000037c6   0x000037c6   0x00000002   PAD
    0x000037c8   0x000037c8   0x00000016   Code   RO          738    .text.IRQ044_Handler  hc32_ll_interrupts.o
    0x000037de   0x000037de   0x00000002   PAD
    0x000037e0   0x000037e0   0x00000016   Code   RO          740    .text.IRQ045_Handler  hc32_ll_interrupts.o
    0x000037f6   0x000037f6   0x00000002   PAD
    0x000037f8   0x000037f8   0x00000016   Code   RO          742    .text.IRQ046_Handler  hc32_ll_interrupts.o
    0x0000380e   0x0000380e   0x00000002   PAD
    0x00003810   0x00003810   0x00000016   Code   RO          744    .text.IRQ047_Handler  hc32_ll_interrupts.o
    0x00003826   0x00003826   0x00000002   PAD
    0x00003828   0x00003828   0x00000016   Code   RO          746    .text.IRQ048_Handler  hc32_ll_interrupts.o
    0x0000383e   0x0000383e   0x00000002   PAD
    0x00003840   0x00003840   0x00000016   Code   RO          748    .text.IRQ049_Handler  hc32_ll_interrupts.o
    0x00003856   0x00003856   0x00000002   PAD
    0x00003858   0x00003858   0x00000016   Code   RO          750    .text.IRQ050_Handler  hc32_ll_interrupts.o
    0x0000386e   0x0000386e   0x00000002   PAD
    0x00003870   0x00003870   0x00000016   Code   RO          752    .text.IRQ051_Handler  hc32_ll_interrupts.o
    0x00003886   0x00003886   0x00000002   PAD
    0x00003888   0x00003888   0x00000016   Code   RO          754    .text.IRQ052_Handler  hc32_ll_interrupts.o
    0x0000389e   0x0000389e   0x00000002   PAD
    0x000038a0   0x000038a0   0x00000016   Code   RO          756    .text.IRQ053_Handler  hc32_ll_interrupts.o
    0x000038b6   0x000038b6   0x00000002   PAD
    0x000038b8   0x000038b8   0x00000016   Code   RO          758    .text.IRQ054_Handler  hc32_ll_interrupts.o
    0x000038ce   0x000038ce   0x00000002   PAD
    0x000038d0   0x000038d0   0x00000016   Code   RO          760    .text.IRQ055_Handler  hc32_ll_interrupts.o
    0x000038e6   0x000038e6   0x00000002   PAD
    0x000038e8   0x000038e8   0x00000016   Code   RO          762    .text.IRQ056_Handler  hc32_ll_interrupts.o
    0x000038fe   0x000038fe   0x00000002   PAD
    0x00003900   0x00003900   0x00000016   Code   RO          764    .text.IRQ057_Handler  hc32_ll_interrupts.o
    0x00003916   0x00003916   0x00000002   PAD
    0x00003918   0x00003918   0x00000016   Code   RO          766    .text.IRQ058_Handler  hc32_ll_interrupts.o
    0x0000392e   0x0000392e   0x00000002   PAD
    0x00003930   0x00003930   0x00000016   Code   RO          768    .text.IRQ059_Handler  hc32_ll_interrupts.o
    0x00003946   0x00003946   0x00000002   PAD
    0x00003948   0x00003948   0x00000016   Code   RO          770    .text.IRQ060_Handler  hc32_ll_interrupts.o
    0x0000395e   0x0000395e   0x00000002   PAD
    0x00003960   0x00003960   0x00000016   Code   RO          772    .text.IRQ061_Handler  hc32_ll_interrupts.o
    0x00003976   0x00003976   0x00000002   PAD
    0x00003978   0x00003978   0x00000016   Code   RO          774    .text.IRQ062_Handler  hc32_ll_interrupts.o
    0x0000398e   0x0000398e   0x00000002   PAD
    0x00003990   0x00003990   0x00000016   Code   RO          776    .text.IRQ063_Handler  hc32_ll_interrupts.o
    0x000039a6   0x000039a6   0x00000002   PAD
    0x000039a8   0x000039a8   0x00000016   Code   RO          778    .text.IRQ064_Handler  hc32_ll_interrupts.o
    0x000039be   0x000039be   0x00000002   PAD
    0x000039c0   0x000039c0   0x00000016   Code   RO          780    .text.IRQ065_Handler  hc32_ll_interrupts.o
    0x000039d6   0x000039d6   0x00000002   PAD
    0x000039d8   0x000039d8   0x00000016   Code   RO          782    .text.IRQ066_Handler  hc32_ll_interrupts.o
    0x000039ee   0x000039ee   0x00000002   PAD
    0x000039f0   0x000039f0   0x00000016   Code   RO          784    .text.IRQ067_Handler  hc32_ll_interrupts.o
    0x00003a06   0x00003a06   0x00000002   PAD
    0x00003a08   0x00003a08   0x00000016   Code   RO          786    .text.IRQ068_Handler  hc32_ll_interrupts.o
    0x00003a1e   0x00003a1e   0x00000002   PAD
    0x00003a20   0x00003a20   0x00000016   Code   RO          788    .text.IRQ069_Handler  hc32_ll_interrupts.o
    0x00003a36   0x00003a36   0x00000002   PAD
    0x00003a38   0x00003a38   0x00000016   Code   RO          790    .text.IRQ070_Handler  hc32_ll_interrupts.o
    0x00003a4e   0x00003a4e   0x00000002   PAD
    0x00003a50   0x00003a50   0x00000016   Code   RO          792    .text.IRQ071_Handler  hc32_ll_interrupts.o
    0x00003a66   0x00003a66   0x00000002   PAD
    0x00003a68   0x00003a68   0x00000016   Code   RO          794    .text.IRQ072_Handler  hc32_ll_interrupts.o
    0x00003a7e   0x00003a7e   0x00000002   PAD
    0x00003a80   0x00003a80   0x00000016   Code   RO          796    .text.IRQ073_Handler  hc32_ll_interrupts.o
    0x00003a96   0x00003a96   0x00000002   PAD
    0x00003a98   0x00003a98   0x00000016   Code   RO          798    .text.IRQ074_Handler  hc32_ll_interrupts.o
    0x00003aae   0x00003aae   0x00000002   PAD
    0x00003ab0   0x00003ab0   0x00000016   Code   RO          800    .text.IRQ075_Handler  hc32_ll_interrupts.o
    0x00003ac6   0x00003ac6   0x00000002   PAD
    0x00003ac8   0x00003ac8   0x00000016   Code   RO          802    .text.IRQ076_Handler  hc32_ll_interrupts.o
    0x00003ade   0x00003ade   0x00000002   PAD
    0x00003ae0   0x00003ae0   0x00000016   Code   RO          804    .text.IRQ077_Handler  hc32_ll_interrupts.o
    0x00003af6   0x00003af6   0x00000002   PAD
    0x00003af8   0x00003af8   0x00000016   Code   RO          806    .text.IRQ078_Handler  hc32_ll_interrupts.o
    0x00003b0e   0x00003b0e   0x00000002   PAD
    0x00003b10   0x00003b10   0x00000016   Code   RO          808    .text.IRQ079_Handler  hc32_ll_interrupts.o
    0x00003b26   0x00003b26   0x00000002   PAD
    0x00003b28   0x00003b28   0x00000016   Code   RO          810    .text.IRQ080_Handler  hc32_ll_interrupts.o
    0x00003b3e   0x00003b3e   0x00000002   PAD
    0x00003b40   0x00003b40   0x00000016   Code   RO          812    .text.IRQ081_Handler  hc32_ll_interrupts.o
    0x00003b56   0x00003b56   0x00000002   PAD
    0x00003b58   0x00003b58   0x00000016   Code   RO          814    .text.IRQ082_Handler  hc32_ll_interrupts.o
    0x00003b6e   0x00003b6e   0x00000002   PAD
    0x00003b70   0x00003b70   0x00000016   Code   RO          816    .text.IRQ083_Handler  hc32_ll_interrupts.o
    0x00003b86   0x00003b86   0x00000002   PAD
    0x00003b88   0x00003b88   0x00000016   Code   RO          818    .text.IRQ084_Handler  hc32_ll_interrupts.o
    0x00003b9e   0x00003b9e   0x00000002   PAD
    0x00003ba0   0x00003ba0   0x00000016   Code   RO          820    .text.IRQ085_Handler  hc32_ll_interrupts.o
    0x00003bb6   0x00003bb6   0x00000002   PAD
    0x00003bb8   0x00003bb8   0x00000016   Code   RO          822    .text.IRQ086_Handler  hc32_ll_interrupts.o
    0x00003bce   0x00003bce   0x00000002   PAD
    0x00003bd0   0x00003bd0   0x00000016   Code   RO          824    .text.IRQ087_Handler  hc32_ll_interrupts.o
    0x00003be6   0x00003be6   0x00000002   PAD
    0x00003be8   0x00003be8   0x00000016   Code   RO          826    .text.IRQ088_Handler  hc32_ll_interrupts.o
    0x00003bfe   0x00003bfe   0x00000002   PAD
    0x00003c00   0x00003c00   0x00000016   Code   RO          828    .text.IRQ089_Handler  hc32_ll_interrupts.o
    0x00003c16   0x00003c16   0x00000002   PAD
    0x00003c18   0x00003c18   0x00000016   Code   RO          830    .text.IRQ090_Handler  hc32_ll_interrupts.o
    0x00003c2e   0x00003c2e   0x00000002   PAD
    0x00003c30   0x00003c30   0x00000016   Code   RO          832    .text.IRQ091_Handler  hc32_ll_interrupts.o
    0x00003c46   0x00003c46   0x00000002   PAD
    0x00003c48   0x00003c48   0x00000016   Code   RO          834    .text.IRQ092_Handler  hc32_ll_interrupts.o
    0x00003c5e   0x00003c5e   0x00000002   PAD
    0x00003c60   0x00003c60   0x00000016   Code   RO          836    .text.IRQ093_Handler  hc32_ll_interrupts.o
    0x00003c76   0x00003c76   0x00000002   PAD
    0x00003c78   0x00003c78   0x00000016   Code   RO          838    .text.IRQ094_Handler  hc32_ll_interrupts.o
    0x00003c8e   0x00003c8e   0x00000002   PAD
    0x00003c90   0x00003c90   0x00000016   Code   RO          840    .text.IRQ095_Handler  hc32_ll_interrupts.o
    0x00003ca6   0x00003ca6   0x00000002   PAD
    0x00003ca8   0x00003ca8   0x00000016   Code   RO          842    .text.IRQ096_Handler  hc32_ll_interrupts.o
    0x00003cbe   0x00003cbe   0x00000002   PAD
    0x00003cc0   0x00003cc0   0x00000016   Code   RO          844    .text.IRQ097_Handler  hc32_ll_interrupts.o
    0x00003cd6   0x00003cd6   0x00000002   PAD
    0x00003cd8   0x00003cd8   0x00000016   Code   RO          846    .text.IRQ098_Handler  hc32_ll_interrupts.o
    0x00003cee   0x00003cee   0x00000002   PAD
    0x00003cf0   0x00003cf0   0x00000016   Code   RO          848    .text.IRQ099_Handler  hc32_ll_interrupts.o
    0x00003d06   0x00003d06   0x00000002   PAD
    0x00003d08   0x00003d08   0x00000016   Code   RO          850    .text.IRQ100_Handler  hc32_ll_interrupts.o
    0x00003d1e   0x00003d1e   0x00000002   PAD
    0x00003d20   0x00003d20   0x00000016   Code   RO          852    .text.IRQ101_Handler  hc32_ll_interrupts.o
    0x00003d36   0x00003d36   0x00000002   PAD
    0x00003d38   0x00003d38   0x00000016   Code   RO          854    .text.IRQ102_Handler  hc32_ll_interrupts.o
    0x00003d4e   0x00003d4e   0x00000002   PAD
    0x00003d50   0x00003d50   0x00000016   Code   RO          856    .text.IRQ103_Handler  hc32_ll_interrupts.o
    0x00003d66   0x00003d66   0x00000002   PAD
    0x00003d68   0x00003d68   0x00000016   Code   RO          858    .text.IRQ104_Handler  hc32_ll_interrupts.o
    0x00003d7e   0x00003d7e   0x00000002   PAD
    0x00003d80   0x00003d80   0x00000016   Code   RO          860    .text.IRQ105_Handler  hc32_ll_interrupts.o
    0x00003d96   0x00003d96   0x00000002   PAD
    0x00003d98   0x00003d98   0x00000016   Code   RO          862    .text.IRQ106_Handler  hc32_ll_interrupts.o
    0x00003dae   0x00003dae   0x00000002   PAD
    0x00003db0   0x00003db0   0x00000016   Code   RO          864    .text.IRQ107_Handler  hc32_ll_interrupts.o
    0x00003dc6   0x00003dc6   0x00000002   PAD
    0x00003dc8   0x00003dc8   0x00000016   Code   RO          866    .text.IRQ108_Handler  hc32_ll_interrupts.o
    0x00003dde   0x00003dde   0x00000002   PAD
    0x00003de0   0x00003de0   0x00000016   Code   RO          868    .text.IRQ109_Handler  hc32_ll_interrupts.o
    0x00003df6   0x00003df6   0x00000002   PAD
    0x00003df8   0x00003df8   0x00000016   Code   RO          870    .text.IRQ110_Handler  hc32_ll_interrupts.o
    0x00003e0e   0x00003e0e   0x00000002   PAD
    0x00003e10   0x00003e10   0x00000016   Code   RO          872    .text.IRQ111_Handler  hc32_ll_interrupts.o
    0x00003e26   0x00003e26   0x00000002   PAD
    0x00003e28   0x00003e28   0x00000016   Code   RO          874    .text.IRQ112_Handler  hc32_ll_interrupts.o
    0x00003e3e   0x00003e3e   0x00000002   PAD
    0x00003e40   0x00003e40   0x00000016   Code   RO          876    .text.IRQ113_Handler  hc32_ll_interrupts.o
    0x00003e56   0x00003e56   0x00000002   PAD
    0x00003e58   0x00003e58   0x00000016   Code   RO          878    .text.IRQ114_Handler  hc32_ll_interrupts.o
    0x00003e6e   0x00003e6e   0x00000002   PAD
    0x00003e70   0x00003e70   0x00000016   Code   RO          880    .text.IRQ115_Handler  hc32_ll_interrupts.o
    0x00003e86   0x00003e86   0x00000002   PAD
    0x00003e88   0x00003e88   0x00000016   Code   RO          882    .text.IRQ116_Handler  hc32_ll_interrupts.o
    0x00003e9e   0x00003e9e   0x00000002   PAD
    0x00003ea0   0x00003ea0   0x00000016   Code   RO          884    .text.IRQ117_Handler  hc32_ll_interrupts.o
    0x00003eb6   0x00003eb6   0x00000002   PAD
    0x00003eb8   0x00003eb8   0x00000016   Code   RO          886    .text.IRQ118_Handler  hc32_ll_interrupts.o
    0x00003ece   0x00003ece   0x00000002   PAD
    0x00003ed0   0x00003ed0   0x00000016   Code   RO          888    .text.IRQ119_Handler  hc32_ll_interrupts.o
    0x00003ee6   0x00003ee6   0x00000002   PAD
    0x00003ee8   0x00003ee8   0x00000016   Code   RO          890    .text.IRQ120_Handler  hc32_ll_interrupts.o
    0x00003efe   0x00003efe   0x00000002   PAD
    0x00003f00   0x00003f00   0x00000016   Code   RO          892    .text.IRQ121_Handler  hc32_ll_interrupts.o
    0x00003f16   0x00003f16   0x00000002   PAD
    0x00003f18   0x00003f18   0x00000016   Code   RO          894    .text.IRQ122_Handler  hc32_ll_interrupts.o
    0x00003f2e   0x00003f2e   0x00000002   PAD
    0x00003f30   0x00003f30   0x00000016   Code   RO          896    .text.IRQ123_Handler  hc32_ll_interrupts.o
    0x00003f46   0x00003f46   0x00000002   PAD
    0x00003f48   0x00003f48   0x00000016   Code   RO          898    .text.IRQ124_Handler  hc32_ll_interrupts.o
    0x00003f5e   0x00003f5e   0x00000002   PAD
    0x00003f60   0x00003f60   0x00000016   Code   RO          900    .text.IRQ125_Handler  hc32_ll_interrupts.o
    0x00003f76   0x00003f76   0x00000002   PAD
    0x00003f78   0x00003f78   0x00000016   Code   RO          902    .text.IRQ126_Handler  hc32_ll_interrupts.o
    0x00003f8e   0x00003f8e   0x00000002   PAD
    0x00003f90   0x00003f90   0x00000016   Code   RO          904    .text.IRQ127_Handler  hc32_ll_interrupts.o
    0x00003fa6   0x00003fa6   0x00000002   PAD
    0x00003fa8   0x00003fa8   0x0000007c   Code   RO          189    .text.LL_PERIPH_WE  hc32_ll.o
    0x00004024   0x00004024   0x0000007c   Code   RO          199    .text.LL_PERIPH_WP  hc32_ll.o
    0x000040a0   0x000040a0   0x00000012   Code   RO          203    .text.PWC_FCG0_REG_Lock  hc32_ll.o
    0x000040b2   0x000040b2   0x00000002   PAD
    0x000040b4   0x000040b4   0x00000012   Code   RO          193    .text.PWC_FCG0_REG_Unlock  hc32_ll.o
    0x000040c6   0x000040c6   0x00000002   PAD
    0x000040c8   0x000040c8   0x00000054   Code   RO          985    .text.PWC_HighSpeedToHighPerformance  hc32_ll_pwc.o
    0x0000411c   0x0000411c   0x00000020   Code   RO          207    .text.PWC_REG_Lock  hc32_ll.o
    0x0000413c   0x0000413c   0x0000001c   Code   RO          197    .text.PWC_REG_Unlock  hc32_ll.o
    0x00004158   0x00004158   0x00000040   Code   RO          140    .text.RX_DMA_TC_IrqCallback  drv_uart_dma.o
    0x00004198   0x00004198   0x00000018   Code   RO          185    .text.SRAM_REG_Lock  hc32_ll.o
    0x000041b0   0x000041b0   0x00000018   Code   RO          187    .text.SRAM_REG_Unlock  hc32_ll.o
    0x000041c8   0x000041c8   0x00000110   Code   RO         1065    .text.SRAM_SetWaitCycle  hc32_ll_sram.o
    0x000042d8   0x000042d8   0x00000496   Code   RO          300    .text.SetSysClockDiv  hc32_ll_clk.o
    0x0000476e   0x0000476e   0x00000002   PAD
    0x00004770   0x00004770   0x0000019a   Code   RO          288    .text.SetSysClockSrc  hc32_ll_clk.o
    0x0000490a   0x0000490a   0x00000002   PAD
    0x0000490c   0x0000490c   0x000002ce   Code   RO         1203    .text.SmartCard_CalculateBrr  hc32_ll_usart.o
    0x00004bda   0x00004bda   0x00000002   PAD
    0x00004bdc   0x00004bdc   0x00000052   Code   RO         1238    .text.SysTick_Config  hc32_ll_utility.o
    0x00004c2e   0x00004c2e   0x00000002   PAD
    0x00004c30   0x00004c30   0x0000000c   Code   RO         1242    .text.SysTick_GetTick  hc32_ll_utility.o
    0x00004c3c   0x00004c3c   0x0000000c   Code   RO           80    .text.SysTick_Handler  board.o
    0x00004c48   0x00004c48   0x0000001a   Code   RO         1244    .text.SysTick_IncTick  hc32_ll_utility.o
    0x00004c62   0x00004c62   0x00000002   PAD
    0x00004c64   0x00004c64   0x00000066   Code   RO         1236    .text.SysTick_Init  hc32_ll_utility.o
    0x00004cca   0x00004cca   0x00000002   PAD
    0x00004ccc   0x00004ccc   0x0000012e   Code   RO           13    .text.SystemCoreClockUpdate  system_hc32f460.o
    0x00004dfa   0x00004dfa   0x00000002   PAD
    0x00004dfc   0x00004dfc   0x00000014   Code   RO           11    .text.SystemInit    system_hc32f460.o
    0x00004e10   0x00004e10   0x000000c4   Code   RO          126    .text.TMR0_Config   drv_uart_dma.o
    0x00004ed4   0x00004ed4   0x000000ce   Code   RO         1113    .text.TMR0_HWClearCondCmd  hc32_ll_tmr0.o
    0x00004fa2   0x00004fa2   0x00000002   PAD
    0x00004fa4   0x00004fa4   0x000000ce   Code   RO         1109    .text.TMR0_HWStartCondCmd  hc32_ll_tmr0.o
    0x00005072   0x00005072   0x00000002   PAD
    0x00005074   0x00005074   0x000001c6   Code   RO         1085    .text.TMR0_Init     hc32_ll_tmr0.o
    0x0000523a   0x0000523a   0x00000002   PAD
    0x0000523c   0x0000523c   0x00000034   Code   RO          142    .text.TX_DMA_TC_IrqCallback  drv_uart_dma.o
    0x00005270   0x00005270   0x000002a8   Code   RO         1201    .text.UART_CalculateBrr  hc32_ll_usart.o
    0x00005518   0x00005518   0x000000c8   Code   RO         1155    .text.USART_ClearStatus  hc32_ll_usart.o
    0x000055e0   0x000055e0   0x000000ec   Code   RO         1149    .text.USART_FuncCmd  hc32_ll_usart.o
    0x000056cc   0x000056cc   0x00000026   Code   RO         1221    .text.USART_GetBusClockFreq  hc32_ll_usart.o
    0x000056f2   0x000056f2   0x00000002   PAD
    0x000056f4   0x000056f4   0x00000086   Code   RO         1199    .text.USART_GetUsartClockFreq  hc32_ll_usart.o
    0x0000577a   0x0000577a   0x00000002   PAD
    0x0000577c   0x0000577c   0x00000066   Code   RO         1193    .text.USART_ReadData  hc32_ll_usart.o
    0x000057e2   0x000057e2   0x00000002   PAD
    0x000057e4   0x000057e4   0x0000001e   Code   RO          136    .text.USART_RxError_IrqCallback  drv_uart_dma.o
    0x00005802   0x00005802   0x00000002   PAD
    0x00005804   0x00005804   0x00000060   Code   RO          138    .text.USART_RxTimeout_IrqCallback  drv_uart_dma.o
    0x00005864   0x00005864   0x00000146   Code   RO         1133    .text.USART_SetBaudrate  hc32_ll_usart.o
    0x000059aa   0x000059aa   0x00000002   PAD
    0x000059ac   0x000059ac   0x0000005c   Code   RO          146    .text.USART_StopTimeoutTimer  drv_uart_dma.o
    0x00005a08   0x00005a08   0x00000026   Code   RO          128    .text.USART_TxComplete_IrqCallback  drv_uart_dma.o
    0x00005a2e   0x00005a2e   0x00000002   PAD
    0x00005a30   0x00005a30   0x000002aa   Code   RO         1141    .text.USART_UART_Init  hc32_ll_usart.o
    0x00005cda   0x00005cda   0x00000002   PAD
    0x00005cdc   0x00005cdc   0x00000056   Code   RO         1139    .text.USART_UART_StructInit  hc32_ll_usart.o
    0x00005d32   0x00005d32   0x00000002   PAD
    0x00005d34   0x00005d34   0x0000001c   Code   RO           55    .text.UartFrame_Process  app.o
    0x00005d50   0x00005d50   0x00000030   Code   RO          130    .text.__NVIC_ClearPendingIRQ  drv_uart_dma.o
    0x00005d80   0x00005d80   0x00000030   Code   RO          134    .text.__NVIC_EnableIRQ  drv_uart_dma.o
    0x00005db0   0x00005db0   0x00000042   Code   RO          132    .text.__NVIC_SetPriority  drv_uart_dma.o
    0x00005df2   0x00005df2   0x00000002   PAD
    0x00005df4   0x00005df4   0x00000042   Code   RO         1252    .text.__NVIC_SetPriority  hc32_ll_utility.o
    0x00005e36   0x00005e36   0x00000002   PAD
    0x00005e38   0x00005e38   0x0000001c   Code   RO           31    .text.main          main.o
    0x00005e54   0x00005e54   0x0000000e   Code   RO         1363    i.__scatterload_copy  mc_w.l(handlers.o)
    0x00005e62   0x00005e62   0x00000002   Code   RO         1364    i.__scatterload_null  mc_w.l(handlers.o)
    0x00005e64   0x00005e64   0x0000000e   Code   RO         1365    i.__scatterload_zeroinit  mc_w.l(handlers.o)
    0x00005e72   0x00005e72   0x0000003b   Data   RO          220    .rodata.str1.1      hc32_ll_aos.o
    0x00005ead   0x00005ead   0x0000003b   Data   RO          312    .rodata.str1.1      hc32_ll_clk.o
    0x00005ee8   0x00005ee8   0x0000003b   Data   RO          420    .rodata.str1.1      hc32_ll_dma.o
    0x00005f23   0x00005f23   0x0000003b   Data   RO          499    .rodata.str1.1      hc32_ll_efm.o
    0x00005f5e   0x00005f5e   0x0000003b   Data   RO          515    .rodata.str1.1      hc32_ll_fcg.o
    0x00005f99   0x00005f99   0x0000003c   Data   RO          597    .rodata.str1.1      hc32_ll_gpio.o
    0x00005fd5   0x00005fd5   0x00000042   Data   RO          906    .rodata.str1.1      hc32_ll_interrupts.o
    0x00006017   0x00006017   0x0000003b   Data   RO         1046    .rodata.str1.1      hc32_ll_pwc.o
    0x00006052   0x00006052   0x0000003c   Data   RO         1075    .rodata.str1.1      hc32_ll_sram.o
    0x0000608e   0x0000608e   0x0000003c   Data   RO         1121    .rodata.str1.1      hc32_ll_tmr0.o
    0x000060ca   0x000060ca   0x0000003d   Data   RO         1223    .rodata.str1.1      hc32_ll_usart.o
    0x00006107   0x00006107   0x00000001   PAD
    0x00006108   0x00006108   0x00000020   Data   RO         1362    Region$$Table       anon$$obj.o


    Execution Region RW_IRAM1 (Exec base: 0x1fff8000, Load base: 0x00006128, Size: 0x00000008, Max: 0x00000008, ABSOLUTE, UNINIT)

    Exec Addr    Load Addr    Size         Type   Attr      Idx    E Section Name        Object

    0x1fff8000        -       0x00000008   Zero   RW           15    .bss.noinit         system_hc32f460.o


    Execution Region RW_IRAM2 (Exec base: 0x1fff8008, Load base: 0x00006128, Size: 0x00002438, Max: 0x0002eff8, ABSOLUTE)

    Exec Addr    Load Addr    Size         Type   Attr      Idx    E Section Name        Object

    0x1fff8008   0x00006128   0x00000006   Data   RW           58    .data.m_au8HeartbeatMsg  app.o
    0x1fff800e   0x0000612e   0x00000002   PAD
    0x1fff8010        -       0x00000001   Zero   RW          421    .bss.DMA_ChCmd.u8DmaChEnState  hc32_ll_dma.o
    0x1fff8011   0x0000612e   0x00000003   PAD
    0x1fff8014        -       0x00000020   Zero   RW          152    .bss.DMA_Config.stcLlpDesc  drv_uart_dma.o
    0x1fff8034        -       0x00000004   Zero   RW           57    .bss.Heartbeat_Process.u32LastTick  app.o
    0x1fff8038        -       0x00000200   Zero   RW          907    .bss.m_apfnIrqHandler  hc32_ll_interrupts.o
    0x1fff8238        -       0x000001f4   Zero   RW          151    .bss.m_au8RxBuf     drv_uart_dma.o
    0x1fff842c        -       0x00000001   Zero   RW          149    .bss.m_enRxFrameEnd  drv_uart_dma.o
    0x1fff842d        -       0x00000001   Zero   RW          148    .bss.m_enTxBusy     drv_uart_dma.o
    0x1fff842e        -       0x00000002   Zero   RW          150    .bss.m_u16RxLen     drv_uart_dma.o
    0x1fff8430        -       0x00000004   Zero   RW         1308    .bss.m_u32GlobalKey  ev_hc32f460_lqfp100_v2.o
    0x1fff8434        -       0x00000004   Zero   RW         1255    .bss.m_u32TickCount  hc32_ll_utility.o
    0x1fff8438        -       0x00000004   Zero   RW         1254    .bss.m_u32TickStep  hc32_ll_utility.o
    0x1fff843c   0x0000612e   0x00000004   PAD
    0x1fff8440        -       0x00002000   Zero   RW            1    STACK               startup_hc32f460.o


    Execution Region RW_IRAMB (Exec base: 0x200f0000, Load base: 0x00006130, Size: 0x00000000, Max: 0x00001000, ABSOLUTE)

    **** No section assigned to this execution region ****


==============================================================================

Image component sizes


      Code (inc. data)   RO Data    RW Data    ZI Data      Debug   Object Name

       128          0          0          6          4       2350   app.o
        56          0          0          0          0       2041   board.o
        50          0          0          0          0       2097   drv_led.o
      1994          0          0          0        536      27075   drv_uart_dma.o
       306          0          0          0          4      19277   ev_hc32f460_lqfp100_v2.o
       460          0          0          0          0       8777   hc32_ll.o
        94          0         59          0          0       8725   hc32_ll_aos.o
      3812          0         59          0          0      14795   hc32_ll_clk.o
      3420          0         59          0          1      15035   hc32_ll_dma.o
       418          0         59          0          0      12777   hc32_ll_efm.o
       476          0         59          0          0       2692   hc32_ll_fcg.o
      1982          0         60          0          0      14041   hc32_ll_gpio.o
         0          0         32          0          0        642   hc32_ll_icg.o
      3076          0         66          0        512      31168   hc32_ll_interrupts.o
        84          0         59          0          0      36757   hc32_ll_pwc.o
       272          0         60          0          0       2612   hc32_ll_sram.o
       866          0         60          0          0       4991   hc32_ll_tmr0.o
      3770          0         61          0          0      15920   hc32_ll_usart.o
       390          0          0          0          8       7837   hc32_ll_utility.o
        28          0          0          0          0       1688   main.o
       100         24        640          0       8192        860   startup_hc32f460.o
       322          6          0          0          8       3141   system_hc32f460.o

    ----------------------------------------------------------------------
     22412         30       1366          8       9272     235298   Object Totals
         0          0         32          0          0          0   (incl. Generated)
       308          0          1          2          7          0   (incl. Padding)

    ----------------------------------------------------------------------

      Code (inc. data)   RO Data    RW Data    ZI Data      Debug   Library Member Name

         0          0          0          0          0          0   entry.o
         0          0          0          0          0          0   entry10a.o
         0          0          0          0          0          0   entry11a.o
         8          4          0          0          0          0   entry2.o
         4          0          0          0          0          0   entry5.o
         0          0          0          0          0          0   entry7b.o
         0          0          0          0          0          0   entry8b.o
         8          4          0          0          0          0   entry9a.o
        30          0          0          0          0          0   handlers.o
        48         10          0          0          0         68   init.o
         0          0          0          0          0          0   iusefp.o
        30          0          0          0          0         68   llshl.o
        32          0          0          0          0         68   llushr.o
        36          0          0          0          0         68   memcpya.o
        98          0          0          0          0         92   uldiv.o
        56          0          0          0          0         88   d2f.o
       222          0          0          0          0        100   ddiv.o
       186          0          0          0          0        176   depilogue.o
        26          0          0          0          0         76   dfltui.o
        24          0          0          0          0         76   dfltul.o
       176          0          0          0          0        140   fadd.o
       110          0          0          0          0        168   fepilogue.o

    ----------------------------------------------------------------------
      1094         18          0          0          0       1188   Library Totals
         0          0          0          0          0          0   (incl. Padding)

    ----------------------------------------------------------------------

      Code (inc. data)   RO Data    RW Data    ZI Data      Debug   Library Name

       294         18          0          0          0        364   mc_w.l
       800          0          0          0          0        824   mf_w.l

    ----------------------------------------------------------------------
      1094         18          0          0          0       1188   Library Totals

    ----------------------------------------------------------------------

==============================================================================


      Code (inc. data)   RO Data    RW Data    ZI Data      Debug   

     23506         48       1366          8       9272     235738   Grand Totals
     23506         48       1366          8       9272     235738   ELF Image Totals
     23506         48       1366          8          0          0   ROM Totals

==============================================================================

    Total RO  Size (Code + RO Data)                24872 (  24.29kB)
    Total RW  Size (RW Data + ZI Data)              9280 (   9.06kB)
    Total ROM Size (Code + RO Data + RW Data)      24880 (  24.30kB)

==============================================================================

