<html>
<body>
<pre>
<h1>µVision Build Log</h1>
<h2>Tool Versions:</h2>
IDE-Version: ¦ÌVision V5.43.1.0
Copyright (C) 2025 ARM Ltd and ARM Germany GmbH. All rights reserved.
License Information: 11 2637336491@qq.com, 1, LIC=MPPLD-8XWFN-74HS0-BLAW1-URX7W-CTX2G
 
Tool Versions:
Toolchain:       MDK-ARM Plus  Version: 5.43.0.0
Toolchain Path:  C:\Users\26373\AppData\Local\Keil_v5\ARM\ARMCLANG\Bin
C Compiler:      ArmClang.exe V6.24
Assembler:       Armasm.exe V6.24
Linker/Locator:  ArmLink.exe V6.24
Library Manager: ArmAr.exe V6.24
Hex Converter:   FromElf.exe V6.24
CPU DLL:         SARMCM3.DLL V5.43.0.0
Dialog DLL:      DCM.DLL V1.17.5.0
Target DLL:      UL2CM3.DLL V1.164.16.0
Dialog DLL:      TCM.DLL V1.56.6.0
 
<h2>Project:</h2>
C:\Users\26373\Desktop\work\HC32F460_DDL_Rev3.3.0\projects\ev_hc32f460_lqfp100_v2\examples\usart\power-new\MDK\power_new.uvprojx
Project File Date:  05/13/2026

<h2>Output:</h2>
*** Using Compiler 'V6.24', folder: 'C:\Users\26373\AppData\Local\Keil_v5\ARM\ARMCLANG\Bin'
Build target 'power_new_Debug'
assembling startup_hc32f460.s...
compiling system_hc32f460.c...
../source/main.c(191): warning: passing 'const uint8_t *' (aka 'const unsigned char *') to parameter of type 'uint8_t *' (aka 'unsigned char *') discards qualifiers [-Wincompatible-pointer-types-discards-qualifiers]
  191 |     (void)BUF_Write(&m_stcTxRingBuf, pu8Data, u32Len);
      |                                      ^~~~~~~
../source\ring_buf.h(95): note: passing argument to parameter 'au8Data' here
   95 | uint32_t BUF_Write(stc_ring_buf_t *pstcBuf, uint8_t au8Data[], uint32_t u32Len);
      |                                                     ^
1 warning generated.
compiling main.c...
compiling ring_buf.c...
compiling hc32_ll.c...
compiling hc32_ll_clk.c...
compiling hc32_ll_fcg.c...
compiling hc32_ll_efm.c...
compiling hc32_ll_fcm.c...
compiling hc32_ll_gpio.c...
compiling hc32_ll_icg.c...
compiling hc32_ll_keyscan.c...
compiling hc32_ll_interrupts.c...
compiling hc32_ll_pwc.c...
compiling hc32_ll_sram.c...
compiling hc32_ll_usart.c...
compiling hc32_ll_utility.c...
compiling ev_hc32f460_lqfp100_v2.c...
linking...
Program Size: Code=18218 RO-data=1090 RW-data=4 ZI-data=9516  
FromELF: creating hex file...
".\output\debug\power_new.axf" - 0 Error(s), 1 Warning(s).

<h2>Software Packages used:</h2>

Package Vendor: HDSC
                https://raw.githubusercontent.com/hdscmcu/pack/master/HDSC.HC32F460.1.0.12.pack
                HDSC::HC32F460@1.0.12
                HC32F460 ARM Cortex-M4 Device Family Pack

<h2>Collection of Component include folders:</h2>
  C:/Users/26373/AppData/Local/Arm/Packs/HDSC/HC32F460/1.0.12/Device/Include

<h2>Collection of Component Files used:</h2>
Build Time Elapsed:  00:00:01
</pre>
</body>
</html>
